  Identification des projets ├á restaurer...
  Tous les projets sont ├á jour pour la restauration.
  Management.Domain -> C:\Users\techbox\.gemini\antigravity\ManagementBackup1234\Management.Domain\bin\Debug\net8.0\Management.Domain.dll
  Management.Application -> C:\Users\techbox\.gemini\antigravity\ManagementBackup1234\Management.Application\bin\Debug\net8.0\Management.Application.dll
C:\Program Files\dotnet\sdk\10.0.101\Microsoft.Common.CurrentVersion.targets(2437,5): warning MSB3246: Le fichier r├®solu a une image incorrecte, ne comporte pas de m├®tadonn├®es ou n'est pas accessible. PE image does not have metadata. PE image does not have metadata. [C:\Users\techbox\.gemini\antigravity\ManagementBackup1234\Management.Infrastructure\Management.Infrastructure.csproj]
C:\Program Files\dotnet\sdk\10.0.101\Microsoft.Common.CurrentVersion.targets(2437,5): warning MSB3246: Le fichier r├®solu a une image incorrecte, ne comporte pas de m├®tadonn├®es ou n'est pas accessible. PE image does not have metadata. PE image does not have metadata. [C:\Users\techbox\.gemini\antigravity\ManagementBackup1234\Management.Infrastructure\Management.Infrastructure.csproj]
C:\Program Files\dotnet\sdk\10.0.101\Microsoft.Common.CurrentVersion.targets(2437,5): warning MSB3246: Le fichier r├®solu a une image incorrecte, ne comporte pas de m├®tadonn├®es ou n'est pas accessible. PE image does not have metadata. PE image does not have metadata. [C:\Users\techbox\.gemini\antigravity\ManagementBackup1234\Management.Infrastructure\Management.Infrastructure.csproj]
C:\Program Files\dotnet\sdk\10.0.101\Microsoft.Common.CurrentVersion.targets(2437,5): warning MSB3246: Le fichier r├®solu a une image incorrecte, ne comporte pas de m├®tadonn├®es ou n'est pas accessible. PE image does not have metadata. PE image does not have metadata. [C:\Users\techbox\.gemini\antigravity\ManagementBackup1234\Management.Infrastructure\Management.Infrastructure.csproj]
C:\Program Files\dotnet\sdk\10.0.101\Microsoft.Common.CurrentVersion.targets(2437,5): warning MSB3246: Le fichier r├®solu a une image incorrecte, ne comporte pas de m├®tadonn├®es ou n'est pas accessible. PE image does not have metadata. PE image does not have metadata. [C:\Users\techbox\.gemini\antigravity\ManagementBackup1234\Management.Infrastructure\Management.Infrastructure.csproj]
C:\Program Files\dotnet\sdk\10.0.101\Microsoft.Common.CurrentVersion.targets(2437,5): warning MSB3246: Le fichier r├®solu a une image incorrecte, ne comporte pas de m├®tadonn├®es ou n'est pas accessible. PE image does not have metadata. PE image does not have metadata. [C:\Users\techbox\.gemini\antigravity\ManagementBackup1234\Management.Infrastructure\Management.Infrastructure.csproj]
C:\Program Files\dotnet\sdk\10.0.101\Microsoft.Common.CurrentVersion.targets(2437,5): warning MSB3246: Le fichier r├®solu a une image incorrecte, ne comporte pas de m├®tadonn├®es ou n'est pas accessible. PE image does not have metadata. PE image does not have metadata. [C:\Users\techbox\.gemini\antigravity\ManagementBackup1234\Management.Infrastructure\Management.Infrastructure.csproj]
C:\Program Files\dotnet\sdk\10.0.101\Microsoft.Common.CurrentVersion.targets(2437,5): warning MSB3246: Le fichier r├®solu a une image incorrecte, ne comporte pas de m├®tadonn├®es ou n'est pas accessible. PE image does not have metadata. PE image does not have metadata. [C:\Users\techbox\.gemini\antigravity\ManagementBackup1234\Management.Infrastructure\Management.Infrastructure.csproj]
C:\Program Files\dotnet\sdk\10.0.101\Microsoft.Common.CurrentVersion.targets(2437,5): warning MSB3246: Le fichier r├®solu a une image incorrecte, ne comporte pas de m├®tadonn├®es ou n'est pas accessible. PE image does not have metadata. PE image does not have metadata. [C:\Users\techbox\.gemini\antigravity\ManagementBackup1234\Management.Infrastructure\Management.Infrastructure.csproj]
C:\Program Files\dotnet\sdk\10.0.101\Microsoft.Common.CurrentVersion.targets(2437,5): warning MSB3246: Le fichier r├®solu a une image incorrecte, ne comporte pas de m├®tadonn├®es ou n'est pas accessible. PE image does not have metadata. PE image does not have metadata. [C:\Users\techbox\.gemini\antigravity\ManagementBackup1234\Management.Infrastructure\Management.Infrastructure.csproj]
C:\Program Files\dotnet\sdk\10.0.101\Microsoft.Common.CurrentVersion.targets(2437,5): warning MSB3246: Le fichier r├®solu a une image incorrecte, ne comporte pas de m├®tadonn├®es ou n'est pas accessible. PE image does not have metadata. PE image does not have metadata. [C:\Users\techbox\.gemini\antigravity\ManagementBackup1234\Management.Infrastructure\Management.Infrastructure.csproj]
C:\Program Files\dotnet\sdk\10.0.101\Microsoft.Common.CurrentVersion.targets(2437,5): warning MSB3246: Le fichier r├®solu a une image incorrecte, ne comporte pas de m├®tadonn├®es ou n'est pas accessible. PE image does not have metadata. PE image does not have metadata. [C:\Users\techbox\.gemini\antigravity\ManagementBackup1234\Management.Infrastructure\Management.Infrastructure.csproj]
C:\Program Files\dotnet\sdk\10.0.101\Microsoft.Common.CurrentVersion.targets(2437,5): warning MSB3246: Le fichier r├®solu a une image incorrecte, ne comporte pas de m├®tadonn├®es ou n'est pas accessible. PE image does not have metadata. PE image does not have metadata. [C:\Users\techbox\.gemini\antigravity\ManagementBackup1234\Management.Infrastructure\Management.Infrastructure.csproj]
C:\Program Files\dotnet\sdk\10.0.101\Microsoft.Common.CurrentVersion.targets(2437,5): warning MSB3246: Le fichier r├®solu a une image incorrecte, ne comporte pas de m├®tadonn├®es ou n'est pas accessible. PE image does not have metadata. PE image does not have metadata. [C:\Users\techbox\.gemini\antigravity\ManagementBackup1234\Management.Infrastructure\Management.Infrastructure.csproj]
C:\Program Files\dotnet\sdk\10.0.101\Microsoft.Common.CurrentVersion.targets(2437,5): warning MSB3246: Le fichier r├®solu a une image incorrecte, ne comporte pas de m├®tadonn├®es ou n'est pas accessible. PE image does not have metadata. PE image does not have metadata. [C:\Users\techbox\.gemini\antigravity\ManagementBackup1234\Management.Infrastructure\Management.Infrastructure.csproj]
  Management.Infrastructure -> C:\Users\techbox\.gemini\antigravity\ManagementBackup1234\Management.Infrastructure\bin\Debug\net8.0-windows\Management.Infrastructure.dll
C:\Program Files\dotnet\sdk\10.0.101\Microsoft.Common.CurrentVersion.targets(2437,5): warning MSB3246: Le fichier r├®solu a une image incorrecte, ne comporte pas de m├®tadonn├®es ou n'est pas accessible. PE image does not have metadata. PE image does not have metadata. [C:\Users\techbox\.gemini\antigravity\ManagementBackup1234\Management.Presentation\Management.Presentation.csproj]
C:\Program Files\dotnet\sdk\10.0.101\Microsoft.Common.CurrentVersion.targets(2437,5): warning MSB3246: Le fichier r├®solu a une image incorrecte, ne comporte pas de m├®tadonn├®es ou n'est pas accessible. PE image does not have metadata. PE image does not have metadata. [C:\Users\techbox\.gemini\antigravity\ManagementBackup1234\Management.Presentation\Management.Presentation.csproj]
C:\Program Files\dotnet\sdk\10.0.101\Microsoft.Common.CurrentVersion.targets(2437,5): warning MSB3246: Le fichier r├®solu a une image incorrecte, ne comporte pas de m├®tadonn├®es ou n'est pas accessible. PE image does not have metadata. PE image does not have metadata. [C:\Users\techbox\.gemini\antigravity\ManagementBackup1234\Management.Presentation\Management.Presentation.csproj]
C:\Program Files\dotnet\sdk\10.0.101\Microsoft.Common.CurrentVersion.targets(2437,5): warning MSB3246: Le fichier r├®solu a une image incorrecte, ne comporte pas de m├®tadonn├®es ou n'est pas accessible. PE image does not have metadata. PE image does not have metadata. [C:\Users\techbox\.gemini\antigravity\ManagementBackup1234\Management.Presentation\Management.Presentation.csproj]
C:\Program Files\dotnet\sdk\10.0.101\Microsoft.Common.CurrentVersion.targets(2437,5): warning MSB3246: Le fichier r├®solu a une image incorrecte, ne comporte pas de m├®tadonn├®es ou n'est pas accessible. PE image does not have metadata. PE image does not have metadata. [C:\Users\techbox\.gemini\antigravity\ManagementBackup1234\Management.Presentation\Management.Presentation.csproj]
C:\Program Files\dotnet\sdk\10.0.101\Microsoft.Common.CurrentVersion.targets(2437,5): warning MSB3246: Le fichier r├®solu a une image incorrecte, ne comporte pas de m├®tadonn├®es ou n'est pas accessible. PE image does not have metadata. PE image does not have metadata. [C:\Users\techbox\.gemini\antigravity\ManagementBackup1234\Management.Presentation\Management.Presentation.csproj]
C:\Program Files\dotnet\sdk\10.0.101\Microsoft.Common.CurrentVersion.targets(2437,5): warning MSB3246: Le fichier r├®solu a une image incorrecte, ne comporte pas de m├®tadonn├®es ou n'est pas accessible. PE image does not have metadata. PE image does not have metadata. [C:\Users\techbox\.gemini\antigravity\ManagementBackup1234\Management.Presentation\Management.Presentation.csproj]
C:\Program Files\dotnet\sdk\10.0.101\Microsoft.Common.CurrentVersion.targets(2437,5): warning MSB3246: Le fichier r├®solu a une image incorrecte, ne comporte pas de m├®tadonn├®es ou n'est pas accessible. PE image does not have metadata. PE image does not have metadata. [C:\Users\techbox\.gemini\antigravity\ManagementBackup1234\Management.Presentation\Management.Presentation.csproj]
C:\Program Files\dotnet\sdk\10.0.101\Microsoft.Common.CurrentVersion.targets(2437,5): warning MSB3246: Le fichier r├®solu a une image incorrecte, ne comporte pas de m├®tadonn├®es ou n'est pas accessible. PE image does not have metadata. PE image does not have metadata. [C:\Users\techbox\.gemini\antigravity\ManagementBackup1234\Management.Presentation\Management.Presentation.csproj]
C:\Program Files\dotnet\sdk\10.0.101\Microsoft.Common.CurrentVersion.targets(2437,5): warning MSB3246: Le fichier r├®solu a une image incorrecte, ne comporte pas de m├®tadonn├®es ou n'est pas accessible. PE image does not have metadata. PE image does not have metadata. [C:\Users\techbox\.gemini\antigravity\ManagementBackup1234\Management.Presentation\Management.Presentation.csproj]
C:\Program Files\dotnet\sdk\10.0.101\Microsoft.Common.CurrentVersion.targets(2437,5): warning MSB3246: Le fichier r├®solu a une image incorrecte, ne comporte pas de m├®tadonn├®es ou n'est pas accessible. PE image does not have metadata. PE image does not have metadata. [C:\Users\techbox\.gemini\antigravity\ManagementBackup1234\Management.Presentation\Management.Presentation.csproj]
C:\Program Files\dotnet\sdk\10.0.101\Microsoft.Common.CurrentVersion.targets(2437,5): warning MSB3246: Le fichier r├®solu a une image incorrecte, ne comporte pas de m├®tadonn├®es ou n'est pas accessible. PE image does not have metadata. PE image does not have metadata. [C:\Users\techbox\.gemini\antigravity\ManagementBackup1234\Management.Presentation\Management.Presentation.csproj]
C:\Program Files\dotnet\sdk\10.0.101\Microsoft.Common.CurrentVersion.targets(2437,5): warning MSB3246: Le fichier r├®solu a une image incorrecte, ne comporte pas de m├®tadonn├®es ou n'est pas accessible. PE image does not have metadata. PE image does not have metadata. [C:\Users\techbox\.gemini\antigravity\ManagementBackup1234\Management.Presentation\Management.Presentation.csproj]
C:\Program Files\dotnet\sdk\10.0.101\Microsoft.Common.CurrentVersion.targets(2437,5): warning MSB3246: Le fichier r├®solu a une image incorrecte, ne comporte pas de m├®tadonn├®es ou n'est pas accessible. PE image does not have metadata. PE image does not have metadata. [C:\Users\techbox\.gemini\antigravity\ManagementBackup1234\Management.Presentation\Management.Presentation.csproj]
C:\Program Files\dotnet\sdk\10.0.101\Microsoft.Common.CurrentVersion.targets(2437,5): warning MSB3246: Le fichier r├®solu a une image incorrecte, ne comporte pas de m├®tadonn├®es ou n'est pas accessible. PE image does not have metadata. PE image does not have metadata. [C:\Users\techbox\.gemini\antigravity\ManagementBackup1234\Management.Presentation\Management.Presentation.csproj]
  Management.Presentation -> C:\Users\techbox\.gemini\antigravity\ManagementBackup1234\Management.Presentation\bin\Debug\net8.0-windows\Luxurya.Client.dll
C:\Program Files\dotnet\sdk\10.0.101\Microsoft.Common.CurrentVersion.targets(2437,5): warning MSB3246: Le fichier r├®solu a une image incorrecte, ne comporte pas de m├®tadonn├®es ou n'est pas accessible. PE image does not have metadata. PE image does not have metadata. [C:\Users\techbox\.gemini\antigravity\ManagementBackup1234\Management.Tests\Management.Tests.csproj]
C:\Program Files\dotnet\sdk\10.0.101\Microsoft.Common.CurrentVersion.targets(2437,5): warning MSB3246: Le fichier r├®solu a une image incorrecte, ne comporte pas de m├®tadonn├®es ou n'est pas accessible. PE image does not have metadata. PE image does not have metadata. [C:\Users\techbox\.gemini\antigravity\ManagementBackup1234\Management.Tests\Management.Tests.csproj]
C:\Program Files\dotnet\sdk\10.0.101\Microsoft.Common.CurrentVersion.targets(2437,5): warning MSB3246: Le fichier r├®solu a une image incorrecte, ne comporte pas de m├®tadonn├®es ou n'est pas accessible. PE image does not have metadata. PE image does not have metadata. [C:\Users\techbox\.gemini\antigravity\ManagementBackup1234\Management.Tests\Management.Tests.csproj]
C:\Program Files\dotnet\sdk\10.0.101\Microsoft.Common.CurrentVersion.targets(2437,5): warning MSB3246: Le fichier r├®solu a une image incorrecte, ne comporte pas de m├®tadonn├®es ou n'est pas accessible. PE image does not have metadata. PE image does not have metadata. [C:\Users\techbox\.gemini\antigravity\ManagementBackup1234\Management.Tests\Management.Tests.csproj]
C:\Program Files\dotnet\sdk\10.0.101\Microsoft.Common.CurrentVersion.targets(2437,5): warning MSB3246: Le fichier r├®solu a une image incorrecte, ne comporte pas de m├®tadonn├®es ou n'est pas accessible. PE image does not have metadata. PE image does not have metadata. [C:\Users\techbox\.gemini\antigravity\ManagementBackup1234\Management.Tests\Management.Tests.csproj]
C:\Program Files\dotnet\sdk\10.0.101\Microsoft.Common.CurrentVersion.targets(2437,5): warning MSB3246: Le fichier r├®solu a une image incorrecte, ne comporte pas de m├®tadonn├®es ou n'est pas accessible. PE image does not have metadata. PE image does not have metadata. [C:\Users\techbox\.gemini\antigravity\ManagementBackup1234\Management.Tests\Management.Tests.csproj]
C:\Program Files\dotnet\sdk\10.0.101\Microsoft.Common.CurrentVersion.targets(2437,5): warning MSB3246: Le fichier r├®solu a une image incorrecte, ne comporte pas de m├®tadonn├®es ou n'est pas accessible. PE image does not have metadata. PE image does not have metadata. [C:\Users\techbox\.gemini\antigravity\ManagementBackup1234\Management.Tests\Management.Tests.csproj]
C:\Program Files\dotnet\sdk\10.0.101\Microsoft.Common.CurrentVersion.targets(2437,5): warning MSB3246: Le fichier r├®solu a une image incorrecte, ne comporte pas de m├®tadonn├®es ou n'est pas accessible. PE image does not have metadata. PE image does not have metadata. [C:\Users\techbox\.gemini\antigravity\ManagementBackup1234\Management.Tests\Management.Tests.csproj]
C:\Program Files\dotnet\sdk\10.0.101\Microsoft.Common.CurrentVersion.targets(2437,5): warning MSB3246: Le fichier r├®solu a une image incorrecte, ne comporte pas de m├®tadonn├®es ou n'est pas accessible. PE image does not have metadata. PE image does not have metadata. [C:\Users\techbox\.gemini\antigravity\ManagementBackup1234\Management.Tests\Management.Tests.csproj]
C:\Program Files\dotnet\sdk\10.0.101\Microsoft.Common.CurrentVersion.targets(2437,5): warning MSB3246: Le fichier r├®solu a une image incorrecte, ne comporte pas de m├®tadonn├®es ou n'est pas accessible. PE image does not have metadata. PE image does not have metadata. [C:\Users\techbox\.gemini\antigravity\ManagementBackup1234\Management.Tests\Management.Tests.csproj]
C:\Program Files\dotnet\sdk\10.0.101\Microsoft.Common.CurrentVersion.targets(2437,5): warning MSB3246: Le fichier r├®solu a une image incorrecte, ne comporte pas de m├®tadonn├®es ou n'est pas accessible. PE image does not have metadata. PE image does not have metadata. [C:\Users\techbox\.gemini\antigravity\ManagementBackup1234\Management.Tests\Management.Tests.csproj]
C:\Program Files\dotnet\sdk\10.0.101\Microsoft.Common.CurrentVersion.targets(2437,5): warning MSB3246: Le fichier r├®solu a une image incorrecte, ne comporte pas de m├®tadonn├®es ou n'est pas accessible. PE image does not have metadata. PE image does not have metadata. [C:\Users\techbox\.gemini\antigravity\ManagementBackup1234\Management.Tests\Management.Tests.csproj]
C:\Program Files\dotnet\sdk\10.0.101\Microsoft.Common.CurrentVersion.targets(2437,5): warning MSB3246: Le fichier r├®solu a une image incorrecte, ne comporte pas de m├®tadonn├®es ou n'est pas accessible. PE image does not have metadata. PE image does not have metadata. [C:\Users\techbox\.gemini\antigravity\ManagementBackup1234\Management.Tests\Management.Tests.csproj]
C:\Program Files\dotnet\sdk\10.0.101\Microsoft.Common.CurrentVersion.targets(2437,5): warning MSB3246: Le fichier r├®solu a une image incorrecte, ne comporte pas de m├®tadonn├®es ou n'est pas accessible. PE image does not have metadata. PE image does not have metadata. [C:\Users\techbox\.gemini\antigravity\ManagementBackup1234\Management.Tests\Management.Tests.csproj]
C:\Program Files\dotnet\sdk\10.0.101\Microsoft.Common.CurrentVersion.targets(2437,5): warning MSB3246: Le fichier r├®solu a une image incorrecte, ne comporte pas de m├®tadonn├®es ou n'est pas accessible. PE image does not have metadata. PE image does not have metadata. [C:\Users\techbox\.gemini\antigravity\ManagementBackup1234\Management.Tests\Management.Tests.csproj]
C:\Program Files\dotnet\sdk\10.0.101\Microsoft.Common.CurrentVersion.targets(2437,5): warning MSB3246: Le fichier r├®solu a une image incorrecte, ne comporte pas de m├®tadonn├®es ou n'est pas accessible. PE image does not have metadata. PE image does not have metadata. [C:\Users\techbox\.gemini\antigravity\ManagementBackup1234\Management.Tests.Unit\Management.Tests.Unit.csproj]
C:\Program Files\dotnet\sdk\10.0.101\Microsoft.Common.CurrentVersion.targets(2437,5): warning MSB3246: Le fichier r├®solu a une image incorrecte, ne comporte pas de m├®tadonn├®es ou n'est pas accessible. PE image does not have metadata. PE image does not have metadata. [C:\Users\techbox\.gemini\antigravity\ManagementBackup1234\Management.Tests.Unit\Management.Tests.Unit.csproj]
C:\Program Files\dotnet\sdk\10.0.101\Microsoft.Common.CurrentVersion.targets(2437,5): warning MSB3246: Le fichier r├®solu a une image incorrecte, ne comporte pas de m├®tadonn├®es ou n'est pas accessible. PE image does not have metadata. PE image does not have metadata. [C:\Users\techbox\.gemini\antigravity\ManagementBackup1234\Management.Tests.Unit\Management.Tests.Unit.csproj]
C:\Program Files\dotnet\sdk\10.0.101\Microsoft.Common.CurrentVersion.targets(2437,5): warning MSB3246: Le fichier r├®solu a une image incorrecte, ne comporte pas de m├®tadonn├®es ou n'est pas accessible. PE image does not have metadata. PE image does not have metadata. [C:\Users\techbox\.gemini\antigravity\ManagementBackup1234\Management.Tests.Unit\Management.Tests.Unit.csproj]
C:\Program Files\dotnet\sdk\10.0.101\Microsoft.Common.CurrentVersion.targets(2437,5): warning MSB3246: Le fichier r├®solu a une image incorrecte, ne comporte pas de m├®tadonn├®es ou n'est pas accessible. PE image does not have metadata. PE image does not have metadata. [C:\Users\techbox\.gemini\antigravity\ManagementBackup1234\Management.Tests.Unit\Management.Tests.Unit.csproj]
C:\Program Files\dotnet\sdk\10.0.101\Microsoft.Common.CurrentVersion.targets(2437,5): warning MSB3246: Le fichier r├®solu a une image incorrecte, ne comporte pas de m├®tadonn├®es ou n'est pas accessible. PE image does not have metadata. PE image does not have metadata. [C:\Users\techbox\.gemini\antigravity\ManagementBackup1234\Management.Tests.Unit\Management.Tests.Unit.csproj]
C:\Program Files\dotnet\sdk\10.0.101\Microsoft.Common.CurrentVersion.targets(2437,5): warning MSB3246: Le fichier r├®solu a une image incorrecte, ne comporte pas de m├®tadonn├®es ou n'est pas accessible. PE image does not have metadata. PE image does not have metadata. [C:\Users\techbox\.gemini\antigravity\ManagementBackup1234\Management.Tests.Unit\Management.Tests.Unit.csproj]
C:\Program Files\dotnet\sdk\10.0.101\Microsoft.Common.CurrentVersion.targets(2437,5): warning MSB3246: Le fichier r├®solu a une image incorrecte, ne comporte pas de m├®tadonn├®es ou n'est pas accessible. PE image does not have metadata. PE image does not have metadata. [C:\Users\techbox\.gemini\antigravity\ManagementBackup1234\Management.Tests.Unit\Management.Tests.Unit.csproj]
C:\Program Files\dotnet\sdk\10.0.101\Microsoft.Common.CurrentVersion.targets(2437,5): warning MSB3246: Le fichier r├®solu a une image incorrecte, ne comporte pas de m├®tadonn├®es ou n'est pas accessible. PE image does not have metadata. PE image does not have metadata. [C:\Users\techbox\.gemini\antigravity\ManagementBackup1234\Management.Tests.Unit\Management.Tests.Unit.csproj]
C:\Program Files\dotnet\sdk\10.0.101\Microsoft.Common.CurrentVersion.targets(2437,5): warning MSB3246: Le fichier r├®solu a une image incorrecte, ne comporte pas de m├®tadonn├®es ou n'est pas accessible. PE image does not have metadata. PE image does not have metadata. [C:\Users\techbox\.gemini\antigravity\ManagementBackup1234\Management.Tests.Unit\Management.Tests.Unit.csproj]
C:\Program Files\dotnet\sdk\10.0.101\Microsoft.Common.CurrentVersion.targets(2437,5): warning MSB3246: Le fichier r├®solu a une image incorrecte, ne comporte pas de m├®tadonn├®es ou n'est pas accessible. PE image does not have metadata. PE image does not have metadata. [C:\Users\techbox\.gemini\antigravity\ManagementBackup1234\Management.Tests.Unit\Management.Tests.Unit.csproj]
C:\Program Files\dotnet\sdk\10.0.101\Microsoft.Common.CurrentVersion.targets(2437,5): warning MSB3246: Le fichier r├®solu a une image incorrecte, ne comporte pas de m├®tadonn├®es ou n'est pas accessible. PE image does not have metadata. PE image does not have metadata. [C:\Users\techbox\.gemini\antigravity\ManagementBackup1234\Management.Tests.Unit\Management.Tests.Unit.csproj]
C:\Program Files\dotnet\sdk\10.0.101\Microsoft.Common.CurrentVersion.targets(2437,5): warning MSB3246: Le fichier r├®solu a une image incorrecte, ne comporte pas de m├®tadonn├®es ou n'est pas accessible. PE image does not have metadata. PE image does not have metadata. [C:\Users\techbox\.gemini\antigravity\ManagementBackup1234\Management.Tests.Unit\Management.Tests.Unit.csproj]
C:\Program Files\dotnet\sdk\10.0.101\Microsoft.Common.CurrentVersion.targets(2437,5): warning MSB3246: Le fichier r├®solu a une image incorrecte, ne comporte pas de m├®tadonn├®es ou n'est pas accessible. PE image does not have metadata. PE image does not have metadata. [C:\Users\techbox\.gemini\antigravity\ManagementBackup1234\Management.Tests.Unit\Management.Tests.Unit.csproj]
C:\Program Files\dotnet\sdk\10.0.101\Microsoft.Common.CurrentVersion.targets(2437,5): warning MSB3246: Le fichier r├®solu a une image incorrecte, ne comporte pas de m├®tadonn├®es ou n'est pas accessible. PE image does not have metadata. PE image does not have metadata. [C:\Users\techbox\.gemini\antigravity\ManagementBackup1234\Management.Tests.Unit\Management.Tests.Unit.csproj]
  Management.Tests -> C:\Users\techbox\.gemini\antigravity\ManagementBackup1234\Management.Tests\bin\Debug\net8.0-windows\Management.Tests.dll
  Management.Tests.Unit -> C:\Users\techbox\.gemini\antigravity\ManagementBackup1234\Management.Tests.Unit\bin\Debug\net8.0-windows\Management.Tests.Unit.dll

La g├®n├®ration a r├®ussi.

C:\Program Files\dotnet\sdk\10.0.101\Microsoft.Common.CurrentVersion.targets(2437,5): warning MSB3246: Le fichier r├®solu a une image incorrecte, ne comporte pas de m├®tadonn├®es ou n'est pas accessible. PE image does not have metadata. PE image does not have metadata. [C:\Users\techbox\.gemini\antigravity\ManagementBackup1234\Management.Infrastructure\Management.Infrastructure.csproj]
C:\Program Files\dotnet\sdk\10.0.101\Microsoft.Common.CurrentVersion.targets(2437,5): warning MSB3246: Le fichier r├®solu a une image incorrecte, ne comporte pas de m├®tadonn├®es ou n'est pas accessible. PE image does not have metadata. PE image does not have metadata. [C:\Users\techbox\.gemini\antigravity\ManagementBackup1234\Management.Infrastructure\Management.Infrastructure.csproj]
C:\Program Files\dotnet\sdk\10.0.101\Microsoft.Common.CurrentVersion.targets(2437,5): warning MSB3246: Le fichier r├®solu a une image incorrecte, ne comporte pas de m├®tadonn├®es ou n'est pas accessible. PE image does not have metadata. PE image does not have metadata. [C:\Users\techbox\.gemini\antigravity\ManagementBackup1234\Management.Infrastructure\Management.Infrastructure.csproj]
C:\Program Files\dotnet\sdk\10.0.101\Microsoft.Common.CurrentVersion.targets(2437,5): warning MSB3246: Le fichier r├®solu a une image incorrecte, ne comporte pas de m├®tadonn├®es ou n'est pas accessible. PE image does not have metadata. PE image does not have metadata. [C:\Users\techbox\.gemini\antigravity\ManagementBackup1234\Management.Infrastructure\Management.Infrastructure.csproj]
C:\Program Files\dotnet\sdk\10.0.101\Microsoft.Common.CurrentVersion.targets(2437,5): warning MSB3246: Le fichier r├®solu a une image incorrecte, ne comporte pas de m├®tadonn├®es ou n'est pas accessible. PE image does not have metadata. PE image does not have metadata. [C:\Users\techbox\.gemini\antigravity\ManagementBackup1234\Management.Infrastructure\Management.Infrastructure.csproj]
C:\Program Files\dotnet\sdk\10.0.101\Microsoft.Common.CurrentVersion.targets(2437,5): warning MSB3246: Le fichier r├®solu a une image incorrecte, ne comporte pas de m├®tadonn├®es ou n'est pas accessible. PE image does not have metadata. PE image does not have metadata. [C:\Users\techbox\.gemini\antigravity\ManagementBackup1234\Management.Infrastructure\Management.Infrastructure.csproj]
C:\Program Files\dotnet\sdk\10.0.101\Microsoft.Common.CurrentVersion.targets(2437,5): warning MSB3246: Le fichier r├®solu a une image incorrecte, ne comporte pas de m├®tadonn├®es ou n'est pas accessible. PE image does not have metadata. PE image does not have metadata. [C:\Users\techbox\.gemini\antigravity\ManagementBackup1234\Management.Infrastructure\Management.Infrastructure.csproj]
C:\Program Files\dotnet\sdk\10.0.101\Microsoft.Common.CurrentVersion.targets(2437,5): warning MSB3246: Le fichier r├®solu a une image incorrecte, ne comporte pas de m├®tadonn├®es ou n'est pas accessible. PE image does not have metadata. PE image does not have metadata. [C:\Users\techbox\.gemini\antigravity\ManagementBackup1234\Management.Infrastructure\Management.Infrastructure.csproj]
C:\Program Files\dotnet\sdk\10.0.101\Microsoft.Common.CurrentVersion.targets(2437,5): warning MSB3246: Le fichier r├®solu a une image incorrecte, ne comporte pas de m├®tadonn├®es ou n'est pas accessible. PE image does not have metadata. PE image does not have metadata. [C:\Users\techbox\.gemini\antigravity\ManagementBackup1234\Management.Infrastructure\Management.Infrastructure.csproj]
C:\Program Files\dotnet\sdk\10.0.101\Microsoft.Common.CurrentVersion.targets(2437,5): warning MSB3246: Le fichier r├®solu a une image incorrecte, ne comporte pas de m├®tadonn├®es ou n'est pas accessible. PE image does not have metadata. PE image does not have metadata. [C:\Users\techbox\.gemini\antigravity\ManagementBackup1234\Management.Infrastructure\Management.Infrastructure.csproj]
C:\Program Files\dotnet\sdk\10.0.101\Microsoft.Common.CurrentVersion.targets(2437,5): warning MSB3246: Le fichier r├®solu a une image incorrecte, ne comporte pas de m├®tadonn├®es ou n'est pas accessible. PE image does not have metadata. PE image does not have metadata. [C:\Users\techbox\.gemini\antigravity\ManagementBackup1234\Management.Infrastructure\Management.Infrastructure.csproj]
C:\Program Files\dotnet\sdk\10.0.101\Microsoft.Common.CurrentVersion.targets(2437,5): warning MSB3246: Le fichier r├®solu a une image incorrecte, ne comporte pas de m├®tadonn├®es ou n'est pas accessible. PE image does not have metadata. PE image does not have metadata. [C:\Users\techbox\.gemini\antigravity\ManagementBackup1234\Management.Infrastructure\Management.Infrastructure.csproj]
C:\Program Files\dotnet\sdk\10.0.101\Microsoft.Common.CurrentVersion.targets(2437,5): warning MSB3246: Le fichier r├®solu a une image incorrecte, ne comporte pas de m├®tadonn├®es ou n'est pas accessible. PE image does not have metadata. PE image does not have metadata. [C:\Users\techbox\.gemini\antigravity\ManagementBackup1234\Management.Infrastructure\Management.Infrastructure.csproj]
C:\Program Files\dotnet\sdk\10.0.101\Microsoft.Common.CurrentVersion.targets(2437,5): warning MSB3246: Le fichier r├®solu a une image incorrecte, ne comporte pas de m├®tadonn├®es ou n'est pas accessible. PE image does not have metadata. PE image does not have metadata. [C:\Users\techbox\.gemini\antigravity\ManagementBackup1234\Management.Infrastructure\Management.Infrastructure.csproj]
C:\Program Files\dotnet\sdk\10.0.101\Microsoft.Common.CurrentVersion.targets(2437,5): warning MSB3246: Le fichier r├®solu a une image incorrecte, ne comporte pas de m├®tadonn├®es ou n'est pas accessible. PE image does not have metadata. PE image does not have metadata. [C:\Users\techbox\.gemini\antigravity\ManagementBackup1234\Management.Infrastructure\Management.Infrastructure.csproj]
C:\Program Files\dotnet\sdk\10.0.101\Microsoft.Common.CurrentVersion.targets(2437,5): warning MSB3246: Le fichier r├®solu a une image incorrecte, ne comporte pas de m├®tadonn├®es ou n'est pas accessible. PE image does not have metadata. PE image does not have metadata. [C:\Users\techbox\.gemini\antigravity\ManagementBackup1234\Management.Presentation\Management.Presentation.csproj]
C:\Program Files\dotnet\sdk\10.0.101\Microsoft.Common.CurrentVersion.targets(2437,5): warning MSB3246: Le fichier r├®solu a une image incorrecte, ne comporte pas de m├®tadonn├®es ou n'est pas accessible. PE image does not have metadata. PE image does not have metadata. [C:\Users\techbox\.gemini\antigravity\ManagementBackup1234\Management.Presentation\Management.Presentation.csproj]
C:\Program Files\dotnet\sdk\10.0.101\Microsoft.Common.CurrentVersion.targets(2437,5): warning MSB3246: Le fichier r├®solu a une image incorrecte, ne comporte pas de m├®tadonn├®es ou n'est pas accessible. PE image does not have metadata. PE image does not have metadata. [C:\Users\techbox\.gemini\antigravity\ManagementBackup1234\Management.Presentation\Management.Presentation.csproj]
C:\Program Files\dotnet\sdk\10.0.101\Microsoft.Common.CurrentVersion.targets(2437,5): warning MSB3246: Le fichier r├®solu a une image incorrecte, ne comporte pas de m├®tadonn├®es ou n'est pas accessible. PE image does not have metadata. PE image does not have metadata. [C:\Users\techbox\.gemini\antigravity\ManagementBackup1234\Management.Presentation\Management.Presentation.csproj]
C:\Program Files\dotnet\sdk\10.0.101\Microsoft.Common.CurrentVersion.targets(2437,5): warning MSB3246: Le fichier r├®solu a une image incorrecte, ne comporte pas de m├®tadonn├®es ou n'est pas accessible. PE image does not have metadata. PE image does not have metadata. [C:\Users\techbox\.gemini\antigravity\ManagementBackup1234\Management.Presentation\Management.Presentation.csproj]
C:\Program Files\dotnet\sdk\10.0.101\Microsoft.Common.CurrentVersion.targets(2437,5): warning MSB3246: Le fichier r├®solu a une image incorrecte, ne comporte pas de m├®tadonn├®es ou n'est pas accessible. PE image does not have metadata. PE image does not have metadata. [C:\Users\techbox\.gemini\antigravity\ManagementBackup1234\Management.Presentation\Management.Presentation.csproj]
C:\Program Files\dotnet\sdk\10.0.101\Microsoft.Common.CurrentVersion.targets(2437,5): warning MSB3246: Le fichier r├®solu a une image incorrecte, ne comporte pas de m├®tadonn├®es ou n'est pas accessible. PE image does not have metadata. PE image does not have metadata. [C:\Users\techbox\.gemini\antigravity\ManagementBackup1234\Management.Presentation\Management.Presentation.csproj]
C:\Program Files\dotnet\sdk\10.0.101\Microsoft.Common.CurrentVersion.targets(2437,5): warning MSB3246: Le fichier r├®solu a une image incorrecte, ne comporte pas de m├®tadonn├®es ou n'est pas accessible. PE image does not have metadata. PE image does not have metadata. [C:\Users\techbox\.gemini\antigravity\ManagementBackup1234\Management.Presentation\Management.Presentation.csproj]
C:\Program Files\dotnet\sdk\10.0.101\Microsoft.Common.CurrentVersion.targets(2437,5): warning MSB3246: Le fichier r├®solu a une image incorrecte, ne comporte pas de m├®tadonn├®es ou n'est pas accessible. PE image does not have metadata. PE image does not have metadata. [C:\Users\techbox\.gemini\antigravity\ManagementBackup1234\Management.Presentation\Management.Presentation.csproj]
C:\Program Files\dotnet\sdk\10.0.101\Microsoft.Common.CurrentVersion.targets(2437,5): warning MSB3246: Le fichier r├®solu a une image incorrecte, ne comporte pas de m├®tadonn├®es ou n'est pas accessible. PE image does not have metadata. PE image does not have metadata. [C:\Users\techbox\.gemini\antigravity\ManagementBackup1234\Management.Presentation\Management.Presentation.csproj]
C:\Program Files\dotnet\sdk\10.0.101\Microsoft.Common.CurrentVersion.targets(2437,5): warning MSB3246: Le fichier r├®solu a une image incorrecte, ne comporte pas de m├®tadonn├®es ou n'est pas accessible. PE image does not have metadata. PE image does not have metadata. [C:\Users\techbox\.gemini\antigravity\ManagementBackup1234\Management.Presentation\Management.Presentation.csproj]
C:\Program Files\dotnet\sdk\10.0.101\Microsoft.Common.CurrentVersion.targets(2437,5): warning MSB3246: Le fichier r├®solu a une image incorrecte, ne comporte pas de m├®tadonn├®es ou n'est pas accessible. PE image does not have metadata. PE image does not have metadata. [C:\Users\techbox\.gemini\antigravity\ManagementBackup1234\Management.Presentation\Management.Presentation.csproj]
C:\Program Files\dotnet\sdk\10.0.101\Microsoft.Common.CurrentVersion.targets(2437,5): warning MSB3246: Le fichier r├®solu a une image incorrecte, ne comporte pas de m├®tadonn├®es ou n'est pas accessible. PE image does not have metadata. PE image does not have metadata. [C:\Users\techbox\.gemini\antigravity\ManagementBackup1234\Management.Presentation\Management.Presentation.csproj]
C:\Program Files\dotnet\sdk\10.0.101\Microsoft.Common.CurrentVersion.targets(2437,5): warning MSB3246: Le fichier r├®solu a une image incorrecte, ne comporte pas de m├®tadonn├®es ou n'est pas accessible. PE image does not have metadata. PE image does not have metadata. [C:\Users\techbox\.gemini\antigravity\ManagementBackup1234\Management.Presentation\Management.Presentation.csproj]
C:\Program Files\dotnet\sdk\10.0.101\Microsoft.Common.CurrentVersion.targets(2437,5): warning MSB3246: Le fichier r├®solu a une image incorrecte, ne comporte pas de m├®tadonn├®es ou n'est pas accessible. PE image does not have metadata. PE image does not have metadata. [C:\Users\techbox\.gemini\antigravity\ManagementBackup1234\Management.Presentation\Management.Presentation.csproj]
C:\Program Files\dotnet\sdk\10.0.101\Microsoft.Common.CurrentVersion.targets(2437,5): warning MSB3246: Le fichier r├®solu a une image incorrecte, ne comporte pas de m├®tadonn├®es ou n'est pas accessible. PE image does not have metadata. PE image does not have metadata. [C:\Users\techbox\.gemini\antigravity\ManagementBackup1234\Management.Tests\Management.Tests.csproj]
C:\Program Files\dotnet\sdk\10.0.101\Microsoft.Common.CurrentVersion.targets(2437,5): warning MSB3246: Le fichier r├®solu a une image incorrecte, ne comporte pas de m├®tadonn├®es ou n'est pas accessible. PE image does not have metadata. PE image does not have metadata. [C:\Users\techbox\.gemini\antigravity\ManagementBackup1234\Management.Tests\Management.Tests.csproj]
C:\Program Files\dotnet\sdk\10.0.101\Microsoft.Common.CurrentVersion.targets(2437,5): warning MSB3246: Le fichier r├®solu a une image incorrecte, ne comporte pas de m├®tadonn├®es ou n'est pas accessible. PE image does not have metadata. PE image does not have metadata. [C:\Users\techbox\.gemini\antigravity\ManagementBackup1234\Management.Tests\Management.Tests.csproj]
C:\Program Files\dotnet\sdk\10.0.101\Microsoft.Common.CurrentVersion.targets(2437,5): warning MSB3246: Le fichier r├®solu a une image incorrecte, ne comporte pas de m├®tadonn├®es ou n'est pas accessible. PE image does not have metadata. PE image does not have metadata. [C:\Users\techbox\.gemini\antigravity\ManagementBackup1234\Management.Tests\Management.Tests.csproj]
C:\Program Files\dotnet\sdk\10.0.101\Microsoft.Common.CurrentVersion.targets(2437,5): warning MSB3246: Le fichier r├®solu a une image incorrecte, ne comporte pas de m├®tadonn├®es ou n'est pas accessible. PE image does not have metadata. PE image does not have metadata. [C:\Users\techbox\.gemini\antigravity\ManagementBackup1234\Management.Tests\Management.Tests.csproj]
C:\Program Files\dotnet\sdk\10.0.101\Microsoft.Common.CurrentVersion.targets(2437,5): warning MSB3246: Le fichier r├®solu a une image incorrecte, ne comporte pas de m├®tadonn├®es ou n'est pas accessible. PE image does not have metadata. PE image does not have metadata. [C:\Users\techbox\.gemini\antigravity\ManagementBackup1234\Management.Tests\Management.Tests.csproj]
C:\Program Files\dotnet\sdk\10.0.101\Microsoft.Common.CurrentVersion.targets(2437,5): warning MSB3246: Le fichier r├®solu a une image incorrecte, ne comporte pas de m├®tadonn├®es ou n'est pas accessible. PE image does not have metadata. PE image does not have metadata. [C:\Users\techbox\.gemini\antigravity\ManagementBackup1234\Management.Tests\Management.Tests.csproj]
C:\Program Files\dotnet\sdk\10.0.101\Microsoft.Common.CurrentVersion.targets(2437,5): warning MSB3246: Le fichier r├®solu a une image incorrecte, ne comporte pas de m├®tadonn├®es ou n'est pas accessible. PE image does not have metadata. PE image does not have metadata. [C:\Users\techbox\.gemini\antigravity\ManagementBackup1234\Management.Tests\Management.Tests.csproj]
C:\Program Files\dotnet\sdk\10.0.101\Microsoft.Common.CurrentVersion.targets(2437,5): warning MSB3246: Le fichier r├®solu a une image incorrecte, ne comporte pas de m├®tadonn├®es ou n'est pas accessible. PE image does not have metadata. PE image does not have metadata. [C:\Users\techbox\.gemini\antigravity\ManagementBackup1234\Management.Tests\Management.Tests.csproj]
C:\Program Files\dotnet\sdk\10.0.101\Microsoft.Common.CurrentVersion.targets(2437,5): warning MSB3246: Le fichier r├®solu a une image incorrecte, ne comporte pas de m├®tadonn├®es ou n'est pas accessible. PE image does not have metadata. PE image does not have metadata. [C:\Users\techbox\.gemini\antigravity\ManagementBackup1234\Management.Tests\Management.Tests.csproj]
C:\Program Files\dotnet\sdk\10.0.101\Microsoft.Common.CurrentVersion.targets(2437,5): warning MSB3246: Le fichier r├®solu a une image incorrecte, ne comporte pas de m├®tadonn├®es ou n'est pas accessible. PE image does not have metadata. PE image does not have metadata. [C:\Users\techbox\.gemini\antigravity\ManagementBackup1234\Management.Tests\Management.Tests.csproj]
C:\Program Files\dotnet\sdk\10.0.101\Microsoft.Common.CurrentVersion.targets(2437,5): warning MSB3246: Le fichier r├®solu a une image incorrecte, ne comporte pas de m├®tadonn├®es ou n'est pas accessible. PE image does not have metadata. PE image does not have metadata. [C:\Users\techbox\.gemini\antigravity\ManagementBackup1234\Management.Tests\Management.Tests.csproj]
C:\Program Files\dotnet\sdk\10.0.101\Microsoft.Common.CurrentVersion.targets(2437,5): warning MSB3246: Le fichier r├®solu a une image incorrecte, ne comporte pas de m├®tadonn├®es ou n'est pas accessible. PE image does not have metadata. PE image does not have metadata. [C:\Users\techbox\.gemini\antigravity\ManagementBackup1234\Management.Tests\Management.Tests.csproj]
C:\Program Files\dotnet\sdk\10.0.101\Microsoft.Common.CurrentVersion.targets(2437,5): warning MSB3246: Le fichier r├®solu a une image incorrecte, ne comporte pas de m├®tadonn├®es ou n'est pas accessible. PE image does not have metadata. PE image does not have metadata. [C:\Users\techbox\.gemini\antigravity\ManagementBackup1234\Management.Tests\Management.Tests.csproj]
C:\Program Files\dotnet\sdk\10.0.101\Microsoft.Common.CurrentVersion.targets(2437,5): warning MSB3246: Le fichier r├®solu a une image incorrecte, ne comporte pas de m├®tadonn├®es ou n'est pas accessible. PE image does not have metadata. PE image does not have metadata. [C:\Users\techbox\.gemini\antigravity\ManagementBackup1234\Management.Tests\Management.Tests.csproj]
C:\Program Files\dotnet\sdk\10.0.101\Microsoft.Common.CurrentVersion.targets(2437,5): warning MSB3246: Le fichier r├®solu a une image incorrecte, ne comporte pas de m├®tadonn├®es ou n'est pas accessible. PE image does not have metadata. PE image does not have metadata. [C:\Users\techbox\.gemini\antigravity\ManagementBackup1234\Management.Tests.Unit\Management.Tests.Unit.csproj]
C:\Program Files\dotnet\sdk\10.0.101\Microsoft.Common.CurrentVersion.targets(2437,5): warning MSB3246: Le fichier r├®solu a une image incorrecte, ne comporte pas de m├®tadonn├®es ou n'est pas accessible. PE image does not have metadata. PE image does not have metadata. [C:\Users\techbox\.gemini\antigravity\ManagementBackup1234\Management.Tests.Unit\Management.Tests.Unit.csproj]
C:\Program Files\dotnet\sdk\10.0.101\Microsoft.Common.CurrentVersion.targets(2437,5): warning MSB3246: Le fichier r├®solu a une image incorrecte, ne comporte pas de m├®tadonn├®es ou n'est pas accessible. PE image does not have metadata. PE image does not have metadata. [C:\Users\techbox\.gemini\antigravity\ManagementBackup1234\Management.Tests.Unit\Management.Tests.Unit.csproj]
C:\Program Files\dotnet\sdk\10.0.101\Microsoft.Common.CurrentVersion.targets(2437,5): warning MSB3246: Le fichier r├®solu a une image incorrecte, ne comporte pas de m├®tadonn├®es ou n'est pas accessible. PE image does not have metadata. PE image does not have metadata. [C:\Users\techbox\.gemini\antigravity\ManagementBackup1234\Management.Tests.Unit\Management.Tests.Unit.csproj]
C:\Program Files\dotnet\sdk\10.0.101\Microsoft.Common.CurrentVersion.targets(2437,5): warning MSB3246: Le fichier r├®solu a une image incorrecte, ne comporte pas de m├®tadonn├®es ou n'est pas accessible. PE image does not have metadata. PE image does not have metadata. [C:\Users\techbox\.gemini\antigravity\ManagementBackup1234\Management.Tests.Unit\Management.Tests.Unit.csproj]
C:\Program Files\dotnet\sdk\10.0.101\Microsoft.Common.CurrentVersion.targets(2437,5): warning MSB3246: Le fichier r├®solu a une image incorrecte, ne comporte pas de m├®tadonn├®es ou n'est pas accessible. PE image does not have metadata. PE image does not have metadata. [C:\Users\techbox\.gemini\antigravity\ManagementBackup1234\Management.Tests.Unit\Management.Tests.Unit.csproj]
C:\Program Files\dotnet\sdk\10.0.101\Microsoft.Common.CurrentVersion.targets(2437,5): warning MSB3246: Le fichier r├®solu a une image incorrecte, ne comporte pas de m├®tadonn├®es ou n'est pas accessible. PE image does not have metadata. PE image does not have metadata. [C:\Users\techbox\.gemini\antigravity\ManagementBackup1234\Management.Tests.Unit\Management.Tests.Unit.csproj]
C:\Program Files\dotnet\sdk\10.0.101\Microsoft.Common.CurrentVersion.targets(2437,5): warning MSB3246: Le fichier r├®solu a une image incorrecte, ne comporte pas de m├®tadonn├®es ou n'est pas accessible. PE image does not have metadata. PE image does not have metadata. [C:\Users\techbox\.gemini\antigravity\ManagementBackup1234\Management.Tests.Unit\Management.Tests.Unit.csproj]
C:\Program Files\dotnet\sdk\10.0.101\Microsoft.Common.CurrentVersion.targets(2437,5): warning MSB3246: Le fichier r├®solu a une image incorrecte, ne comporte pas de m├®tadonn├®es ou n'est pas accessible. PE image does not have metadata. PE image does not have metadata. [C:\Users\techbox\.gemini\antigravity\ManagementBackup1234\Management.Tests.Unit\Management.Tests.Unit.csproj]
C:\Program Files\dotnet\sdk\10.0.101\Microsoft.Common.CurrentVersion.targets(2437,5): warning MSB3246: Le fichier r├®solu a une image incorrecte, ne comporte pas de m├®tadonn├®es ou n'est pas accessible. PE image does not have metadata. PE image does not have metadata. [C:\Users\techbox\.gemini\antigravity\ManagementBackup1234\Management.Tests.Unit\Management.Tests.Unit.csproj]
C:\Program Files\dotnet\sdk\10.0.101\Microsoft.Common.CurrentVersion.targets(2437,5): warning MSB3246: Le fichier r├®solu a une image incorrecte, ne comporte pas de m├®tadonn├®es ou n'est pas accessible. PE image does not have metadata. PE image does not have metadata. [C:\Users\techbox\.gemini\antigravity\ManagementBackup1234\Management.Tests.Unit\Management.Tests.Unit.csproj]
C:\Program Files\dotnet\sdk\10.0.101\Microsoft.Common.CurrentVersion.targets(2437,5): warning MSB3246: Le fichier r├®solu a une image incorrecte, ne comporte pas de m├®tadonn├®es ou n'est pas accessible. PE image does not have metadata. PE image does not have metadata. [C:\Users\techbox\.gemini\antigravity\ManagementBackup1234\Management.Tests.Unit\Management.Tests.Unit.csproj]
C:\Program Files\dotnet\sdk\10.0.101\Microsoft.Common.CurrentVersion.targets(2437,5): warning MSB3246: Le fichier r├®solu a une image incorrecte, ne comporte pas de m├®tadonn├®es ou n'est pas accessible. PE image does not have metadata. PE image does not have metadata. [C:\Users\techbox\.gemini\antigravity\ManagementBackup1234\Management.Tests.Unit\Management.Tests.Unit.csproj]
C:\Program Files\dotnet\sdk\10.0.101\Microsoft.Common.CurrentVersion.targets(2437,5): warning MSB3246: Le fichier r├®solu a une image incorrecte, ne comporte pas de m├®tadonn├®es ou n'est pas accessible. PE image does not have metadata. PE image does not have metadata. [C:\Users\techbox\.gemini\antigravity\ManagementBackup1234\Management.Tests.Unit\Management.Tests.Unit.csproj]
C:\Program Files\dotnet\sdk\10.0.101\Microsoft.Common.CurrentVersion.targets(2437,5): warning MSB3246: Le fichier r├®solu a une image incorrecte, ne comporte pas de m├®tadonn├®es ou n'est pas accessible. PE image does not have metadata. PE image does not have metadata. [C:\Users\techbox\.gemini\antigravity\ManagementBackup1234\Management.Tests.Unit\Management.Tests.Unit.csproj]
    60 Avertissement(s)
    0 Erreur(s)

Temps ├®coul├® 00:00:07.32
