c:\Users\techbox\.gemini\antigravity\scratch\ManagementCopy\Management.Infrastructure\Management.Infrastructure.csproj : warning NU1701: Le package 'ZKTecoStandAlonePullSDKx64 6.3.1.37' a ├®t├® restaur├® en utilisant '.NETFramework,Version=v4.6.1, .NETFramework,Version=v4.6.2, .NETFramework,Version=v4.7, .NETFramework,Version=v4.7.1, .NETFramework,Version=v4.7.2, .NETFramework,Version=v4.8, .NETFramework,Version=v4.8.1' au lieu du framework cible du projet 'net8.0'. Ce package n'est peut-├¬tre pas totalement compatible avec votre projet.
c:\Users\techbox\.gemini\antigravity\scratch\ManagementCopy\Management.Domain\Interfaces\IAccessEventRepository.cs(11,28): warning CS0108: 'IAccessEventRepository.GetByIdAsync(Guid, Guid?)' masque le membre h├®rit├® 'IRepository<AccessEvent>.GetByIdAsync(Guid, Guid?)'. Utilisez le mot cl├® new si le masquage est intentionnel. [c:\Users\techbox\.gemini\antigravity\scratch\ManagementCopy\Management.Domain\Management.Domain.csproj]
c:\Users\techbox\.gemini\antigravity\scratch\ManagementCopy\Management.Domain\Interfaces\IAppointmentRepository.cs(13,28): warning CS0108: 'IAppointmentRepository.GetByIdAsync(Guid, Guid?)' masque le membre h├®rit├® 'IRepository<Appointment>.GetByIdAsync(Guid, Guid?)'. Utilisez le mot cl├® new si le masquage est intentionnel. [c:\Users\techbox\.gemini\antigravity\scratch\ManagementCopy\Management.Domain\Management.Domain.csproj]
c:\Users\techbox\.gemini\antigravity\scratch\ManagementCopy\Management.Domain\Interfaces\IFacilityZoneRepository.cs(8,29): warning CS0108: 'IFacilityZoneRepository.GetByIdAsync(Guid, Guid?)' masque le membre h├®rit├® 'IRepository<FacilityZone>.GetByIdAsync(Guid, Guid?)'. Utilisez le mot cl├® new si le masquage est intentionnel. [c:\Users\techbox\.gemini\antigravity\scratch\ManagementCopy\Management.Domain\Management.Domain.csproj]
c:\Users\techbox\.gemini\antigravity\scratch\ManagementCopy\Management.Domain\Interfaces\IIntegrationRepository.cs(9,34): warning CS0108: 'IIntegrationRepository.GetByIdAsync(Guid, Guid?)' masque le membre h├®rit├® 'IRepository<IntegrationConfig>.GetByIdAsync(Guid, Guid?)'. Utilisez le mot cl├® new si le masquage est intentionnel. [c:\Users\techbox\.gemini\antigravity\scratch\ManagementCopy\Management.Domain\Management.Domain.csproj]
c:\Users\techbox\.gemini\antigravity\scratch\ManagementCopy\Management.Domain\Interfaces\IMemberRepository.cs(29,23): warning CS0108: 'IMemberRepository.GetByIdAsync(Guid, Guid?)' masque le membre h├®rit├® 'IRepository<Member>.GetByIdAsync(Guid, Guid?)'. Utilisez le mot cl├® new si le masquage est intentionnel. [c:\Users\techbox\.gemini\antigravity\scratch\ManagementCopy\Management.Domain\Management.Domain.csproj]
c:\Users\techbox\.gemini\antigravity\scratch\ManagementCopy\Management.Domain\Interfaces\IMembershipPlanRepository.cs(10,31): warning CS0108: 'IMembershipPlanRepository.GetByIdAsync(Guid, Guid?)' masque le membre h├®rit├® 'IRepository<MembershipPlan>.GetByIdAsync(Guid, Guid?)'. Utilisez le mot cl├® new si le masquage est intentionnel. [c:\Users\techbox\.gemini\antigravity\scratch\ManagementCopy\Management.Domain\Management.Domain.csproj]
c:\Users\techbox\.gemini\antigravity\scratch\ManagementCopy\Management.Domain\Interfaces\IPayrollRepository.cs(9,29): warning CS0108: 'IPayrollRepository.GetByIdAsync(Guid, Guid?)' masque le membre h├®rit├® 'IRepository<PayrollEntry>.GetByIdAsync(Guid, Guid?)'. Utilisez le mot cl├® new si le masquage est intentionnel. [c:\Users\techbox\.gemini\antigravity\scratch\ManagementCopy\Management.Domain\Management.Domain.csproj]
c:\Users\techbox\.gemini\antigravity\scratch\ManagementCopy\Management.Domain\Interfaces\IProductRepository.cs(17,24): warning CS0108: 'IProductRepository.GetByIdAsync(Guid, Guid?)' masque le membre h├®rit├® 'IRepository<Product>.GetByIdAsync(Guid, Guid?)'. Utilisez le mot cl├® new si le masquage est intentionnel. [c:\Users\techbox\.gemini\antigravity\scratch\ManagementCopy\Management.Domain\Management.Domain.csproj]
c:\Users\techbox\.gemini\antigravity\scratch\ManagementCopy\Management.Domain\Interfaces\IRegistrationRepository.cs(13,29): warning CS0108: 'IRegistrationRepository.GetByIdAsync(Guid, Guid?)' masque le membre h├®rit├® 'IRepository<Registration>.GetByIdAsync(Guid, Guid?)'. Utilisez le mot cl├® new si le masquage est intentionnel. [c:\Users\techbox\.gemini\antigravity\scratch\ManagementCopy\Management.Domain\Management.Domain.csproj]
c:\Users\techbox\.gemini\antigravity\scratch\ManagementCopy\Management.Domain\Interfaces\IReservationRepository.cs(12,28): warning CS0108: 'IReservationRepository.GetByIdAsync(Guid, Guid?)' masque le membre h├®rit├® 'IRepository<Reservation>.GetByIdAsync(Guid, Guid?)'. Utilisez le mot cl├® new si le masquage est intentionnel. [c:\Users\techbox\.gemini\antigravity\scratch\ManagementCopy\Management.Domain\Management.Domain.csproj]
c:\Users\techbox\.gemini\antigravity\scratch\ManagementCopy\Management.Domain\Interfaces\IRestaurantOrderRepository.cs(11,32): warning CS0108: 'IRestaurantOrderRepository.GetByIdAsync(Guid, Guid?)' masque le membre h├®rit├® 'IRepository<RestaurantOrder>.GetByIdAsync(Guid, Guid?)'. Utilisez le mot cl├® new si le masquage est intentionnel. [c:\Users\techbox\.gemini\antigravity\scratch\ManagementCopy\Management.Domain\Management.Domain.csproj]
c:\Users\techbox\.gemini\antigravity\scratch\ManagementCopy\Management.Domain\Interfaces\ISaleRepository.cs(19,21): warning CS0108: 'ISaleRepository.GetByIdAsync(Guid, Guid?)' masque le membre h├®rit├® 'IRepository<Sale>.GetByIdAsync(Guid, Guid?)'. Utilisez le mot cl├® new si le masquage est intentionnel. [c:\Users\techbox\.gemini\antigravity\scratch\ManagementCopy\Management.Domain\Management.Domain.csproj]
c:\Users\techbox\.gemini\antigravity\scratch\ManagementCopy\Management.Domain\Models\AccessEvent.cs(9,21): warning CS0108: 'AccessEvent.TenantId' masque le membre h├®rit├® 'Entity.TenantId'. Utilisez le mot cl├® new si le masquage est intentionnel. [c:\Users\techbox\.gemini\antigravity\scratch\ManagementCopy\Management.Domain\Management.Domain.csproj]
c:\Users\techbox\.gemini\antigravity\scratch\ManagementCopy\Management.Domain\Interfaces\ITransactionRepository.cs(12,28): warning CS0108: 'ITransactionRepository.GetByIdAsync(Guid, Guid?)' masque le membre h├®rit├® 'IRepository<Transaction>.GetByIdAsync(Guid, Guid?)'. Utilisez le mot cl├® new si le masquage est intentionnel. [c:\Users\techbox\.gemini\antigravity\scratch\ManagementCopy\Management.Domain\Management.Domain.csproj]
c:\Users\techbox\.gemini\antigravity\scratch\ManagementCopy\Management.Domain\Interfaces\ITurnstileRepository.cs(9,26): warning CS0108: 'ITurnstileRepository.GetByIdAsync(Guid, Guid?)' masque le membre h├®rit├® 'IRepository<Turnstile>.GetByIdAsync(Guid, Guid?)'. Utilisez le mot cl├® new si le masquage est intentionnel. [c:\Users\techbox\.gemini\antigravity\scratch\ManagementCopy\Management.Domain\Management.Domain.csproj]
c:\Users\techbox\.gemini\antigravity\scratch\ManagementCopy\Management.Domain\Models\IntegrationConfig.cs(11,21): warning CS0108: 'IntegrationConfig.TenantId' masque le membre h├®rit├® 'Entity.TenantId'. Utilisez le mot cl├® new si le masquage est intentionnel. [c:\Users\techbox\.gemini\antigravity\scratch\ManagementCopy\Management.Domain\Management.Domain.csproj]
c:\Users\techbox\.gemini\antigravity\scratch\ManagementCopy\Management.Domain\Models\FacilitySchedule.cs(8,21): warning CS0108: 'FacilitySchedule.TenantId' masque le membre h├®rit├® 'Entity.TenantId'. Utilisez le mot cl├® new si le masquage est intentionnel. [c:\Users\techbox\.gemini\antigravity\scratch\ManagementCopy\Management.Domain\Management.Domain.csproj]
c:\Users\techbox\.gemini\antigravity\scratch\ManagementCopy\Management.Domain\Models\FacilityZone.cs(9,21): warning CS0108: 'FacilityZone.TenantId' masque le membre h├®rit├® 'Entity.TenantId'. Utilisez le mot cl├® new si le masquage est intentionnel. [c:\Users\techbox\.gemini\antigravity\scratch\ManagementCopy\Management.Domain\Management.Domain.csproj]
c:\Users\techbox\.gemini\antigravity\scratch\ManagementCopy\Management.Domain\Models\GymSettings.cs(8,21): warning CS0108: 'GymSettings.TenantId' masque le membre h├®rit├® 'Entity.TenantId'. Utilisez le mot cl├® new si le masquage est intentionnel. [c:\Users\techbox\.gemini\antigravity\scratch\ManagementCopy\Management.Domain\Management.Domain.csproj]
c:\Users\techbox\.gemini\antigravity\scratch\ManagementCopy\Management.Domain\Models\Member.cs(11,21): warning CS0108: 'Member.TenantId' masque le membre h├®rit├® 'Entity.TenantId'. Utilisez le mot cl├® new si le masquage est intentionnel. [c:\Users\techbox\.gemini\antigravity\scratch\ManagementCopy\Management.Domain\Management.Domain.csproj]
c:\Users\techbox\.gemini\antigravity\scratch\ManagementCopy\Management.Domain\Models\MembershipPlan.cs(12,21): warning CS0108: 'MembershipPlan.TenantId' masque le membre h├®rit├® 'Entity.TenantId'. Utilisez le mot cl├® new si le masquage est intentionnel. [c:\Users\techbox\.gemini\antigravity\scratch\ManagementCopy\Management.Domain\Management.Domain.csproj]
c:\Users\techbox\.gemini\antigravity\scratch\ManagementCopy\Management.Domain\Models\OutboxMessage.cs(8,21): warning CS0108: 'OutboxMessage.TenantId' masque le membre h├®rit├® 'Entity.TenantId'. Utilisez le mot cl├® new si le masquage est intentionnel. [c:\Users\techbox\.gemini\antigravity\scratch\ManagementCopy\Management.Domain\Management.Domain.csproj]
c:\Users\techbox\.gemini\antigravity\scratch\ManagementCopy\Management.Domain\Models\Restaurant\RestaurantModels.cs(20,21): warning CS0108: 'TableModel.TenantId' masque le membre h├®rit├® 'Entity.TenantId'. Utilisez le mot cl├® new si le masquage est intentionnel. [c:\Users\techbox\.gemini\antigravity\scratch\ManagementCopy\Management.Domain\Management.Domain.csproj]
c:\Users\techbox\.gemini\antigravity\scratch\ManagementCopy\Management.Domain\Models\Restaurant\RestaurantModels.cs(58,21): warning CS0108: 'RestaurantOrder.TenantId' masque le membre h├®rit├® 'Entity.TenantId'. Utilisez le mot cl├® new si le masquage est intentionnel. [c:\Users\techbox\.gemini\antigravity\scratch\ManagementCopy\Management.Domain\Management.Domain.csproj]
c:\Users\techbox\.gemini\antigravity\scratch\ManagementCopy\Management.Domain\Models\PayrollEntry.cs(9,21): warning CS0108: 'PayrollEntry.TenantId' masque le membre h├®rit├® 'Entity.TenantId'. Utilisez le mot cl├® new si le masquage est intentionnel. [c:\Users\techbox\.gemini\antigravity\scratch\ManagementCopy\Management.Domain\Management.Domain.csproj]
c:\Users\techbox\.gemini\antigravity\scratch\ManagementCopy\Management.Domain\Models\Restaurant\RestaurantModels.cs(79,21): warning CS0108: 'OrderItem.TenantId' masque le membre h├®rit├® 'Entity.TenantId'. Utilisez le mot cl├® new si le masquage est intentionnel. [c:\Users\techbox\.gemini\antigravity\scratch\ManagementCopy\Management.Domain\Management.Domain.csproj]
c:\Users\techbox\.gemini\antigravity\scratch\ManagementCopy\Management.Domain\Models\Restaurant\RestaurantModels.cs(90,21): warning CS0108: 'RestaurantMenuItem.TenantId' masque le membre h├®rit├® 'Entity.TenantId'. Utilisez le mot cl├® new si le masquage est intentionnel. [c:\Users\techbox\.gemini\antigravity\scratch\ManagementCopy\Management.Domain\Management.Domain.csproj]
c:\Users\techbox\.gemini\antigravity\scratch\ManagementCopy\Management.Domain\Models\Product.cs(10,21): warning CS0108: 'Product.TenantId' masque le membre h├®rit├® 'Entity.TenantId'. Utilisez le mot cl├® new si le masquage est intentionnel. [c:\Users\techbox\.gemini\antigravity\scratch\ManagementCopy\Management.Domain\Management.Domain.csproj]
c:\Users\techbox\.gemini\antigravity\scratch\ManagementCopy\Management.Domain\Models\Sale.cs(12,21): warning CS0108: 'Sale.TenantId' masque le membre h├®rit├® 'Entity.TenantId'. Utilisez le mot cl├® new si le masquage est intentionnel. [c:\Users\techbox\.gemini\antigravity\scratch\ManagementCopy\Management.Domain\Management.Domain.csproj]
c:\Users\techbox\.gemini\antigravity\scratch\ManagementCopy\Management.Domain\Models\Registration.cs(14,21): warning CS0108: 'Registration.TenantId' masque le membre h├®rit├® 'Entity.TenantId'. Utilisez le mot cl├® new si le masquage est intentionnel. [c:\Users\techbox\.gemini\antigravity\scratch\ManagementCopy\Management.Domain\Management.Domain.csproj]
c:\Users\techbox\.gemini\antigravity\scratch\ManagementCopy\Management.Domain\Models\SaleItem.cs(9,21): warning CS0108: 'SaleItem.TenantId' masque le membre h├®rit├® 'Entity.TenantId'. Utilisez le mot cl├® new si le masquage est intentionnel. [c:\Users\techbox\.gemini\antigravity\scratch\ManagementCopy\Management.Domain\Management.Domain.csproj]
c:\Users\techbox\.gemini\antigravity\scratch\ManagementCopy\Management.Domain\Models\Salon\SalonModels.cs(18,21): warning CS0108: 'SalonService.TenantId' masque le membre h├®rit├® 'Entity.TenantId'. Utilisez le mot cl├® new si le masquage est intentionnel. [c:\Users\techbox\.gemini\antigravity\scratch\ManagementCopy\Management.Domain\Management.Domain.csproj]
c:\Users\techbox\.gemini\antigravity\scratch\ManagementCopy\Management.Domain\Models\Salon\SalonModels.cs(29,21): warning CS0108: 'Appointment.TenantId' masque le membre h├®rit├® 'Entity.TenantId'. Utilisez le mot cl├® new si le masquage est intentionnel. [c:\Users\techbox\.gemini\antigravity\scratch\ManagementCopy\Management.Domain\Management.Domain.csproj]
c:\Users\techbox\.gemini\antigravity\scratch\ManagementCopy\Management.Domain\Models\Reservation.cs(9,21): warning CS0108: 'Reservation.TenantId' masque le membre h├®rit├® 'Entity.TenantId'. Utilisez le mot cl├® new si le masquage est intentionnel. [c:\Users\techbox\.gemini\antigravity\scratch\ManagementCopy\Management.Domain\Management.Domain.csproj]
c:\Users\techbox\.gemini\antigravity\scratch\ManagementCopy\Management.Domain\Models\Salon\SalonModels.cs(58,21): warning CS0108: 'ProductUsage.TenantId' masque le membre h├®rit├® 'Entity.TenantId'. Utilisez le mot cl├® new si le masquage est intentionnel. [c:\Users\techbox\.gemini\antigravity\scratch\ManagementCopy\Management.Domain\Management.Domain.csproj]
c:\Users\techbox\.gemini\antigravity\scratch\ManagementCopy\Management.Domain\Models\Resilience\OfflineAction.cs(8,21): warning CS0108: 'OfflineAction.TenantId' masque le membre h├®rit├® 'Entity.TenantId'. Utilisez le mot cl├® new si le masquage est intentionnel. [c:\Users\techbox\.gemini\antigravity\scratch\ManagementCopy\Management.Domain\Management.Domain.csproj]
c:\Users\techbox\.gemini\antigravity\scratch\ManagementCopy\Management.Domain\Models\TransactionLine.cs(8,21): warning CS0108: 'TransactionLine.TenantId' masque le membre h├®rit├® 'Entity.TenantId'. Utilisez le mot cl├® new si le masquage est intentionnel. [c:\Users\techbox\.gemini\antigravity\scratch\ManagementCopy\Management.Domain\Management.Domain.csproj]
c:\Users\techbox\.gemini\antigravity\scratch\ManagementCopy\Management.Domain\Models\Turnstile.cs(9,21): warning CS0108: 'Turnstile.TenantId' masque le membre h├®rit├® 'Entity.TenantId'. Utilisez le mot cl├® new si le masquage est intentionnel. [c:\Users\techbox\.gemini\antigravity\scratch\ManagementCopy\Management.Domain\Management.Domain.csproj]
c:\Users\techbox\.gemini\antigravity\scratch\ManagementCopy\Management.Domain\Models\StaffMember.cs(10,21): warning CS0108: 'StaffMember.TenantId' masque le membre h├®rit├® 'Entity.TenantId'. Utilisez le mot cl├® new si le masquage est intentionnel. [c:\Users\techbox\.gemini\antigravity\scratch\ManagementCopy\Management.Domain\Management.Domain.csproj]
c:\Users\techbox\.gemini\antigravity\scratch\ManagementCopy\Management.Domain\Models\Transaction.cs(11,21): warning CS0108: 'Transaction.TenantId' masque le membre h├®rit├® 'Entity.TenantId'. Utilisez le mot cl├® new si le masquage est intentionnel. [c:\Users\techbox\.gemini\antigravity\scratch\ManagementCopy\Management.Domain\Management.Domain.csproj]
c:\Users\techbox\.gemini\antigravity\scratch\ManagementCopy\Management.Application\DTOs\SearchResultDto.cs(7,23): warning CS8618: Le propri├®t├® ┬½┬áTitle┬á┬╗ non-nullable doit contenir une valeur autre que Null lors de la fermeture du constructeur. Envisagez dÔÇÖajouter le modificateur ┬½┬árequired┬á┬╗ ou de d├®clarer le propri├®t├® comme pouvant accepter la valeur Null. [c:\Users\techbox\.gemini\antigravity\scratch\ManagementCopy\Management.Application\Management.Application.csproj]
c:\Users\techbox\.gemini\antigravity\scratch\ManagementCopy\Management.Application\DTOs\SearchResultDto.cs(8,23): warning CS8618: Le propri├®t├® ┬½┬áSubtitle┬á┬╗ non-nullable doit contenir une valeur autre que Null lors de la fermeture du constructeur. Envisagez dÔÇÖajouter le modificateur ┬½┬árequired┬á┬╗ ou de d├®clarer le propri├®t├® comme pouvant accepter la valeur Null. [c:\Users\techbox\.gemini\antigravity\scratch\ManagementCopy\Management.Application\Management.Application.csproj]
c:\Users\techbox\.gemini\antigravity\scratch\ManagementCopy\Management.Application\DTOs\SearchResultDto.cs(9,23): warning CS8618: Le propri├®t├® ┬½┬áGroup┬á┬╗ non-nullable doit contenir une valeur autre que Null lors de la fermeture du constructeur. Envisagez dÔÇÖajouter le modificateur ┬½┬árequired┬á┬╗ ou de d├®clarer le propri├®t├® comme pouvant accepter la valeur Null. [c:\Users\techbox\.gemini\antigravity\scratch\ManagementCopy\Management.Application\Management.Application.csproj]
c:\Users\techbox\.gemini\antigravity\scratch\ManagementCopy\Management.Application\DTOs\SearchResultDto.cs(10,23): warning CS8618: Le propri├®t├® ┬½┬áIconGeometry┬á┬╗ non-nullable doit contenir une valeur autre que Null lors de la fermeture du constructeur. Envisagez dÔÇÖajouter le modificateur ┬½┬árequired┬á┬╗ ou de d├®clarer le propri├®t├® comme pouvant accepter la valeur Null. [c:\Users\techbox\.gemini\antigravity\scratch\ManagementCopy\Management.Application\Management.Application.csproj]
c:\Users\techbox\.gemini\antigravity\scratch\ManagementCopy\Management.Application\DTOs\SearchResultDto.cs(13,23): warning CS8618: Le propri├®t├® ┬½┬áActionKey┬á┬╗ non-nullable doit contenir une valeur autre que Null lors de la fermeture du constructeur. Envisagez dÔÇÖajouter le modificateur ┬½┬árequired┬á┬╗ ou de d├®clarer le propri├®t├® comme pouvant accepter la valeur Null. [c:\Users\techbox\.gemini\antigravity\scratch\ManagementCopy\Management.Application\Management.Application.csproj]
c:\Users\techbox\.gemini\antigravity\scratch\ManagementCopy\Management.Application\DTOs\SearchResultDto.cs(14,23): warning CS8618: Le propri├®t├® ┬½┬áActionParameter┬á┬╗ non-nullable doit contenir une valeur autre que Null lors de la fermeture du constructeur. Envisagez dÔÇÖajouter le modificateur ┬½┬árequired┬á┬╗ ou de d├®clarer le propri├®t├® comme pouvant accepter la valeur Null. [c:\Users\techbox\.gemini\antigravity\scratch\ManagementCopy\Management.Application\Management.Application.csproj]
C:\Program Files\dotnet\sdk\10.0.101\Microsoft.Common.CurrentVersion.targets(2437,5): warning MSB3246: Le fichier r├®solu a une image incorrecte, ne comporte pas de m├®tadonn├®es ou n'est pas accessible. PE image does not have metadata. PE image does not have metadata. [c:\Users\techbox\.gemini\antigravity\scratch\ManagementCopy\Management.Infrastructure\Management.Infrastructure.csproj]
C:\Program Files\dotnet\sdk\10.0.101\Microsoft.Common.CurrentVersion.targets(2437,5): warning MSB3246: Le fichier r├®solu a une image incorrecte, ne comporte pas de m├®tadonn├®es ou n'est pas accessible. PE image does not have metadata. PE image does not have metadata. [c:\Users\techbox\.gemini\antigravity\scratch\ManagementCopy\Management.Infrastructure\Management.Infrastructure.csproj]
C:\Program Files\dotnet\sdk\10.0.101\Microsoft.Common.CurrentVersion.targets(2437,5): warning MSB3246: Le fichier r├®solu a une image incorrecte, ne comporte pas de m├®tadonn├®es ou n'est pas accessible. PE image does not have metadata. PE image does not have metadata. [c:\Users\techbox\.gemini\antigravity\scratch\ManagementCopy\Management.Infrastructure\Management.Infrastructure.csproj]
C:\Program Files\dotnet\sdk\10.0.101\Microsoft.Common.CurrentVersion.targets(2437,5): warning MSB3246: Le fichier r├®solu a une image incorrecte, ne comporte pas de m├®tadonn├®es ou n'est pas accessible. PE image does not have metadata. PE image does not have metadata. [c:\Users\techbox\.gemini\antigravity\scratch\ManagementCopy\Management.Infrastructure\Management.Infrastructure.csproj]
C:\Program Files\dotnet\sdk\10.0.101\Microsoft.Common.CurrentVersion.targets(2437,5): warning MSB3246: Le fichier r├®solu a une image incorrecte, ne comporte pas de m├®tadonn├®es ou n'est pas accessible. PE image does not have metadata. PE image does not have metadata. [c:\Users\techbox\.gemini\antigravity\scratch\ManagementCopy\Management.Infrastructure\Management.Infrastructure.csproj]
C:\Program Files\dotnet\sdk\10.0.101\Microsoft.Common.CurrentVersion.targets(2437,5): warning MSB3246: Le fichier r├®solu a une image incorrecte, ne comporte pas de m├®tadonn├®es ou n'est pas accessible. PE image does not have metadata. PE image does not have metadata. [c:\Users\techbox\.gemini\antigravity\scratch\ManagementCopy\Management.Infrastructure\Management.Infrastructure.csproj]
C:\Program Files\dotnet\sdk\10.0.101\Microsoft.Common.CurrentVersion.targets(2437,5): warning MSB3246: Le fichier r├®solu a une image incorrecte, ne comporte pas de m├®tadonn├®es ou n'est pas accessible. PE image does not have metadata. PE image does not have metadata. [c:\Users\techbox\.gemini\antigravity\scratch\ManagementCopy\Management.Infrastructure\Management.Infrastructure.csproj]
C:\Program Files\dotnet\sdk\10.0.101\Microsoft.Common.CurrentVersion.targets(2437,5): warning MSB3246: Le fichier r├®solu a une image incorrecte, ne comporte pas de m├®tadonn├®es ou n'est pas accessible. PE image does not have metadata. PE image does not have metadata. [c:\Users\techbox\.gemini\antigravity\scratch\ManagementCopy\Management.Infrastructure\Management.Infrastructure.csproj]
C:\Program Files\dotnet\sdk\10.0.101\Microsoft.Common.CurrentVersion.targets(2437,5): warning MSB3246: Le fichier r├®solu a une image incorrecte, ne comporte pas de m├®tadonn├®es ou n'est pas accessible. PE image does not have metadata. PE image does not have metadata. [c:\Users\techbox\.gemini\antigravity\scratch\ManagementCopy\Management.Infrastructure\Management.Infrastructure.csproj]
C:\Program Files\dotnet\sdk\10.0.101\Microsoft.Common.CurrentVersion.targets(2437,5): warning MSB3246: Le fichier r├®solu a une image incorrecte, ne comporte pas de m├®tadonn├®es ou n'est pas accessible. PE image does not have metadata. PE image does not have metadata. [c:\Users\techbox\.gemini\antigravity\scratch\ManagementCopy\Management.Infrastructure\Management.Infrastructure.csproj]
C:\Program Files\dotnet\sdk\10.0.101\Microsoft.Common.CurrentVersion.targets(2437,5): warning MSB3246: Le fichier r├®solu a une image incorrecte, ne comporte pas de m├®tadonn├®es ou n'est pas accessible. PE image does not have metadata. PE image does not have metadata. [c:\Users\techbox\.gemini\antigravity\scratch\ManagementCopy\Management.Infrastructure\Management.Infrastructure.csproj]
C:\Program Files\dotnet\sdk\10.0.101\Microsoft.Common.CurrentVersion.targets(2437,5): warning MSB3246: Le fichier r├®solu a une image incorrecte, ne comporte pas de m├®tadonn├®es ou n'est pas accessible. PE image does not have metadata. PE image does not have metadata. [c:\Users\techbox\.gemini\antigravity\scratch\ManagementCopy\Management.Infrastructure\Management.Infrastructure.csproj]
C:\Program Files\dotnet\sdk\10.0.101\Microsoft.Common.CurrentVersion.targets(2437,5): warning MSB3246: Le fichier r├®solu a une image incorrecte, ne comporte pas de m├®tadonn├®es ou n'est pas accessible. PE image does not have metadata. PE image does not have metadata. [c:\Users\techbox\.gemini\antigravity\scratch\ManagementCopy\Management.Infrastructure\Management.Infrastructure.csproj]
C:\Program Files\dotnet\sdk\10.0.101\Microsoft.Common.CurrentVersion.targets(2437,5): warning MSB3246: Le fichier r├®solu a une image incorrecte, ne comporte pas de m├®tadonn├®es ou n'est pas accessible. PE image does not have metadata. PE image does not have metadata. [c:\Users\techbox\.gemini\antigravity\scratch\ManagementCopy\Management.Infrastructure\Management.Infrastructure.csproj]
C:\Program Files\dotnet\sdk\10.0.101\Microsoft.Common.CurrentVersion.targets(2437,5): warning MSB3246: Le fichier r├®solu a une image incorrecte, ne comporte pas de m├®tadonn├®es ou n'est pas accessible. PE image does not have metadata. PE image does not have metadata. [c:\Users\techbox\.gemini\antigravity\scratch\ManagementCopy\Management.Infrastructure\Management.Infrastructure.csproj]
c:\Users\techbox\.gemini\antigravity\scratch\ManagementCopy\Management.Infrastructure\Repositories\AccessEventRepository.cs(44,41): warning CS0114: 'AccessEventRepository.GetByIdAsync(Guid, Guid?)' masque le membre h├®rit├® 'Repository<AccessEvent>.GetByIdAsync(Guid, Guid?)'. Pour que le membre actif se substitue ├á cette impl├®mentation, ajoutez le mot cl├® override. Sinon, ajoutez le mot cl├® new. [c:\Users\techbox\.gemini\antigravity\scratch\ManagementCopy\Management.Infrastructure\Management.Infrastructure.csproj]
c:\Users\techbox\.gemini\antigravity\scratch\ManagementCopy\Management.Infrastructure\Repositories\AppointmentRepository.cs(52,41): warning CS0114: 'AppointmentRepository.GetByIdAsync(Guid, Guid?)' masque le membre h├®rit├® 'Repository<Appointment>.GetByIdAsync(Guid, Guid?)'. Pour que le membre actif se substitue ├á cette impl├®mentation, ajoutez le mot cl├® override. Sinon, ajoutez le mot cl├® new. [c:\Users\techbox\.gemini\antigravity\scratch\ManagementCopy\Management.Infrastructure\Management.Infrastructure.csproj]
c:\Users\techbox\.gemini\antigravity\scratch\ManagementCopy\Management.Infrastructure\Repositories\FacilityScheduleRepository.cs(25,46): warning CS0114: 'FacilityScheduleRepository.GetByIdAsync(Guid, Guid?)' masque le membre h├®rit├® 'Repository<FacilitySchedule>.GetByIdAsync(Guid, Guid?)'. Pour que le membre actif se substitue ├á cette impl├®mentation, ajoutez le mot cl├® override. Sinon, ajoutez le mot cl├® new. [c:\Users\techbox\.gemini\antigravity\scratch\ManagementCopy\Management.Infrastructure\Management.Infrastructure.csproj]
c:\Users\techbox\.gemini\antigravity\scratch\ManagementCopy\Management.Infrastructure\Repositories\IntegrationRepository.cs(23,47): warning CS0114: 'IntegrationRepository.GetByIdAsync(Guid, Guid?)' masque le membre h├®rit├® 'Repository<IntegrationConfig>.GetByIdAsync(Guid, Guid?)'. Pour que le membre actif se substitue ├á cette impl├®mentation, ajoutez le mot cl├® override. Sinon, ajoutez le mot cl├® new. [c:\Users\techbox\.gemini\antigravity\scratch\ManagementCopy\Management.Infrastructure\Management.Infrastructure.csproj]
c:\Users\techbox\.gemini\antigravity\scratch\ManagementCopy\Management.Infrastructure\Repositories\MemberRepository.cs(139,36): warning CS0114: 'MemberRepository.GetByIdAsync(Guid, Guid?)' masque le membre h├®rit├® 'Repository<Member>.GetByIdAsync(Guid, Guid?)'. Pour que le membre actif se substitue ├á cette impl├®mentation, ajoutez le mot cl├® override. Sinon, ajoutez le mot cl├® new. [c:\Users\techbox\.gemini\antigravity\scratch\ManagementCopy\Management.Infrastructure\Management.Infrastructure.csproj]
c:\Users\techbox\.gemini\antigravity\scratch\ManagementCopy\Management.Infrastructure\Repositories\MembershipPlanRepository.cs(20,44): warning CS0114: 'MembershipPlanRepository.GetByIdAsync(Guid, Guid?)' masque le membre h├®rit├® 'Repository<MembershipPlan>.GetByIdAsync(Guid, Guid?)'. Pour que le membre actif se substitue ├á cette impl├®mentation, ajoutez le mot cl├® override. Sinon, ajoutez le mot cl├® new. [c:\Users\techbox\.gemini\antigravity\scratch\ManagementCopy\Management.Infrastructure\Management.Infrastructure.csproj]
c:\Users\techbox\.gemini\antigravity\scratch\ManagementCopy\Management.Infrastructure\Repositories\ProductRepository.cs(38,37): warning CS0114: 'ProductRepository.GetByIdAsync(Guid, Guid?)' masque le membre h├®rit├® 'Repository<Product>.GetByIdAsync(Guid, Guid?)'. Pour que le membre actif se substitue ├á cette impl├®mentation, ajoutez le mot cl├® override. Sinon, ajoutez le mot cl├® new. [c:\Users\techbox\.gemini\antigravity\scratch\ManagementCopy\Management.Infrastructure\Management.Infrastructure.csproj]
c:\Users\techbox\.gemini\antigravity\scratch\ManagementCopy\Management.Infrastructure\Repositories\RegistrationRepository.cs(36,42): warning CS0114: 'RegistrationRepository.GetByIdAsync(Guid, Guid?)' masque le membre h├®rit├® 'Repository<Registration>.GetByIdAsync(Guid, Guid?)'. Pour que le membre actif se substitue ├á cette impl├®mentation, ajoutez le mot cl├® override. Sinon, ajoutez le mot cl├® new. [c:\Users\techbox\.gemini\antigravity\scratch\ManagementCopy\Management.Infrastructure\Management.Infrastructure.csproj]
c:\Users\techbox\.gemini\antigravity\scratch\ManagementCopy\Management.Infrastructure\Repositories\PayrollRepository.cs(27,42): warning CS0114: 'PayrollRepository.GetByIdAsync(Guid, Guid?)' masque le membre h├®rit├® 'Repository<PayrollEntry>.GetByIdAsync(Guid, Guid?)'. Pour que le membre actif se substitue ├á cette impl├®mentation, ajoutez le mot cl├® override. Sinon, ajoutez le mot cl├® new. [c:\Users\techbox\.gemini\antigravity\scratch\ManagementCopy\Management.Infrastructure\Management.Infrastructure.csproj]
c:\Users\techbox\.gemini\antigravity\scratch\ManagementCopy\Management.Infrastructure\Repositories\SaleRepository.cs(46,34): warning CS0114: 'SaleRepository.GetByIdAsync(Guid, Guid?)' masque le membre h├®rit├® 'Repository<Sale>.GetByIdAsync(Guid, Guid?)'. Pour que le membre actif se substitue ├á cette impl├®mentation, ajoutez le mot cl├® override. Sinon, ajoutez le mot cl├® new. [c:\Users\techbox\.gemini\antigravity\scratch\ManagementCopy\Management.Infrastructure\Management.Infrastructure.csproj]
c:\Users\techbox\.gemini\antigravity\scratch\ManagementCopy\Management.Infrastructure\Repositories\TransactionRepository.cs(33,41): warning CS0114: 'TransactionRepository.GetByIdAsync(Guid, Guid?)' masque le membre h├®rit├® 'Repository<Transaction>.GetByIdAsync(Guid, Guid?)'. Pour que le membre actif se substitue ├á cette impl├®mentation, ajoutez le mot cl├® override. Sinon, ajoutez le mot cl├® new. [c:\Users\techbox\.gemini\antigravity\scratch\ManagementCopy\Management.Infrastructure\Management.Infrastructure.csproj]
c:\Users\techbox\.gemini\antigravity\scratch\ManagementCopy\Management.Infrastructure\Repositories\TurnstileRepository.cs(23,39): warning CS0114: 'TurnstileRepository.GetByIdAsync(Guid, Guid?)' masque le membre h├®rit├® 'Repository<Turnstile>.GetByIdAsync(Guid, Guid?)'. Pour que le membre actif se substitue ├á cette impl├®mentation, ajoutez le mot cl├® override. Sinon, ajoutez le mot cl├® new. [c:\Users\techbox\.gemini\antigravity\scratch\ManagementCopy\Management.Infrastructure\Management.Infrastructure.csproj]
c:\Users\techbox\.gemini\antigravity\scratch\ManagementCopy\Management.Infrastructure\Repositories\ReservationRepository.cs(38,41): warning CS0114: 'ReservationRepository.GetByIdAsync(Guid, Guid?)' masque le membre h├®rit├® 'Repository<Reservation>.GetByIdAsync(Guid, Guid?)'. Pour que le membre actif se substitue ├á cette impl├®mentation, ajoutez le mot cl├® override. Sinon, ajoutez le mot cl├® new. [c:\Users\techbox\.gemini\antigravity\scratch\ManagementCopy\Management.Infrastructure\Management.Infrastructure.csproj]
c:\Users\techbox\.gemini\antigravity\scratch\ManagementCopy\Management.Infrastructure\Repositories\RestaurantOrderRepository.cs(27,45): warning CS0114: 'RestaurantOrderRepository.GetByIdAsync(Guid, Guid?)' masque le membre h├®rit├® 'Repository<RestaurantOrder>.GetByIdAsync(Guid, Guid?)'. Pour que le membre actif se substitue ├á cette impl├®mentation, ajoutez le mot cl├® override. Sinon, ajoutez le mot cl├® new. [c:\Users\techbox\.gemini\antigravity\scratch\ManagementCopy\Management.Infrastructure\Management.Infrastructure.csproj]
c:\Users\techbox\.gemini\antigravity\scratch\ManagementCopy\Management.Infrastructure\Hardware\ZKTecoTurnstileService.cs(71,33): warning CS8602: D├®r├®f├®rencement d'une ├®ventuelle r├®f├®rence null. [c:\Users\techbox\.gemini\antigravity\scratch\ManagementCopy\Management.Infrastructure\Management.Infrastructure.csproj]
c:\Users\techbox\.gemini\antigravity\scratch\ManagementCopy\Management.Infrastructure\Hardware\ZKTecoTurnstileService.cs(82,21): warning CS8602: D├®r├®f├®rencement d'une ├®ventuelle r├®f├®rence null. [c:\Users\techbox\.gemini\antigravity\scratch\ManagementCopy\Management.Infrastructure\Management.Infrastructure.csproj]
c:\Users\techbox\.gemini\antigravity\scratch\ManagementCopy\Management.Infrastructure\Hardware\ZKTecoTurnstileService.cs(121,31): warning CS8602: D├®r├®f├®rencement d'une ├®ventuelle r├®f├®rence null. [c:\Users\techbox\.gemini\antigravity\scratch\ManagementCopy\Management.Infrastructure\Management.Infrastructure.csproj]
c:\Users\techbox\.gemini\antigravity\scratch\ManagementCopy\Management.Infrastructure\Services\Supabase\SupabaseProvider.cs(17,24): warning CS8618: Le champ ┬½┬á_client┬á┬╗ non-nullable doit contenir une valeur autre que Null lors de la fermeture du constructeur. Envisagez dÔÇÖajouter le modificateur ┬½┬árequired┬á┬╗ ou de d├®clarer le champ comme pouvant accepter la valeur Null. [c:\Users\techbox\.gemini\antigravity\scratch\ManagementCopy\Management.Infrastructure\Management.Infrastructure.csproj]
c:\Users\techbox\.gemini\antigravity\scratch\ManagementCopy\Management.Infrastructure\Hardware\ZKTecoTurnstileService.cs(141,17): warning CS8602: D├®r├®f├®rencement d'une ├®ventuelle r├®f├®rence null. [c:\Users\techbox\.gemini\antigravity\scratch\ManagementCopy\Management.Infrastructure\Management.Infrastructure.csproj]
c:\Users\techbox\.gemini\antigravity\scratch\ManagementCopy\Management.Infrastructure\Data\DesignTimeDbContextFactory.cs(60,60): warning CS8618: Le ├®v├®nement ┬½┬áFacilityChanged┬á┬╗ non-nullable doit contenir une valeur autre que Null lors de la fermeture du constructeur. Envisagez dÔÇÖajouter le modificateur ┬½┬árequired┬á┬╗ ou de d├®clarer le ├®v├®nement comme pouvant accepter la valeur Null. [c:\Users\techbox\.gemini\antigravity\scratch\ManagementCopy\Management.Infrastructure\Management.Infrastructure.csproj]
c:\Users\techbox\.gemini\antigravity\scratch\ManagementCopy\Management.Infrastructure\Services\TurnstileService.cs(43,13): warning CS8602: D├®r├®f├®rencement d'une ├®ventuelle r├®f├®rence null. [c:\Users\techbox\.gemini\antigravity\scratch\ManagementCopy\Management.Infrastructure\Management.Infrastructure.csproj]
c:\Users\techbox\.gemini\antigravity\scratch\ManagementCopy\Management.Infrastructure\Services\TurnstileService.cs(53,13): warning CS8602: D├®r├®f├®rencement d'une ├®ventuelle r├®f├®rence null. [c:\Users\techbox\.gemini\antigravity\scratch\ManagementCopy\Management.Infrastructure\Management.Infrastructure.csproj]
c:\Users\techbox\.gemini\antigravity\scratch\ManagementCopy\Management.Infrastructure\Services\Sync\GymSyncStrategy.cs(79,44): warning CS8601: Existence possible d'une assignation de r├®f├®rence null. [c:\Users\techbox\.gemini\antigravity\scratch\ManagementCopy\Management.Infrastructure\Management.Infrastructure.csproj]
c:\Users\techbox\.gemini\antigravity\scratch\ManagementCopy\Management.Infrastructure\Services\Sync\GymSyncStrategy.cs(80,44): warning CS8601: Existence possible d'une assignation de r├®f├®rence null. [c:\Users\techbox\.gemini\antigravity\scratch\ManagementCopy\Management.Infrastructure\Management.Infrastructure.csproj]
c:\Users\techbox\.gemini\antigravity\scratch\ManagementCopy\Management.Infrastructure\Services\Sync\GymSyncStrategy.cs(82,42): warning CS8601: Existence possible d'une assignation de r├®f├®rence null. [c:\Users\techbox\.gemini\antigravity\scratch\ManagementCopy\Management.Infrastructure\Management.Infrastructure.csproj]
c:\Users\techbox\.gemini\antigravity\scratch\ManagementCopy\Management.Infrastructure\Services\Sync\GymSyncStrategy.cs(83,55): warning CS8601: Existence possible d'une assignation de r├®f├®rence null. [c:\Users\techbox\.gemini\antigravity\scratch\ManagementCopy\Management.Infrastructure\Management.Infrastructure.csproj]
c:\Users\techbox\.gemini\antigravity\scratch\ManagementCopy\Management.Infrastructure\Services\Sync\GymSyncStrategy.cs(115,61): warning CS8604: Existence possible d'un argument de r├®f├®rence null pour le param├¿tre 's' dans 'TimeSpan TimeSpan.Parse(string s)'. [c:\Users\techbox\.gemini\antigravity\scratch\ManagementCopy\Management.Infrastructure\Management.Infrastructure.csproj]
c:\Users\techbox\.gemini\antigravity\scratch\ManagementCopy\Management.Infrastructure\Services\Sync\GymSyncStrategy.cs(116,59): warning CS8604: Existence possible d'un argument de r├®f├®rence null pour le param├¿tre 's' dans 'TimeSpan TimeSpan.Parse(string s)'. [c:\Users\techbox\.gemini\antigravity\scratch\ManagementCopy\Management.Infrastructure\Management.Infrastructure.csproj]
c:\Users\techbox\.gemini\antigravity\scratch\ManagementCopy\Management.Infrastructure\Services\Sync\GymSyncStrategy.cs(175,40): warning CS8604: Existence possible d'un argument de r├®f├®rence null pour le param├¿tre 'arg' dans 'TSupabaseModel Func<Dictionary<string, JsonElement>, TSupabaseModel>.Invoke(Dictionary<string, JsonElement> arg)'. [c:\Users\techbox\.gemini\antigravity\scratch\ManagementCopy\Management.Infrastructure\Management.Infrastructure.csproj]
c:\Users\techbox\.gemini\antigravity\scratch\ManagementCopy\Management.Infrastructure\Services\Sync\GymSyncStrategy.cs(178,20): warning CS8602: D├®r├®f├®rencement d'une ├®ventuelle r├®f├®rence null. [c:\Users\techbox\.gemini\antigravity\scratch\ManagementCopy\Management.Infrastructure\Management.Infrastructure.csproj]
c:\Users\techbox\.gemini\antigravity\scratch\ManagementCopy\Management.Infrastructure\Repositories\CachedMembershipPlanRepository.cs(62,50): warning CS8600: Conversion de litt├®ral ayant une valeur null ou d'une ├®ventuelle valeur null en type non-nullable. [c:\Users\techbox\.gemini\antigravity\scratch\ManagementCopy\Management.Infrastructure\Management.Infrastructure.csproj]
c:\Users\techbox\.gemini\antigravity\scratch\ManagementCopy\Management.Infrastructure\Repositories\CachedMembershipPlanRepository.cs(64,24): warning CS8603: Existence possible d'un retour de r├®f├®rence null. [c:\Users\techbox\.gemini\antigravity\scratch\ManagementCopy\Management.Infrastructure\Management.Infrastructure.csproj]
c:\Users\techbox\.gemini\antigravity\scratch\ManagementCopy\Management.Infrastructure\Services\AccessControlService.cs(45,71): warning CS8625: Impossible de convertir un litt├®ral ayant une valeur null en type r├®f├®rence non-nullable. [c:\Users\techbox\.gemini\antigravity\scratch\ManagementCopy\Management.Infrastructure\Management.Infrastructure.csproj]
c:\Users\techbox\.gemini\antigravity\scratch\ManagementCopy\Management.Infrastructure\Services\SyncService.cs(263,57): warning CS8604: Existence possible d'un argument de r├®f├®rence null pour le param├¿tre 'dict' dans 'string? SyncService.GetVal<string>(Dictionary<string, JsonElement> dict, string key)'. [c:\Users\techbox\.gemini\antigravity\scratch\ManagementCopy\Management.Infrastructure\Management.Infrastructure.csproj]
c:\Users\techbox\.gemini\antigravity\scratch\ManagementCopy\Management.Infrastructure\Services\SyncService.cs(327,49): warning CS8604: Existence possible d'un argument de r├®f├®rence null pour le param├¿tre 'supabaseUserId' dans 'void StaffMember.MarkAuthCompleted(string supabaseUserId)'. [c:\Users\techbox\.gemini\antigravity\scratch\ManagementCopy\Management.Infrastructure\Management.Infrastructure.csproj]
c:\Users\techbox\.gemini\antigravity\scratch\ManagementCopy\Management.Infrastructure\Services\SyncService.cs(383,98): warning CS8602: D├®r├®f├®rencement d'une ├®ventuelle r├®f├®rence null. [c:\Users\techbox\.gemini\antigravity\scratch\ManagementCopy\Management.Infrastructure\Management.Infrastructure.csproj]
c:\Users\techbox\.gemini\antigravity\scratch\ManagementCopy\Management.Infrastructure\Services\SyncService.cs(396,38): warning CS8605: Conversion unboxing d'une valeur peut-├¬tre null. [c:\Users\techbox\.gemini\antigravity\scratch\ManagementCopy\Management.Infrastructure\Management.Infrastructure.csproj]
c:\Users\techbox\.gemini\antigravity\scratch\ManagementCopy\Management.Infrastructure\Services\SyncService.cs(411,18): warning CS8602: D├®r├®f├®rencement d'une ├®ventuelle r├®f├®rence null. [c:\Users\techbox\.gemini\antigravity\scratch\ManagementCopy\Management.Infrastructure\Management.Infrastructure.csproj]
c:\Users\techbox\.gemini\antigravity\scratch\ManagementCopy\Management.Infrastructure\Services\AuthenticationService.cs(187,48): warning CS8604: Existence possible d'un argument de r├®f├®rence null pour le param├¿tre 'source' dans 'SupabaseStaffMember? Enumerable.FirstOrDefault<SupabaseStaffMember>(IEnumerable<SupabaseStaffMember> source, Func<SupabaseStaffMember, bool> predicate)'. [c:\Users\techbox\.gemini\antigravity\scratch\ManagementCopy\Management.Infrastructure\Management.Infrastructure.csproj]
c:\Users\techbox\.gemini\antigravity\scratch\ManagementCopy\Management.Infrastructure\Services\SyncService.cs(499,21): warning CS8602: D├®r├®f├®rencement d'une ├®ventuelle r├®f├®rence null. [c:\Users\techbox\.gemini\antigravity\scratch\ManagementCopy\Management.Infrastructure\Management.Infrastructure.csproj]
c:\Users\techbox\.gemini\antigravity\scratch\ManagementCopy\Management.Infrastructure\Services\Hardware\GlobalKeyboardHook.cs(40,37): warning CS8625: Impossible de convertir un litt├®ral ayant une valeur null en type r├®f├®rence non-nullable. [c:\Users\techbox\.gemini\antigravity\scratch\ManagementCopy\Management.Infrastructure\Management.Infrastructure.csproj]
c:\Users\techbox\.gemini\antigravity\scratch\ManagementCopy\Management.Infrastructure\Services\AuthenticationService.cs(646,36): warning CS8601: Existence possible d'une assignation de r├®f├®rence null. [c:\Users\techbox\.gemini\antigravity\scratch\ManagementCopy\Management.Infrastructure\Management.Infrastructure.csproj]
c:\Users\techbox\.gemini\antigravity\scratch\ManagementCopy\Management.Infrastructure\Services\AuthenticationService.cs(660,52): warning CS8601: Existence possible d'une assignation de r├®f├®rence null. [c:\Users\techbox\.gemini\antigravity\scratch\ManagementCopy\Management.Infrastructure\Management.Infrastructure.csproj]
c:\Users\techbox\.gemini\antigravity\scratch\ManagementCopy\Management.Infrastructure\Services\OnboardingService.cs(221,36): warning CS8601: Existence possible d'une assignation de r├®f├®rence null. [c:\Users\techbox\.gemini\antigravity\scratch\ManagementCopy\Management.Infrastructure\Management.Infrastructure.csproj]
c:\Users\techbox\.gemini\antigravity\scratch\ManagementCopy\Management.Infrastructure\Data\AppDbContext.cs(570,58): warning CS8600: Conversion de litt├®ral ayant une valeur null ou d'une ├®ventuelle valeur null en type non-nullable. [c:\Users\techbox\.gemini\antigravity\scratch\ManagementCopy\Management.Infrastructure\Management.Infrastructure.csproj]
c:\Users\techbox\.gemini\antigravity\scratch\ManagementCopy\Management.Infrastructure\Data\AppDbContext.cs(571,86): warning CS8600: Conversion de litt├®ral ayant une valeur null ou d'une ├®ventuelle valeur null en type non-nullable. [c:\Users\techbox\.gemini\antigravity\scratch\ManagementCopy\Management.Infrastructure\Management.Infrastructure.csproj]
c:\Users\techbox\.gemini\antigravity\scratch\ManagementCopy\Management.Infrastructure\Data\AppDbContext.cs(574,37): warning CS8604: Existence possible d'un argument de r├®f├®rence null pour le param├¿tre 'first' dans 'bool Enumerable.SequenceEqual<KeyValuePair<string, bool>>(IEnumerable<KeyValuePair<string, bool>> first, IEnumerable<KeyValuePair<string, bool>> second)'. [c:\Users\techbox\.gemini\antigravity\scratch\ManagementCopy\Management.Infrastructure\Management.Infrastructure.csproj]
c:\Users\techbox\.gemini\antigravity\scratch\ManagementCopy\Management.Infrastructure\Data\AppDbContext.cs(574,54): warning CS8604: Existence possible d'un argument de r├®f├®rence null pour le param├¿tre 'second' dans 'bool Enumerable.SequenceEqual<KeyValuePair<string, bool>>(IEnumerable<KeyValuePair<string, bool>> first, IEnumerable<KeyValuePair<string, bool>> second)'. [c:\Users\techbox\.gemini\antigravity\scratch\ManagementCopy\Management.Infrastructure\Management.Infrastructure.csproj]
c:\Users\techbox\.gemini\antigravity\scratch\ManagementCopy\Management.Infrastructure\Data\AppDbContext.cs(581,58): warning CS8600: Conversion de litt├®ral ayant une valeur null ou d'une ├®ventuelle valeur null en type non-nullable. [c:\Users\techbox\.gemini\antigravity\scratch\ManagementCopy\Management.Infrastructure\Management.Infrastructure.csproj]
c:\Users\techbox\.gemini\antigravity\scratch\ManagementCopy\Management.Infrastructure\Data\AppDbContext.cs(582,74): warning CS8600: Conversion de litt├®ral ayant une valeur null ou d'une ├®ventuelle valeur null en type non-nullable. [c:\Users\techbox\.gemini\antigravity\scratch\ManagementCopy\Management.Infrastructure\Management.Infrastructure.csproj]
c:\Users\techbox\.gemini\antigravity\scratch\ManagementCopy\Management.Infrastructure\Data\AppDbContext.cs(584,37): warning CS8604: Existence possible d'un argument de r├®f├®rence null pour le param├¿tre 'first' dans 'bool Enumerable.SequenceEqual<string>(IEnumerable<string> first, IEnumerable<string> second)'. [c:\Users\techbox\.gemini\antigravity\scratch\ManagementCopy\Management.Infrastructure\Management.Infrastructure.csproj]
c:\Users\techbox\.gemini\antigravity\scratch\ManagementCopy\Management.Infrastructure\Data\AppDbContext.cs(584,54): warning CS8604: Existence possible d'un argument de r├®f├®rence null pour le param├¿tre 'second' dans 'bool Enumerable.SequenceEqual<string>(IEnumerable<string> first, IEnumerable<string> second)'. [c:\Users\techbox\.gemini\antigravity\scratch\ManagementCopy\Management.Infrastructure\Management.Infrastructure.csproj]
c:\Users\techbox\.gemini\antigravity\scratch\ManagementCopy\Management.Infrastructure\Data\AppDbContext.cs(675,58): warning CS8600: Conversion de litt├®ral ayant une valeur null ou d'une ├®ventuelle valeur null en type non-nullable. [c:\Users\techbox\.gemini\antigravity\scratch\ManagementCopy\Management.Infrastructure\Management.Infrastructure.csproj]
c:\Users\techbox\.gemini\antigravity\scratch\ManagementCopy\Management.Infrastructure\Data\AppDbContext.cs(676,70): warning CS8600: Conversion de litt├®ral ayant une valeur null ou d'une ├®ventuelle valeur null en type non-nullable. [c:\Users\techbox\.gemini\antigravity\scratch\ManagementCopy\Management.Infrastructure\Management.Infrastructure.csproj]
c:\Users\techbox\.gemini\antigravity\scratch\ManagementCopy\Management.Infrastructure\Data\AppDbContext.cs(678,37): warning CS8604: Existence possible d'un argument de r├®f├®rence null pour le param├¿tre 'first' dans 'bool Enumerable.SequenceEqual<string>(IEnumerable<string> first, IEnumerable<string> second)'. [c:\Users\techbox\.gemini\antigravity\scratch\ManagementCopy\Management.Infrastructure\Management.Infrastructure.csproj]
c:\Users\techbox\.gemini\antigravity\scratch\ManagementCopy\Management.Infrastructure\Data\AppDbContext.cs(678,54): warning CS8604: Existence possible d'un argument de r├®f├®rence null pour le param├¿tre 'second' dans 'bool Enumerable.SequenceEqual<string>(IEnumerable<string> first, IEnumerable<string> second)'. [c:\Users\techbox\.gemini\antigravity\scratch\ManagementCopy\Management.Infrastructure\Management.Infrastructure.csproj]
c:\Users\techbox\.gemini\antigravity\scratch\ManagementCopy\Management.Infrastructure\Data\AppDbContext.cs(834,67): warning CS8604: Existence possible d'un argument de r├®f├®rence null pour le param├¿tre 'name' dans 'StoreObjectIdentifier StoreObjectIdentifier.Table(string name, string? schema = null)'. [c:\Users\techbox\.gemini\antigravity\scratch\ManagementCopy\Management.Infrastructure\Management.Infrastructure.csproj]
c:\Users\techbox\.gemini\antigravity\scratch\ManagementCopy\Management.Infrastructure\Services\OnboardingService.cs(290,136): warning CS8604: Existence possible d'un argument de r├®f├®rence null pour le param├¿tre 'tenantName' dans 'Task<Result<Guid>> OnboardingService.RegisterBusinessAsync(Guid ownerId, string ownerName, string email, string licenseKey, string tenantName, string tenantSlug, int facilityType = 0)'. [c:\Users\techbox\.gemini\antigravity\scratch\ManagementCopy\Management.Infrastructure\Management.Infrastructure.csproj]
c:\Users\techbox\.gemini\antigravity\scratch\ManagementCopy\Management.Infrastructure\Services\OnboardingService.cs(316,46): warning CS8604: Existence possible d'un argument de r├®f├®rence null pour le param├¿tre 'input' dans 'Guid Guid.Parse(string input)'. [c:\Users\techbox\.gemini\antigravity\scratch\ManagementCopy\Management.Infrastructure\Management.Infrastructure.csproj]
c:\Users\techbox\.gemini\antigravity\scratch\ManagementCopy\Management.Infrastructure\Services\OnboardingService.cs(630,43): warning CS8600: Conversion de litt├®ral ayant une valeur null ou d'une ├®ventuelle valeur null en type non-nullable. [c:\Users\techbox\.gemini\antigravity\scratch\ManagementCopy\Management.Infrastructure\Management.Infrastructure.csproj]
c:\Users\techbox\.gemini\antigravity\scratch\ManagementCopy\Management.Infrastructure\Services\SyncService.cs(1089,17): warning CS8604: Existence possible d'un argument de r├®f├®rence null pour le param├¿tre 'name' dans 'Result<MembershipPlan> MembershipPlan.Create(string name, string description, int durationDays, Money price, bool isWalkIn = false)'. [c:\Users\techbox\.gemini\antigravity\scratch\ManagementCopy\Management.Infrastructure\Management.Infrastructure.csproj]
c:\Users\techbox\.gemini\antigravity\scratch\ManagementCopy\Management.Infrastructure\Services\OnboardingService.cs(811,28): warning CS8601: Existence possible d'une assignation de r├®f├®rence null. [c:\Users\techbox\.gemini\antigravity\scratch\ManagementCopy\Management.Infrastructure\Management.Infrastructure.csproj]
c:\Users\techbox\.gemini\antigravity\scratch\ManagementCopy\Management.Infrastructure\Services\OnboardingService.cs(812,25): warning CS8601: Existence possible d'une assignation de r├®f├®rence null. [c:\Users\techbox\.gemini\antigravity\scratch\ManagementCopy\Management.Infrastructure\Management.Infrastructure.csproj]
c:\Users\techbox\.gemini\antigravity\scratch\ManagementCopy\Management.Infrastructure\Services\DiagnosticService.cs(14,85): warning CS0067: L'├®v├®nement 'DiagnosticService.EntryAdded' n'est jamais utilis├® [c:\Users\techbox\.gemini\antigravity\scratch\ManagementCopy\Management.Infrastructure\Management.Infrastructure.csproj]
c:\Users\techbox\.gemini\antigravity\scratch\ManagementCopy\Management.Infrastructure\Data\DesignTimeDbContextFactory.cs(60,60): warning CS0067: L'├®v├®nement 'DesignTimeDbContextFactory.MockFacilityContextService.FacilityChanged' n'est jamais utilis├® [c:\Users\techbox\.gemini\antigravity\scratch\ManagementCopy\Management.Infrastructure\Management.Infrastructure.csproj]
c:\Users\techbox\.gemini\antigravity\scratch\ManagementCopy\Management.Infrastructure\Services\EscPosPrinterService.cs(23,22): warning CS0169: Le champ 'EscPosPrinterService._isDisposed' n'est jamais utilis├® [c:\Users\techbox\.gemini\antigravity\scratch\ManagementCopy\Management.Infrastructure\Management.Infrastructure.csproj]
c:\Users\techbox\.gemini\antigravity\scratch\ManagementCopy\Management.Infrastructure\Hardware\ZKTecoTurnstileService.cs(38,30): warning CA1416: Ce site d'appel est accessible sur toutes les plateformes. 'Type.GetTypeFromProgID(string)' est uniquement pris en charge sur 'windows'. (https://learn.microsoft.com/dotnet/fundamentals/code-analysis/quality-rules/ca1416) [c:\Users\techbox\.gemini\antigravity\scratch\ManagementCopy\Management.Infrastructure\Management.Infrastructure.csproj]
c:\Users\techbox\.gemini\antigravity\scratch\ManagementCopy\Management.Infrastructure\Hardware\RfidReaderDevice.cs(116,51): warning CA1416: Ce site d'appel est accessible sur toutes les plateformes. 'HardwareService.NotifyStatusChanged(string, bool, string?)' est uniquement pris en charge sur 'windows'. (https://learn.microsoft.com/dotnet/fundamentals/code-analysis/quality-rules/ca1416) [c:\Users\techbox\.gemini\antigravity\scratch\ManagementCopy\Management.Infrastructure\Management.Infrastructure.csproj]
c:\Users\techbox\.gemini\antigravity\scratch\ManagementCopy\Management.Infrastructure\Hardware\RfidReaderDevice.cs(157,55): warning CA1416: Ce site d'appel est accessible sur toutes les plateformes. 'HardwareService.NotifyStatusChanged(string, bool, string?)' est uniquement pris en charge sur 'windows'. (https://learn.microsoft.com/dotnet/fundamentals/code-analysis/quality-rules/ca1416) [c:\Users\techbox\.gemini\antigravity\scratch\ManagementCopy\Management.Infrastructure\Management.Infrastructure.csproj]
c:\Users\techbox\.gemini\antigravity\scratch\ManagementCopy\Management.Infrastructure\Hardware\RfidReaderDevice.cs(76,55): warning CA1416: Ce site d'appel est accessible sur toutes les plateformes. 'HardwareService.NotifyStatusChanged(string, bool, string?)' est uniquement pris en charge sur 'windows'. (https://learn.microsoft.com/dotnet/fundamentals/code-analysis/quality-rules/ca1416) [c:\Users\techbox\.gemini\antigravity\scratch\ManagementCopy\Management.Infrastructure\Management.Infrastructure.csproj]
c:\Users\techbox\.gemini\antigravity\scratch\ManagementCopy\Management.Infrastructure\Hardware\RfidReaderDevice.cs(69,55): warning CA1416: Ce site d'appel est accessible sur toutes les plateformes. 'HardwareService.NotifyStatusChanged(string, bool, string?)' est uniquement pris en charge sur 'windows'. (https://learn.microsoft.com/dotnet/fundamentals/code-analysis/quality-rules/ca1416) [c:\Users\techbox\.gemini\antigravity\scratch\ManagementCopy\Management.Infrastructure\Management.Infrastructure.csproj]
c:\Users\techbox\.gemini\antigravity\scratch\ManagementCopy\Management.Infrastructure\Integrations\Supabase\CustomFileSessionHandler.cs(46,33): warning CA1416: Ce site d'appel est accessible sur toutes les plateformes. 'ProtectedData.Unprotect(byte[], byte[]?, DataProtectionScope)' est uniquement pris en charge sur 'windows'. (https://learn.microsoft.com/dotnet/fundamentals/code-analysis/quality-rules/ca1416) [c:\Users\techbox\.gemini\antigravity\scratch\ManagementCopy\Management.Infrastructure\Management.Infrastructure.csproj]
c:\Users\techbox\.gemini\antigravity\scratch\ManagementCopy\Management.Infrastructure\Integrations\Supabase\CustomFileSessionHandler.cs(46,85): warning CA1416: Ce site d'appel est accessible sur toutes les plateformes. 'DataProtectionScope.LocalMachine' est uniquement pris en charge sur 'windows'. (https://learn.microsoft.com/dotnet/fundamentals/code-analysis/quality-rules/ca1416) [c:\Users\techbox\.gemini\antigravity\scratch\ManagementCopy\Management.Infrastructure\Management.Infrastructure.csproj]
c:\Users\techbox\.gemini\antigravity\scratch\ManagementCopy\Management.Infrastructure\Integrations\Supabase\CustomFileSessionHandler.cs(30,33): warning CA1416: Ce site d'appel est accessible sur toutes les plateformes. 'ProtectedData.Protect(byte[], byte[]?, DataProtectionScope)' est uniquement pris en charge sur 'windows'. (https://learn.microsoft.com/dotnet/fundamentals/code-analysis/quality-rules/ca1416) [c:\Users\techbox\.gemini\antigravity\scratch\ManagementCopy\Management.Infrastructure\Management.Infrastructure.csproj]
c:\Users\techbox\.gemini\antigravity\scratch\ManagementCopy\Management.Infrastructure\Integrations\Supabase\CustomFileSessionHandler.cs(30,78): warning CA1416: Ce site d'appel est accessible sur toutes les plateformes. 'DataProtectionScope.LocalMachine' est uniquement pris en charge sur 'windows'. (https://learn.microsoft.com/dotnet/fundamentals/code-analysis/quality-rules/ca1416) [c:\Users\techbox\.gemini\antigravity\scratch\ManagementCopy\Management.Infrastructure\Management.Infrastructure.csproj]
c:\Users\techbox\.gemini\antigravity\scratch\ManagementCopy\Management.Infrastructure\Services\SecurityService.cs(20,40): warning CA1416: Ce site d'appel est accessible sur toutes les plateformes. 'ProtectedData.Protect(byte[], byte[]?, DataProtectionScope)' est uniquement pris en charge sur 'windows'. (https://learn.microsoft.com/dotnet/fundamentals/code-analysis/quality-rules/ca1416) [c:\Users\techbox\.gemini\antigravity\scratch\ManagementCopy\Management.Infrastructure\Management.Infrastructure.csproj]
c:\Users\techbox\.gemini\antigravity\scratch\ManagementCopy\Management.Infrastructure\Services\SecurityService.cs(20,85): warning CA1416: Ce site d'appel est accessible sur toutes les plateformes. 'DataProtectionScope.LocalMachine' est uniquement pris en charge sur 'windows'. (https://learn.microsoft.com/dotnet/fundamentals/code-analysis/quality-rules/ca1416) [c:\Users\techbox\.gemini\antigravity\scratch\ManagementCopy\Management.Infrastructure\Management.Infrastructure.csproj]
c:\Users\techbox\.gemini\antigravity\scratch\ManagementCopy\Management.Infrastructure\Services\SecurityService.cs(36,87): warning CA1416: Ce site d'appel est accessible sur toutes les plateformes. 'DataProtectionScope.LocalMachine' est uniquement pris en charge sur 'windows'. (https://learn.microsoft.com/dotnet/fundamentals/code-analysis/quality-rules/ca1416) [c:\Users\techbox\.gemini\antigravity\scratch\ManagementCopy\Management.Infrastructure\Management.Infrastructure.csproj]
c:\Users\techbox\.gemini\antigravity\scratch\ManagementCopy\Management.Infrastructure\Services\SecurityService.cs(36,40): warning CA1416: Ce site d'appel est accessible sur toutes les plateformes. 'ProtectedData.Unprotect(byte[], byte[]?, DataProtectionScope)' est uniquement pris en charge sur 'windows'. (https://learn.microsoft.com/dotnet/fundamentals/code-analysis/quality-rules/ca1416) [c:\Users\techbox\.gemini\antigravity\scratch\ManagementCopy\Management.Infrastructure\Management.Infrastructure.csproj]
C:\Program Files\dotnet\sdk\10.0.101\Microsoft.Common.CurrentVersion.targets(2437,5): warning MSB3246: Le fichier r├®solu a une image incorrecte, ne comporte pas de m├®tadonn├®es ou n'est pas accessible. PE image does not have metadata. PE image does not have metadata. [c:\Users\techbox\.gemini\antigravity\scratch\ManagementCopy\Management.Presentation\Management.Presentation.csproj]
C:\Program Files\dotnet\sdk\10.0.101\Microsoft.Common.CurrentVersion.targets(2437,5): warning MSB3246: Le fichier r├®solu a une image incorrecte, ne comporte pas de m├®tadonn├®es ou n'est pas accessible. PE image does not have metadata. PE image does not have metadata. [c:\Users\techbox\.gemini\antigravity\scratch\ManagementCopy\Management.Presentation\Management.Presentation.csproj]
C:\Program Files\dotnet\sdk\10.0.101\Microsoft.Common.CurrentVersion.targets(2437,5): warning MSB3246: Le fichier r├®solu a une image incorrecte, ne comporte pas de m├®tadonn├®es ou n'est pas accessible. PE image does not have metadata. PE image does not have metadata. [c:\Users\techbox\.gemini\antigravity\scratch\ManagementCopy\Management.Presentation\Management.Presentation.csproj]
C:\Program Files\dotnet\sdk\10.0.101\Microsoft.Common.CurrentVersion.targets(2437,5): warning MSB3246: Le fichier r├®solu a une image incorrecte, ne comporte pas de m├®tadonn├®es ou n'est pas accessible. PE image does not have metadata. PE image does not have metadata. [c:\Users\techbox\.gemini\antigravity\scratch\ManagementCopy\Management.Presentation\Management.Presentation.csproj]
C:\Program Files\dotnet\sdk\10.0.101\Microsoft.Common.CurrentVersion.targets(2437,5): warning MSB3246: Le fichier r├®solu a une image incorrecte, ne comporte pas de m├®tadonn├®es ou n'est pas accessible. PE image does not have metadata. PE image does not have metadata. [c:\Users\techbox\.gemini\antigravity\scratch\ManagementCopy\Management.Presentation\Management.Presentation.csproj]
C:\Program Files\dotnet\sdk\10.0.101\Microsoft.Common.CurrentVersion.targets(2437,5): warning MSB3246: Le fichier r├®solu a une image incorrecte, ne comporte pas de m├®tadonn├®es ou n'est pas accessible. PE image does not have metadata. PE image does not have metadata. [c:\Users\techbox\.gemini\antigravity\scratch\ManagementCopy\Management.Presentation\Management.Presentation.csproj]
C:\Program Files\dotnet\sdk\10.0.101\Microsoft.Common.CurrentVersion.targets(2437,5): warning MSB3246: Le fichier r├®solu a une image incorrecte, ne comporte pas de m├®tadonn├®es ou n'est pas accessible. PE image does not have metadata. PE image does not have metadata. [c:\Users\techbox\.gemini\antigravity\scratch\ManagementCopy\Management.Presentation\Management.Presentation.csproj]
C:\Program Files\dotnet\sdk\10.0.101\Microsoft.Common.CurrentVersion.targets(2437,5): warning MSB3246: Le fichier r├®solu a une image incorrecte, ne comporte pas de m├®tadonn├®es ou n'est pas accessible. PE image does not have metadata. PE image does not have metadata. [c:\Users\techbox\.gemini\antigravity\scratch\ManagementCopy\Management.Presentation\Management.Presentation.csproj]
C:\Program Files\dotnet\sdk\10.0.101\Microsoft.Common.CurrentVersion.targets(2437,5): warning MSB3246: Le fichier r├®solu a une image incorrecte, ne comporte pas de m├®tadonn├®es ou n'est pas accessible. PE image does not have metadata. PE image does not have metadata. [c:\Users\techbox\.gemini\antigravity\scratch\ManagementCopy\Management.Presentation\Management.Presentation.csproj]
C:\Program Files\dotnet\sdk\10.0.101\Microsoft.Common.CurrentVersion.targets(2437,5): warning MSB3246: Le fichier r├®solu a une image incorrecte, ne comporte pas de m├®tadonn├®es ou n'est pas accessible. PE image does not have metadata. PE image does not have metadata. [c:\Users\techbox\.gemini\antigravity\scratch\ManagementCopy\Management.Presentation\Management.Presentation.csproj]
C:\Program Files\dotnet\sdk\10.0.101\Microsoft.Common.CurrentVersion.targets(2437,5): warning MSB3246: Le fichier r├®solu a une image incorrecte, ne comporte pas de m├®tadonn├®es ou n'est pas accessible. PE image does not have metadata. PE image does not have metadata. [c:\Users\techbox\.gemini\antigravity\scratch\ManagementCopy\Management.Presentation\Management.Presentation.csproj]
C:\Program Files\dotnet\sdk\10.0.101\Microsoft.Common.CurrentVersion.targets(2437,5): warning MSB3246: Le fichier r├®solu a une image incorrecte, ne comporte pas de m├®tadonn├®es ou n'est pas accessible. PE image does not have metadata. PE image does not have metadata. [c:\Users\techbox\.gemini\antigravity\scratch\ManagementCopy\Management.Presentation\Management.Presentation.csproj]
C:\Program Files\dotnet\sdk\10.0.101\Microsoft.Common.CurrentVersion.targets(2437,5): warning MSB3246: Le fichier r├®solu a une image incorrecte, ne comporte pas de m├®tadonn├®es ou n'est pas accessible. PE image does not have metadata. PE image does not have metadata. [c:\Users\techbox\.gemini\antigravity\scratch\ManagementCopy\Management.Presentation\Management.Presentation.csproj]
C:\Program Files\dotnet\sdk\10.0.101\Microsoft.Common.CurrentVersion.targets(2437,5): warning MSB3246: Le fichier r├®solu a une image incorrecte, ne comporte pas de m├®tadonn├®es ou n'est pas accessible. PE image does not have metadata. PE image does not have metadata. [c:\Users\techbox\.gemini\antigravity\scratch\ManagementCopy\Management.Presentation\Management.Presentation.csproj]
C:\Program Files\dotnet\sdk\10.0.101\Microsoft.Common.CurrentVersion.targets(2437,5): warning MSB3246: Le fichier r├®solu a une image incorrecte, ne comporte pas de m├®tadonn├®es ou n'est pas accessible. PE image does not have metadata. PE image does not have metadata. [c:\Users\techbox\.gemini\antigravity\scratch\ManagementCopy\Management.Presentation\Management.Presentation.csproj]
c:\Users\techbox\.gemini\antigravity\scratch\ManagementCopy\Management.Presentation\ViewModels\AccessControl\AccessControlViewModel.cs(32,21): error CS1525: Terme d'expression ';' non valide [c:\Users\techbox\.gemini\antigravity\scratch\ManagementCopy\Management.Presentation\Management.Presentation_cydamnyk_wpftmp.csproj]
c:\Users\techbox\.gemini\antigravity\scratch\ManagementCopy\Management.Presentation\ViewModels\FacilityOnboardingViewModel.cs(58,24): error CS1525: Terme d'expression ',' non valide [c:\Users\techbox\.gemini\antigravity\scratch\ManagementCopy\Management.Presentation\Management.Presentation_cydamnyk_wpftmp.csproj]
c:\Users\techbox\.gemini\antigravity\scratch\ManagementCopy\Management.Presentation\ViewModels\FacilityOnboardingViewModel.cs(66,24): error CS1525: Terme d'expression ',' non valide [c:\Users\techbox\.gemini\antigravity\scratch\ManagementCopy\Management.Presentation\Management.Presentation_cydamnyk_wpftmp.csproj]
c:\Users\techbox\.gemini\antigravity\scratch\ManagementCopy\Management.Presentation\ViewModels\FacilityOnboardingViewModel.cs(74,24): error CS1525: Terme d'expression ',' non valide [c:\Users\techbox\.gemini\antigravity\scratch\ManagementCopy\Management.Presentation\Management.Presentation_cydamnyk_wpftmp.csproj]
c:\Users\techbox\.gemini\antigravity\scratch\ManagementCopy\Management.Presentation\ViewModels\FacilityOnboardingViewModel.cs(113,57): error CS0839: Argument manquant [c:\Users\techbox\.gemini\antigravity\scratch\ManagementCopy\Management.Presentation\Management.Presentation_cydamnyk_wpftmp.csproj]
c:\Users\techbox\.gemini\antigravity\scratch\ManagementCopy\Management.Presentation\ViewModels\FacilityOnboardingViewModel.cs(121,57): error CS0839: Argument manquant [c:\Users\techbox\.gemini\antigravity\scratch\ManagementCopy\Management.Presentation\Management.Presentation_cydamnyk_wpftmp.csproj]
c:\Users\techbox\.gemini\antigravity\scratch\ManagementCopy\Management.Presentation\ViewModels\FacilityOnboardingViewModel.cs(126,53): error CS0839: Argument manquant [c:\Users\techbox\.gemini\antigravity\scratch\ManagementCopy\Management.Presentation\Management.Presentation_cydamnyk_wpftmp.csproj]
c:\Users\techbox\.gemini\antigravity\scratch\ManagementCopy\Management.Presentation\ViewModels\FacilityOnboardingViewModel.cs(134,53): error CS0839: Argument manquant [c:\Users\techbox\.gemini\antigravity\scratch\ManagementCopy\Management.Presentation\Management.Presentation_cydamnyk_wpftmp.csproj]
c:\Users\techbox\.gemini\antigravity\scratch\ManagementCopy\Management.Presentation\ViewModels\Finance\FinanceViewModel.cs(72,21): error CS1525: Terme d'expression ';' non valide [c:\Users\techbox\.gemini\antigravity\scratch\ManagementCopy\Management.Presentation\Management.Presentation_cydamnyk_wpftmp.csproj]
c:\Users\techbox\.gemini\antigravity\scratch\ManagementCopy\Management.Presentation\ViewModels\Finance\PayrollViewModel.cs(87,40): error CS0839: Argument manquant [c:\Users\techbox\.gemini\antigravity\scratch\ManagementCopy\Management.Presentation\Management.Presentation_cydamnyk_wpftmp.csproj]
c:\Users\techbox\.gemini\antigravity\scratch\ManagementCopy\Management.Presentation\ViewModels\Finance\PayrollViewModel.cs(92,38): error CS0839: Argument manquant [c:\Users\techbox\.gemini\antigravity\scratch\ManagementCopy\Management.Presentation\Management.Presentation_cydamnyk_wpftmp.csproj]
c:\Users\techbox\.gemini\antigravity\scratch\ManagementCopy\Management.Presentation\ViewModels\Finance\PayrollViewModel.cs(97,40): error CS0839: Argument manquant [c:\Users\techbox\.gemini\antigravity\scratch\ManagementCopy\Management.Presentation\Management.Presentation_cydamnyk_wpftmp.csproj]
c:\Users\techbox\.gemini\antigravity\scratch\ManagementCopy\Management.Presentation\ViewModels\Finance\PayrollViewModel.cs(149,40): error CS0839: Argument manquant [c:\Users\techbox\.gemini\antigravity\scratch\ManagementCopy\Management.Presentation\Management.Presentation_cydamnyk_wpftmp.csproj]
c:\Users\techbox\.gemini\antigravity\scratch\ManagementCopy\Management.Presentation\ViewModels\Finance\PayrollViewModel.cs(178,44): error CS0839: Argument manquant [c:\Users\techbox\.gemini\antigravity\scratch\ManagementCopy\Management.Presentation\Management.Presentation_cydamnyk_wpftmp.csproj]
c:\Users\techbox\.gemini\antigravity\scratch\ManagementCopy\Management.Presentation\ViewModels\GymHome\MultiSaleCartViewModel.cs(109,21): error CS1525: Terme d'expression ';' non valide [c:\Users\techbox\.gemini\antigravity\scratch\ManagementCopy\Management.Presentation\Management.Presentation_cydamnyk_wpftmp.csproj]
c:\Users\techbox\.gemini\antigravity\scratch\ManagementCopy\Management.Presentation\ViewModels\GymHome\RfidAccessControlViewModel.cs(62,21): error CS1525: Terme d'expression ';' non valide [c:\Users\techbox\.gemini\antigravity\scratch\ManagementCopy\Management.Presentation\Management.Presentation_cydamnyk_wpftmp.csproj]
c:\Users\techbox\.gemini\antigravity\scratch\ManagementCopy\Management.Presentation\ViewModels\Members\QuickRegistrationViewModel.cs(66,21): error CS1525: Terme d'expression ';' non valide [c:\Users\techbox\.gemini\antigravity\scratch\ManagementCopy\Management.Presentation\Management.Presentation_cydamnyk_wpftmp.csproj]
c:\Users\techbox\.gemini\antigravity\scratch\ManagementCopy\Management.Presentation\ViewModels\Onboarding\OnboardingViewModel.cs(103,36): error CS1525: Terme d'expression ';' non valide [c:\Users\techbox\.gemini\antigravity\scratch\ManagementCopy\Management.Presentation\Management.Presentation_cydamnyk_wpftmp.csproj]
c:\Users\techbox\.gemini\antigravity\scratch\ManagementCopy\Management.Presentation\ViewModels\Onboarding\Steps\AdminRegistrationViewModel.cs(59,32): error CS1525: Terme d'expression ';' non valide [c:\Users\techbox\.gemini\antigravity\scratch\ManagementCopy\Management.Presentation\Management.Presentation_cydamnyk_wpftmp.csproj]
c:\Users\techbox\.gemini\antigravity\scratch\ManagementCopy\Management.Presentation\ViewModels\Onboarding\Steps\AdminRegistrationViewModel.cs(66,32): error CS1525: Terme d'expression ';' non valide [c:\Users\techbox\.gemini\antigravity\scratch\ManagementCopy\Management.Presentation\Management.Presentation_cydamnyk_wpftmp.csproj]
c:\Users\techbox\.gemini\antigravity\scratch\ManagementCopy\Management.Presentation\ViewModels\Onboarding\Steps\AdminRegistrationViewModel.cs(73,32): error CS1525: Terme d'expression ';' non valide [c:\Users\techbox\.gemini\antigravity\scratch\ManagementCopy\Management.Presentation\Management.Presentation_cydamnyk_wpftmp.csproj]
c:\Users\techbox\.gemini\antigravity\scratch\ManagementCopy\Management.Presentation\ViewModels\Onboarding\Steps\AdminRegistrationViewModel.cs(80,32): error CS1525: Terme d'expression ';' non valide [c:\Users\techbox\.gemini\antigravity\scratch\ManagementCopy\Management.Presentation\Management.Presentation_cydamnyk_wpftmp.csproj]
c:\Users\techbox\.gemini\antigravity\scratch\ManagementCopy\Management.Presentation\ViewModels\Onboarding\Steps\FacilityConfigViewModel.cs(23,21): error CS1525: Terme d'expression ';' non valide [c:\Users\techbox\.gemini\antigravity\scratch\ManagementCopy\Management.Presentation\Management.Presentation_cydamnyk_wpftmp.csproj]
c:\Users\techbox\.gemini\antigravity\scratch\ManagementCopy\Management.Presentation\ViewModels\Onboarding\Steps\FacilityConfigViewModel.cs(38,32): error CS1525: Terme d'expression ';' non valide [c:\Users\techbox\.gemini\antigravity\scratch\ManagementCopy\Management.Presentation\Management.Presentation_cydamnyk_wpftmp.csproj]
c:\Users\techbox\.gemini\antigravity\scratch\ManagementCopy\Management.Presentation\ViewModels\Onboarding\Steps\FinishViewModel.cs(31,21): error CS1525: Terme d'expression ';' non valide [c:\Users\techbox\.gemini\antigravity\scratch\ManagementCopy\Management.Presentation\Management.Presentation_cydamnyk_wpftmp.csproj]
c:\Users\techbox\.gemini\antigravity\scratch\ManagementCopy\Management.Presentation\ViewModels\Onboarding\Steps\FinishViewModel.cs(45,33): error CS1525: Terme d'expression ';' non valide [c:\Users\techbox\.gemini\antigravity\scratch\ManagementCopy\Management.Presentation\Management.Presentation_cydamnyk_wpftmp.csproj]
c:\Users\techbox\.gemini\antigravity\scratch\ManagementCopy\Management.Presentation\ViewModels\Onboarding\Steps\FinishViewModel.cs(58,33): error CS1525: Terme d'expression ';' non valide [c:\Users\techbox\.gemini\antigravity\scratch\ManagementCopy\Management.Presentation\Management.Presentation_cydamnyk_wpftmp.csproj]
c:\Users\techbox\.gemini\antigravity\scratch\ManagementCopy\Management.Presentation\ViewModels\Onboarding\Steps\FinishViewModel.cs(86,57): error CS0839: Argument manquant [c:\Users\techbox\.gemini\antigravity\scratch\ManagementCopy\Management.Presentation\Management.Presentation_cydamnyk_wpftmp.csproj]
c:\Users\techbox\.gemini\antigravity\scratch\ManagementCopy\Management.Presentation\ViewModels\PointOfSale\PosViewModel.cs(80,62): error CS1525: Terme d'expression ',' non valide [c:\Users\techbox\.gemini\antigravity\scratch\ManagementCopy\Management.Presentation\Management.Presentation_cydamnyk_wpftmp.csproj]
c:\Users\techbox\.gemini\antigravity\scratch\ManagementCopy\Management.Presentation\ViewModels\PointOfSale\PosViewModel.cs(80,75): error CS1525: Terme d'expression ',' non valide [c:\Users\techbox\.gemini\antigravity\scratch\ManagementCopy\Management.Presentation\Management.Presentation_cydamnyk_wpftmp.csproj]
c:\Users\techbox\.gemini\antigravity\scratch\ManagementCopy\Management.Presentation\ViewModels\PointOfSale\PosViewModel.cs(81,62): error CS1525: Terme d'expression ',' non valide [c:\Users\techbox\.gemini\antigravity\scratch\ManagementCopy\Management.Presentation\Management.Presentation_cydamnyk_wpftmp.csproj]
c:\Users\techbox\.gemini\antigravity\scratch\ManagementCopy\Management.Presentation\ViewModels\PointOfSale\PosViewModel.cs(81,75): error CS1525: Terme d'expression ',' non valide [c:\Users\techbox\.gemini\antigravity\scratch\ManagementCopy\Management.Presentation\Management.Presentation_cydamnyk_wpftmp.csproj]
c:\Users\techbox\.gemini\antigravity\scratch\ManagementCopy\Management.Presentation\ViewModels\PointOfSale\PosViewModel.cs(167,33): error CS0839: Argument manquant [c:\Users\techbox\.gemini\antigravity\scratch\ManagementCopy\Management.Presentation\Management.Presentation_cydamnyk_wpftmp.csproj]
c:\Users\techbox\.gemini\antigravity\scratch\ManagementCopy\Management.Presentation\ViewModels\PointOfSale\PosViewModel.cs(208,37): error CS0839: Argument manquant [c:\Users\techbox\.gemini\antigravity\scratch\ManagementCopy\Management.Presentation\Management.Presentation_cydamnyk_wpftmp.csproj]
c:\Users\techbox\.gemini\antigravity\scratch\ManagementCopy\Management.Presentation\ViewModels\PointOfSale\PosViewModel.cs(282,33): error CS0839: Argument manquant [c:\Users\techbox\.gemini\antigravity\scratch\ManagementCopy\Management.Presentation\Management.Presentation_cydamnyk_wpftmp.csproj]
c:\Users\techbox\.gemini\antigravity\scratch\ManagementCopy\Management.Presentation\ViewModels\Registrations\RegistrationsViewModel.cs(101,21): error CS1525: Terme d'expression ';' non valide [c:\Users\techbox\.gemini\antigravity\scratch\ManagementCopy\Management.Presentation\Management.Presentation_cydamnyk_wpftmp.csproj]
c:\Users\techbox\.gemini\antigravity\scratch\ManagementCopy\Management.Presentation\ViewModels\Restaurant\FloorPlanViewModel.cs(89,21): error CS1525: Terme d'expression ';' non valide [c:\Users\techbox\.gemini\antigravity\scratch\ManagementCopy\Management.Presentation\Management.Presentation_cydamnyk_wpftmp.csproj]
c:\Users\techbox\.gemini\antigravity\scratch\ManagementCopy\Management.Presentation\ViewModels\Restaurant\InventoryEditorViewModels.cs(139,29): error CS1525: Terme d'expression ';' non valide [c:\Users\techbox\.gemini\antigravity\scratch\ManagementCopy\Management.Presentation\Management.Presentation_cydamnyk_wpftmp.csproj]
c:\Users\techbox\.gemini\antigravity\scratch\ManagementCopy\Management.Presentation\ViewModels\Restaurant\InventoryEditorViewModels.cs(145,37): error CS1525: Terme d'expression ';' non valide [c:\Users\techbox\.gemini\antigravity\scratch\ManagementCopy\Management.Presentation\Management.Presentation_cydamnyk_wpftmp.csproj]
c:\Users\techbox\.gemini\antigravity\scratch\ManagementCopy\Management.Presentation\ViewModels\Restaurant\InventoryEditorViewModels.cs(164,41): error CS1525: Terme d'expression ';' non valide [c:\Users\techbox\.gemini\antigravity\scratch\ManagementCopy\Management.Presentation\Management.Presentation_cydamnyk_wpftmp.csproj]
c:\Users\techbox\.gemini\antigravity\scratch\ManagementCopy\Management.Presentation\ViewModels\Restaurant\InventoryEditorViewModels.cs(199,37): error CS1525: Terme d'expression ';' non valide [c:\Users\techbox\.gemini\antigravity\scratch\ManagementCopy\Management.Presentation\Management.Presentation_cydamnyk_wpftmp.csproj]
c:\Users\techbox\.gemini\antigravity\scratch\ManagementCopy\Management.Presentation\ViewModels\Restaurant\InventoryViewModel.cs(161,33): error CS1525: Terme d'expression ';' non valide [c:\Users\techbox\.gemini\antigravity\scratch\ManagementCopy\Management.Presentation\Management.Presentation_cydamnyk_wpftmp.csproj]
c:\Users\techbox\.gemini\antigravity\scratch\ManagementCopy\Management.Presentation\ViewModels\Restaurant\SelectTableViewModel.cs(70,41): error CS0839: Argument manquant [c:\Users\techbox\.gemini\antigravity\scratch\ManagementCopy\Management.Presentation\Management.Presentation_cydamnyk_wpftmp.csproj]
c:\Users\techbox\.gemini\antigravity\scratch\ManagementCopy\Management.Presentation\ViewModels\Restaurant\SelectTableViewModel.cs(74,41): error CS0839: Argument manquant [c:\Users\techbox\.gemini\antigravity\scratch\ManagementCopy\Management.Presentation\Management.Presentation_cydamnyk_wpftmp.csproj]
c:\Users\techbox\.gemini\antigravity\scratch\ManagementCopy\Management.Presentation\ViewModels\Settings\DeviceManagementViewModel.cs(43,21): error CS1525: Terme d'expression ';' non valide [c:\Users\techbox\.gemini\antigravity\scratch\ManagementCopy\Management.Presentation\Management.Presentation_cydamnyk_wpftmp.csproj]
c:\Users\techbox\.gemini\antigravity\scratch\ManagementCopy\Management.Presentation\ViewModels\Settings\DeviceManagementViewModel.cs(77,53): error CS0839: Argument manquant [c:\Users\techbox\.gemini\antigravity\scratch\ManagementCopy\Management.Presentation\Management.Presentation_cydamnyk_wpftmp.csproj]
c:\Users\techbox\.gemini\antigravity\scratch\ManagementCopy\Management.Presentation\ViewModels\Settings\DeviceManagementViewModel.cs(94,47): error CS0839: Argument manquant [c:\Users\techbox\.gemini\antigravity\scratch\ManagementCopy\Management.Presentation\Management.Presentation_cydamnyk_wpftmp.csproj]
c:\Users\techbox\.gemini\antigravity\scratch\ManagementCopy\Management.Presentation\ViewModels\Settings\DeviceManagementViewModel.cs(98,57): error CS0839: Argument manquant [c:\Users\techbox\.gemini\antigravity\scratch\ManagementCopy\Management.Presentation\Management.Presentation_cydamnyk_wpftmp.csproj]
c:\Users\techbox\.gemini\antigravity\scratch\ManagementCopy\Management.Presentation\ViewModels\Settings\MembershipPlansViewModel.cs(119,24): error CS1525: Terme d'expression ',' non valide [c:\Users\techbox\.gemini\antigravity\scratch\ManagementCopy\Management.Presentation\Management.Presentation_cydamnyk_wpftmp.csproj]
c:\Users\techbox\.gemini\antigravity\scratch\ManagementCopy\Management.Presentation\ViewModels\Settings\MembershipPlansViewModel.cs(134,33): error CS1525: Terme d'expression ';' non valide [c:\Users\techbox\.gemini\antigravity\scratch\ManagementCopy\Management.Presentation\Management.Presentation_cydamnyk_wpftmp.csproj]
c:\Users\techbox\.gemini\antigravity\scratch\ManagementCopy\Management.Presentation\ViewModels\Settings\MembershipPlansViewModel.cs(148,33): error CS1525: Terme d'expression ';' non valide [c:\Users\techbox\.gemini\antigravity\scratch\ManagementCopy\Management.Presentation\Management.Presentation_cydamnyk_wpftmp.csproj]
c:\Users\techbox\.gemini\antigravity\scratch\ManagementCopy\Management.Presentation\ViewModels\Settings\MenuItemEditorViewModel.cs(117,29): error CS1525: Terme d'expression ';' non valide [c:\Users\techbox\.gemini\antigravity\scratch\ManagementCopy\Management.Presentation\Management.Presentation_cydamnyk_wpftmp.csproj]
c:\Users\techbox\.gemini\antigravity\scratch\ManagementCopy\Management.Presentation\ViewModels\Settings\MenuItemEditorViewModel.cs(145,37): error CS1525: Terme d'expression ';' non valide [c:\Users\techbox\.gemini\antigravity\scratch\ManagementCopy\Management.Presentation\Management.Presentation_cydamnyk_wpftmp.csproj]
c:\Users\techbox\.gemini\antigravity\scratch\ManagementCopy\Management.Presentation\ViewModels\Settings\MenuItemEditorViewModel.cs(150,37): error CS1525: Terme d'expression ';' non valide [c:\Users\techbox\.gemini\antigravity\scratch\ManagementCopy\Management.Presentation\Management.Presentation_cydamnyk_wpftmp.csproj]
c:\Users\techbox\.gemini\antigravity\scratch\ManagementCopy\Management.Presentation\ViewModels\Settings\MenuItemEditorViewModel.cs(155,33): error CS1525: Terme d'expression ';' non valide [c:\Users\techbox\.gemini\antigravity\scratch\ManagementCopy\Management.Presentation\Management.Presentation_cydamnyk_wpftmp.csproj]
c:\Users\techbox\.gemini\antigravity\scratch\ManagementCopy\Management.Presentation\ViewModels\Settings\MenuManagementViewModel.cs(127,29): error CS1525: Terme d'expression ';' non valide [c:\Users\techbox\.gemini\antigravity\scratch\ManagementCopy\Management.Presentation\Management.Presentation_cydamnyk_wpftmp.csproj]
c:\Users\techbox\.gemini\antigravity\scratch\ManagementCopy\Management.Presentation\ViewModels\Settings\MenuManagementViewModel.cs(145,33): error CS1525: Terme d'expression ';' non valide [c:\Users\techbox\.gemini\antigravity\scratch\ManagementCopy\Management.Presentation\Management.Presentation_cydamnyk_wpftmp.csproj]
c:\Users\techbox\.gemini\antigravity\scratch\ManagementCopy\Management.Presentation\ViewModels\Settings\MenuManagementViewModel.cs(224,29): error CS1525: Terme d'expression ';' non valide [c:\Users\techbox\.gemini\antigravity\scratch\ManagementCopy\Management.Presentation\Management.Presentation_cydamnyk_wpftmp.csproj]
c:\Users\techbox\.gemini\antigravity\scratch\ManagementCopy\Management.Presentation\ViewModels\Settings\MenuManagementViewModel.cs(232,37): error CS1525: Terme d'expression ';' non valide [c:\Users\techbox\.gemini\antigravity\scratch\ManagementCopy\Management.Presentation\Management.Presentation_cydamnyk_wpftmp.csproj]
c:\Users\techbox\.gemini\antigravity\scratch\ManagementCopy\Management.Presentation\ViewModels\Settings\MenuManagementViewModel.cs(236,37): error CS1525: Terme d'expression ';' non valide [c:\Users\techbox\.gemini\antigravity\scratch\ManagementCopy\Management.Presentation\Management.Presentation_cydamnyk_wpftmp.csproj]
c:\Users\techbox\.gemini\antigravity\scratch\ManagementCopy\Management.Presentation\ViewModels\Settings\MenuManagementViewModel.cs(242,33): error CS1525: Terme d'expression ';' non valide [c:\Users\techbox\.gemini\antigravity\scratch\ManagementCopy\Management.Presentation\Management.Presentation_cydamnyk_wpftmp.csproj]
c:\Users\techbox\.gemini\antigravity\scratch\ManagementCopy\Management.Presentation\ViewModels\Shell\ChangeFacilityViewModel.cs(32,26): error CS1525: Terme d'expression ';' non valide [c:\Users\techbox\.gemini\antigravity\scratch\ManagementCopy\Management.Presentation\Management.Presentation_cydamnyk_wpftmp.csproj]
c:\Users\techbox\.gemini\antigravity\scratch\ManagementCopy\Management.Presentation\ViewModels\Shell\DashboardViewModel.cs(327,44): error CS1525: Terme d'expression ',' non valide [c:\Users\techbox\.gemini\antigravity\scratch\ManagementCopy\Management.Presentation\Management.Presentation_cydamnyk_wpftmp.csproj]
c:\Users\techbox\.gemini\antigravity\scratch\ManagementCopy\Management.Presentation\ViewModels\Shell\DashboardViewModel.cs(376,44): error CS1525: Terme d'expression ',' non valide [c:\Users\techbox\.gemini\antigravity\scratch\ManagementCopy\Management.Presentation\Management.Presentation_cydamnyk_wpftmp.csproj]
c:\Users\techbox\.gemini\antigravity\scratch\ManagementCopy\Management.Presentation\ViewModels\Shell\DashboardViewModel.cs(425,48): error CS1525: Terme d'expression ',' non valide [c:\Users\techbox\.gemini\antigravity\scratch\ManagementCopy\Management.Presentation\Management.Presentation_cydamnyk_wpftmp.csproj]
c:\Users\techbox\.gemini\antigravity\scratch\ManagementCopy\Management.Presentation\ViewModels\Shell\DashboardViewModel.cs(466,48): error CS1525: Terme d'expression ',' non valide [c:\Users\techbox\.gemini\antigravity\scratch\ManagementCopy\Management.Presentation\Management.Presentation_cydamnyk_wpftmp.csproj]
c:\Users\techbox\.gemini\antigravity\scratch\ManagementCopy\Management.Presentation\ViewModels\Shell\FacilityAuthViewModel.cs(34,26): error CS1525: Terme d'expression ';' non valide [c:\Users\techbox\.gemini\antigravity\scratch\ManagementCopy\Management.Presentation\Management.Presentation_cydamnyk_wpftmp.csproj]
c:\Users\techbox\.gemini\antigravity\scratch\ManagementCopy\Management.Presentation\ViewModels\Shell\FacilityAuthViewModel.cs(48,32): error CS1525: Terme d'expression ';' non valide [c:\Users\techbox\.gemini\antigravity\scratch\ManagementCopy\Management.Presentation\Management.Presentation_cydamnyk_wpftmp.csproj]
c:\Users\techbox\.gemini\antigravity\scratch\ManagementCopy\Management.Presentation\ViewModels\Shell\TopBarViewModel.cs(237,52): error CS0839: Argument manquant [c:\Users\techbox\.gemini\antigravity\scratch\ManagementCopy\Management.Presentation\Management.Presentation_cydamnyk_wpftmp.csproj]
c:\Users\techbox\.gemini\antigravity\scratch\ManagementCopy\Management.Presentation\ViewModels\Shell\TopBarViewModel.cs(453,36): error CS0839: Argument manquant [c:\Users\techbox\.gemini\antigravity\scratch\ManagementCopy\Management.Presentation\Management.Presentation_cydamnyk_wpftmp.csproj]
c:\Users\techbox\.gemini\antigravity\scratch\ManagementCopy\Management.Presentation\ViewModels\Shop\CheckoutViewModel.cs(14,21): error CS1525: Terme d'expression ';' non valide [c:\Users\techbox\.gemini\antigravity\scratch\ManagementCopy\Management.Presentation\Management.Presentation_cydamnyk_wpftmp.csproj]
c:\Users\techbox\.gemini\antigravity\scratch\ManagementCopy\Management.Presentation\ViewModels\Shop\QuickSaleViewModel.cs(62,21): error CS1525: Terme d'expression ';' non valide [c:\Users\techbox\.gemini\antigravity\scratch\ManagementCopy\Management.Presentation\Management.Presentation_cydamnyk_wpftmp.csproj]
c:\Users\techbox\.gemini\antigravity\scratch\ManagementCopy\Management.Presentation\ViewModels\Shop\ShopViewModel.cs(103,21): error CS1525: Terme d'expression ';' non valide [c:\Users\techbox\.gemini\antigravity\scratch\ManagementCopy\Management.Presentation\Management.Presentation_cydamnyk_wpftmp.csproj]

├ëCHEC de la build.

c:\Users\techbox\.gemini\antigravity\scratch\ManagementCopy\Management.Infrastructure\Management.Infrastructure.csproj : warning NU1701: Le package 'ZKTecoStandAlonePullSDKx64 6.3.1.37' a ├®t├® restaur├® en utilisant '.NETFramework,Version=v4.6.1, .NETFramework,Version=v4.6.2, .NETFramework,Version=v4.7, .NETFramework,Version=v4.7.1, .NETFramework,Version=v4.7.2, .NETFramework,Version=v4.8, .NETFramework,Version=v4.8.1' au lieu du framework cible du projet 'net8.0'. Ce package n'est peut-├¬tre pas totalement compatible avec votre projet.
c:\Users\techbox\.gemini\antigravity\scratch\ManagementCopy\Management.Domain\Interfaces\IAccessEventRepository.cs(11,28): warning CS0108: 'IAccessEventRepository.GetByIdAsync(Guid, Guid?)' masque le membre h├®rit├® 'IRepository<AccessEvent>.GetByIdAsync(Guid, Guid?)'. Utilisez le mot cl├® new si le masquage est intentionnel. [c:\Users\techbox\.gemini\antigravity\scratch\ManagementCopy\Management.Domain\Management.Domain.csproj]
c:\Users\techbox\.gemini\antigravity\scratch\ManagementCopy\Management.Domain\Interfaces\IAppointmentRepository.cs(13,28): warning CS0108: 'IAppointmentRepository.GetByIdAsync(Guid, Guid?)' masque le membre h├®rit├® 'IRepository<Appointment>.GetByIdAsync(Guid, Guid?)'. Utilisez le mot cl├® new si le masquage est intentionnel. [c:\Users\techbox\.gemini\antigravity\scratch\ManagementCopy\Management.Domain\Management.Domain.csproj]
c:\Users\techbox\.gemini\antigravity\scratch\ManagementCopy\Management.Domain\Interfaces\IFacilityZoneRepository.cs(8,29): warning CS0108: 'IFacilityZoneRepository.GetByIdAsync(Guid, Guid?)' masque le membre h├®rit├® 'IRepository<FacilityZone>.GetByIdAsync(Guid, Guid?)'. Utilisez le mot cl├® new si le masquage est intentionnel. [c:\Users\techbox\.gemini\antigravity\scratch\ManagementCopy\Management.Domain\Management.Domain.csproj]
c:\Users\techbox\.gemini\antigravity\scratch\ManagementCopy\Management.Domain\Interfaces\IIntegrationRepository.cs(9,34): warning CS0108: 'IIntegrationRepository.GetByIdAsync(Guid, Guid?)' masque le membre h├®rit├® 'IRepository<IntegrationConfig>.GetByIdAsync(Guid, Guid?)'. Utilisez le mot cl├® new si le masquage est intentionnel. [c:\Users\techbox\.gemini\antigravity\scratch\ManagementCopy\Management.Domain\Management.Domain.csproj]
c:\Users\techbox\.gemini\antigravity\scratch\ManagementCopy\Management.Domain\Interfaces\IMemberRepository.cs(29,23): warning CS0108: 'IMemberRepository.GetByIdAsync(Guid, Guid?)' masque le membre h├®rit├® 'IRepository<Member>.GetByIdAsync(Guid, Guid?)'. Utilisez le mot cl├® new si le masquage est intentionnel. [c:\Users\techbox\.gemini\antigravity\scratch\ManagementCopy\Management.Domain\Management.Domain.csproj]
c:\Users\techbox\.gemini\antigravity\scratch\ManagementCopy\Management.Domain\Interfaces\IMembershipPlanRepository.cs(10,31): warning CS0108: 'IMembershipPlanRepository.GetByIdAsync(Guid, Guid?)' masque le membre h├®rit├® 'IRepository<MembershipPlan>.GetByIdAsync(Guid, Guid?)'. Utilisez le mot cl├® new si le masquage est intentionnel. [c:\Users\techbox\.gemini\antigravity\scratch\ManagementCopy\Management.Domain\Management.Domain.csproj]
c:\Users\techbox\.gemini\antigravity\scratch\ManagementCopy\Management.Domain\Interfaces\IPayrollRepository.cs(9,29): warning CS0108: 'IPayrollRepository.GetByIdAsync(Guid, Guid?)' masque le membre h├®rit├® 'IRepository<PayrollEntry>.GetByIdAsync(Guid, Guid?)'. Utilisez le mot cl├® new si le masquage est intentionnel. [c:\Users\techbox\.gemini\antigravity\scratch\ManagementCopy\Management.Domain\Management.Domain.csproj]
c:\Users\techbox\.gemini\antigravity\scratch\ManagementCopy\Management.Domain\Interfaces\IProductRepository.cs(17,24): warning CS0108: 'IProductRepository.GetByIdAsync(Guid, Guid?)' masque le membre h├®rit├® 'IRepository<Product>.GetByIdAsync(Guid, Guid?)'. Utilisez le mot cl├® new si le masquage est intentionnel. [c:\Users\techbox\.gemini\antigravity\scratch\ManagementCopy\Management.Domain\Management.Domain.csproj]
c:\Users\techbox\.gemini\antigravity\scratch\ManagementCopy\Management.Domain\Interfaces\IRegistrationRepository.cs(13,29): warning CS0108: 'IRegistrationRepository.GetByIdAsync(Guid, Guid?)' masque le membre h├®rit├® 'IRepository<Registration>.GetByIdAsync(Guid, Guid?)'. Utilisez le mot cl├® new si le masquage est intentionnel. [c:\Users\techbox\.gemini\antigravity\scratch\ManagementCopy\Management.Domain\Management.Domain.csproj]
c:\Users\techbox\.gemini\antigravity\scratch\ManagementCopy\Management.Domain\Interfaces\IReservationRepository.cs(12,28): warning CS0108: 'IReservationRepository.GetByIdAsync(Guid, Guid?)' masque le membre h├®rit├® 'IRepository<Reservation>.GetByIdAsync(Guid, Guid?)'. Utilisez le mot cl├® new si le masquage est intentionnel. [c:\Users\techbox\.gemini\antigravity\scratch\ManagementCopy\Management.Domain\Management.Domain.csproj]
c:\Users\techbox\.gemini\antigravity\scratch\ManagementCopy\Management.Domain\Interfaces\IRestaurantOrderRepository.cs(11,32): warning CS0108: 'IRestaurantOrderRepository.GetByIdAsync(Guid, Guid?)' masque le membre h├®rit├® 'IRepository<RestaurantOrder>.GetByIdAsync(Guid, Guid?)'. Utilisez le mot cl├® new si le masquage est intentionnel. [c:\Users\techbox\.gemini\antigravity\scratch\ManagementCopy\Management.Domain\Management.Domain.csproj]
c:\Users\techbox\.gemini\antigravity\scratch\ManagementCopy\Management.Domain\Interfaces\ISaleRepository.cs(19,21): warning CS0108: 'ISaleRepository.GetByIdAsync(Guid, Guid?)' masque le membre h├®rit├® 'IRepository<Sale>.GetByIdAsync(Guid, Guid?)'. Utilisez le mot cl├® new si le masquage est intentionnel. [c:\Users\techbox\.gemini\antigravity\scratch\ManagementCopy\Management.Domain\Management.Domain.csproj]
c:\Users\techbox\.gemini\antigravity\scratch\ManagementCopy\Management.Domain\Models\AccessEvent.cs(9,21): warning CS0108: 'AccessEvent.TenantId' masque le membre h├®rit├® 'Entity.TenantId'. Utilisez le mot cl├® new si le masquage est intentionnel. [c:\Users\techbox\.gemini\antigravity\scratch\ManagementCopy\Management.Domain\Management.Domain.csproj]
c:\Users\techbox\.gemini\antigravity\scratch\ManagementCopy\Management.Domain\Interfaces\ITransactionRepository.cs(12,28): warning CS0108: 'ITransactionRepository.GetByIdAsync(Guid, Guid?)' masque le membre h├®rit├® 'IRepository<Transaction>.GetByIdAsync(Guid, Guid?)'. Utilisez le mot cl├® new si le masquage est intentionnel. [c:\Users\techbox\.gemini\antigravity\scratch\ManagementCopy\Management.Domain\Management.Domain.csproj]
c:\Users\techbox\.gemini\antigravity\scratch\ManagementCopy\Management.Domain\Interfaces\ITurnstileRepository.cs(9,26): warning CS0108: 'ITurnstileRepository.GetByIdAsync(Guid, Guid?)' masque le membre h├®rit├® 'IRepository<Turnstile>.GetByIdAsync(Guid, Guid?)'. Utilisez le mot cl├® new si le masquage est intentionnel. [c:\Users\techbox\.gemini\antigravity\scratch\ManagementCopy\Management.Domain\Management.Domain.csproj]
c:\Users\techbox\.gemini\antigravity\scratch\ManagementCopy\Management.Domain\Models\IntegrationConfig.cs(11,21): warning CS0108: 'IntegrationConfig.TenantId' masque le membre h├®rit├® 'Entity.TenantId'. Utilisez le mot cl├® new si le masquage est intentionnel. [c:\Users\techbox\.gemini\antigravity\scratch\ManagementCopy\Management.Domain\Management.Domain.csproj]
c:\Users\techbox\.gemini\antigravity\scratch\ManagementCopy\Management.Domain\Models\FacilitySchedule.cs(8,21): warning CS0108: 'FacilitySchedule.TenantId' masque le membre h├®rit├® 'Entity.TenantId'. Utilisez le mot cl├® new si le masquage est intentionnel. [c:\Users\techbox\.gemini\antigravity\scratch\ManagementCopy\Management.Domain\Management.Domain.csproj]
c:\Users\techbox\.gemini\antigravity\scratch\ManagementCopy\Management.Domain\Models\FacilityZone.cs(9,21): warning CS0108: 'FacilityZone.TenantId' masque le membre h├®rit├® 'Entity.TenantId'. Utilisez le mot cl├® new si le masquage est intentionnel. [c:\Users\techbox\.gemini\antigravity\scratch\ManagementCopy\Management.Domain\Management.Domain.csproj]
c:\Users\techbox\.gemini\antigravity\scratch\ManagementCopy\Management.Domain\Models\GymSettings.cs(8,21): warning CS0108: 'GymSettings.TenantId' masque le membre h├®rit├® 'Entity.TenantId'. Utilisez le mot cl├® new si le masquage est intentionnel. [c:\Users\techbox\.gemini\antigravity\scratch\ManagementCopy\Management.Domain\Management.Domain.csproj]
c:\Users\techbox\.gemini\antigravity\scratch\ManagementCopy\Management.Domain\Models\Member.cs(11,21): warning CS0108: 'Member.TenantId' masque le membre h├®rit├® 'Entity.TenantId'. Utilisez le mot cl├® new si le masquage est intentionnel. [c:\Users\techbox\.gemini\antigravity\scratch\ManagementCopy\Management.Domain\Management.Domain.csproj]
c:\Users\techbox\.gemini\antigravity\scratch\ManagementCopy\Management.Domain\Models\MembershipPlan.cs(12,21): warning CS0108: 'MembershipPlan.TenantId' masque le membre h├®rit├® 'Entity.TenantId'. Utilisez le mot cl├® new si le masquage est intentionnel. [c:\Users\techbox\.gemini\antigravity\scratch\ManagementCopy\Management.Domain\Management.Domain.csproj]
c:\Users\techbox\.gemini\antigravity\scratch\ManagementCopy\Management.Domain\Models\OutboxMessage.cs(8,21): warning CS0108: 'OutboxMessage.TenantId' masque le membre h├®rit├® 'Entity.TenantId'. Utilisez le mot cl├® new si le masquage est intentionnel. [c:\Users\techbox\.gemini\antigravity\scratch\ManagementCopy\Management.Domain\Management.Domain.csproj]
c:\Users\techbox\.gemini\antigravity\scratch\ManagementCopy\Management.Domain\Models\Restaurant\RestaurantModels.cs(20,21): warning CS0108: 'TableModel.TenantId' masque le membre h├®rit├® 'Entity.TenantId'. Utilisez le mot cl├® new si le masquage est intentionnel. [c:\Users\techbox\.gemini\antigravity\scratch\ManagementCopy\Management.Domain\Management.Domain.csproj]
c:\Users\techbox\.gemini\antigravity\scratch\ManagementCopy\Management.Domain\Models\Restaurant\RestaurantModels.cs(58,21): warning CS0108: 'RestaurantOrder.TenantId' masque le membre h├®rit├® 'Entity.TenantId'. Utilisez le mot cl├® new si le masquage est intentionnel. [c:\Users\techbox\.gemini\antigravity\scratch\ManagementCopy\Management.Domain\Management.Domain.csproj]
c:\Users\techbox\.gemini\antigravity\scratch\ManagementCopy\Management.Domain\Models\PayrollEntry.cs(9,21): warning CS0108: 'PayrollEntry.TenantId' masque le membre h├®rit├® 'Entity.TenantId'. Utilisez le mot cl├® new si le masquage est intentionnel. [c:\Users\techbox\.gemini\antigravity\scratch\ManagementCopy\Management.Domain\Management.Domain.csproj]
c:\Users\techbox\.gemini\antigravity\scratch\ManagementCopy\Management.Domain\Models\Restaurant\RestaurantModels.cs(79,21): warning CS0108: 'OrderItem.TenantId' masque le membre h├®rit├® 'Entity.TenantId'. Utilisez le mot cl├® new si le masquage est intentionnel. [c:\Users\techbox\.gemini\antigravity\scratch\ManagementCopy\Management.Domain\Management.Domain.csproj]
c:\Users\techbox\.gemini\antigravity\scratch\ManagementCopy\Management.Domain\Models\Restaurant\RestaurantModels.cs(90,21): warning CS0108: 'RestaurantMenuItem.TenantId' masque le membre h├®rit├® 'Entity.TenantId'. Utilisez le mot cl├® new si le masquage est intentionnel. [c:\Users\techbox\.gemini\antigravity\scratch\ManagementCopy\Management.Domain\Management.Domain.csproj]
c:\Users\techbox\.gemini\antigravity\scratch\ManagementCopy\Management.Domain\Models\Product.cs(10,21): warning CS0108: 'Product.TenantId' masque le membre h├®rit├® 'Entity.TenantId'. Utilisez le mot cl├® new si le masquage est intentionnel. [c:\Users\techbox\.gemini\antigravity\scratch\ManagementCopy\Management.Domain\Management.Domain.csproj]
c:\Users\techbox\.gemini\antigravity\scratch\ManagementCopy\Management.Domain\Models\Sale.cs(12,21): warning CS0108: 'Sale.TenantId' masque le membre h├®rit├® 'Entity.TenantId'. Utilisez le mot cl├® new si le masquage est intentionnel. [c:\Users\techbox\.gemini\antigravity\scratch\ManagementCopy\Management.Domain\Management.Domain.csproj]
c:\Users\techbox\.gemini\antigravity\scratch\ManagementCopy\Management.Domain\Models\Registration.cs(14,21): warning CS0108: 'Registration.TenantId' masque le membre h├®rit├® 'Entity.TenantId'. Utilisez le mot cl├® new si le masquage est intentionnel. [c:\Users\techbox\.gemini\antigravity\scratch\ManagementCopy\Management.Domain\Management.Domain.csproj]
c:\Users\techbox\.gemini\antigravity\scratch\ManagementCopy\Management.Domain\Models\SaleItem.cs(9,21): warning CS0108: 'SaleItem.TenantId' masque le membre h├®rit├® 'Entity.TenantId'. Utilisez le mot cl├® new si le masquage est intentionnel. [c:\Users\techbox\.gemini\antigravity\scratch\ManagementCopy\Management.Domain\Management.Domain.csproj]
c:\Users\techbox\.gemini\antigravity\scratch\ManagementCopy\Management.Domain\Models\Salon\SalonModels.cs(18,21): warning CS0108: 'SalonService.TenantId' masque le membre h├®rit├® 'Entity.TenantId'. Utilisez le mot cl├® new si le masquage est intentionnel. [c:\Users\techbox\.gemini\antigravity\scratch\ManagementCopy\Management.Domain\Management.Domain.csproj]
c:\Users\techbox\.gemini\antigravity\scratch\ManagementCopy\Management.Domain\Models\Salon\SalonModels.cs(29,21): warning CS0108: 'Appointment.TenantId' masque le membre h├®rit├® 'Entity.TenantId'. Utilisez le mot cl├® new si le masquage est intentionnel. [c:\Users\techbox\.gemini\antigravity\scratch\ManagementCopy\Management.Domain\Management.Domain.csproj]
c:\Users\techbox\.gemini\antigravity\scratch\ManagementCopy\Management.Domain\Models\Reservation.cs(9,21): warning CS0108: 'Reservation.TenantId' masque le membre h├®rit├® 'Entity.TenantId'. Utilisez le mot cl├® new si le masquage est intentionnel. [c:\Users\techbox\.gemini\antigravity\scratch\ManagementCopy\Management.Domain\Management.Domain.csproj]
c:\Users\techbox\.gemini\antigravity\scratch\ManagementCopy\Management.Domain\Models\Salon\SalonModels.cs(58,21): warning CS0108: 'ProductUsage.TenantId' masque le membre h├®rit├® 'Entity.TenantId'. Utilisez le mot cl├® new si le masquage est intentionnel. [c:\Users\techbox\.gemini\antigravity\scratch\ManagementCopy\Management.Domain\Management.Domain.csproj]
c:\Users\techbox\.gemini\antigravity\scratch\ManagementCopy\Management.Domain\Models\Resilience\OfflineAction.cs(8,21): warning CS0108: 'OfflineAction.TenantId' masque le membre h├®rit├® 'Entity.TenantId'. Utilisez le mot cl├® new si le masquage est intentionnel. [c:\Users\techbox\.gemini\antigravity\scratch\ManagementCopy\Management.Domain\Management.Domain.csproj]
c:\Users\techbox\.gemini\antigravity\scratch\ManagementCopy\Management.Domain\Models\TransactionLine.cs(8,21): warning CS0108: 'TransactionLine.TenantId' masque le membre h├®rit├® 'Entity.TenantId'. Utilisez le mot cl├® new si le masquage est intentionnel. [c:\Users\techbox\.gemini\antigravity\scratch\ManagementCopy\Management.Domain\Management.Domain.csproj]
c:\Users\techbox\.gemini\antigravity\scratch\ManagementCopy\Management.Domain\Models\Turnstile.cs(9,21): warning CS0108: 'Turnstile.TenantId' masque le membre h├®rit├® 'Entity.TenantId'. Utilisez le mot cl├® new si le masquage est intentionnel. [c:\Users\techbox\.gemini\antigravity\scratch\ManagementCopy\Management.Domain\Management.Domain.csproj]
c:\Users\techbox\.gemini\antigravity\scratch\ManagementCopy\Management.Domain\Models\StaffMember.cs(10,21): warning CS0108: 'StaffMember.TenantId' masque le membre h├®rit├® 'Entity.TenantId'. Utilisez le mot cl├® new si le masquage est intentionnel. [c:\Users\techbox\.gemini\antigravity\scratch\ManagementCopy\Management.Domain\Management.Domain.csproj]
c:\Users\techbox\.gemini\antigravity\scratch\ManagementCopy\Management.Domain\Models\Transaction.cs(11,21): warning CS0108: 'Transaction.TenantId' masque le membre h├®rit├® 'Entity.TenantId'. Utilisez le mot cl├® new si le masquage est intentionnel. [c:\Users\techbox\.gemini\antigravity\scratch\ManagementCopy\Management.Domain\Management.Domain.csproj]
c:\Users\techbox\.gemini\antigravity\scratch\ManagementCopy\Management.Application\DTOs\SearchResultDto.cs(7,23): warning CS8618: Le propri├®t├® ┬½┬áTitle┬á┬╗ non-nullable doit contenir une valeur autre que Null lors de la fermeture du constructeur. Envisagez dÔÇÖajouter le modificateur ┬½┬árequired┬á┬╗ ou de d├®clarer le propri├®t├® comme pouvant accepter la valeur Null. [c:\Users\techbox\.gemini\antigravity\scratch\ManagementCopy\Management.Application\Management.Application.csproj]
c:\Users\techbox\.gemini\antigravity\scratch\ManagementCopy\Management.Application\DTOs\SearchResultDto.cs(8,23): warning CS8618: Le propri├®t├® ┬½┬áSubtitle┬á┬╗ non-nullable doit contenir une valeur autre que Null lors de la fermeture du constructeur. Envisagez dÔÇÖajouter le modificateur ┬½┬árequired┬á┬╗ ou de d├®clarer le propri├®t├® comme pouvant accepter la valeur Null. [c:\Users\techbox\.gemini\antigravity\scratch\ManagementCopy\Management.Application\Management.Application.csproj]
c:\Users\techbox\.gemini\antigravity\scratch\ManagementCopy\Management.Application\DTOs\SearchResultDto.cs(9,23): warning CS8618: Le propri├®t├® ┬½┬áGroup┬á┬╗ non-nullable doit contenir une valeur autre que Null lors de la fermeture du constructeur. Envisagez dÔÇÖajouter le modificateur ┬½┬árequired┬á┬╗ ou de d├®clarer le propri├®t├® comme pouvant accepter la valeur Null. [c:\Users\techbox\.gemini\antigravity\scratch\ManagementCopy\Management.Application\Management.Application.csproj]
c:\Users\techbox\.gemini\antigravity\scratch\ManagementCopy\Management.Application\DTOs\SearchResultDto.cs(10,23): warning CS8618: Le propri├®t├® ┬½┬áIconGeometry┬á┬╗ non-nullable doit contenir une valeur autre que Null lors de la fermeture du constructeur. Envisagez dÔÇÖajouter le modificateur ┬½┬árequired┬á┬╗ ou de d├®clarer le propri├®t├® comme pouvant accepter la valeur Null. [c:\Users\techbox\.gemini\antigravity\scratch\ManagementCopy\Management.Application\Management.Application.csproj]
c:\Users\techbox\.gemini\antigravity\scratch\ManagementCopy\Management.Application\DTOs\SearchResultDto.cs(13,23): warning CS8618: Le propri├®t├® ┬½┬áActionKey┬á┬╗ non-nullable doit contenir une valeur autre que Null lors de la fermeture du constructeur. Envisagez dÔÇÖajouter le modificateur ┬½┬árequired┬á┬╗ ou de d├®clarer le propri├®t├® comme pouvant accepter la valeur Null. [c:\Users\techbox\.gemini\antigravity\scratch\ManagementCopy\Management.Application\Management.Application.csproj]
c:\Users\techbox\.gemini\antigravity\scratch\ManagementCopy\Management.Application\DTOs\SearchResultDto.cs(14,23): warning CS8618: Le propri├®t├® ┬½┬áActionParameter┬á┬╗ non-nullable doit contenir une valeur autre que Null lors de la fermeture du constructeur. Envisagez dÔÇÖajouter le modificateur ┬½┬árequired┬á┬╗ ou de d├®clarer le propri├®t├® comme pouvant accepter la valeur Null. [c:\Users\techbox\.gemini\antigravity\scratch\ManagementCopy\Management.Application\Management.Application.csproj]
C:\Program Files\dotnet\sdk\10.0.101\Microsoft.Common.CurrentVersion.targets(2437,5): warning MSB3246: Le fichier r├®solu a une image incorrecte, ne comporte pas de m├®tadonn├®es ou n'est pas accessible. PE image does not have metadata. PE image does not have metadata. [c:\Users\techbox\.gemini\antigravity\scratch\ManagementCopy\Management.Infrastructure\Management.Infrastructure.csproj]
C:\Program Files\dotnet\sdk\10.0.101\Microsoft.Common.CurrentVersion.targets(2437,5): warning MSB3246: Le fichier r├®solu a une image incorrecte, ne comporte pas de m├®tadonn├®es ou n'est pas accessible. PE image does not have metadata. PE image does not have metadata. [c:\Users\techbox\.gemini\antigravity\scratch\ManagementCopy\Management.Infrastructure\Management.Infrastructure.csproj]
C:\Program Files\dotnet\sdk\10.0.101\Microsoft.Common.CurrentVersion.targets(2437,5): warning MSB3246: Le fichier r├®solu a une image incorrecte, ne comporte pas de m├®tadonn├®es ou n'est pas accessible. PE image does not have metadata. PE image does not have metadata. [c:\Users\techbox\.gemini\antigravity\scratch\ManagementCopy\Management.Infrastructure\Management.Infrastructure.csproj]
C:\Program Files\dotnet\sdk\10.0.101\Microsoft.Common.CurrentVersion.targets(2437,5): warning MSB3246: Le fichier r├®solu a une image incorrecte, ne comporte pas de m├®tadonn├®es ou n'est pas accessible. PE image does not have metadata. PE image does not have metadata. [c:\Users\techbox\.gemini\antigravity\scratch\ManagementCopy\Management.Infrastructure\Management.Infrastructure.csproj]
C:\Program Files\dotnet\sdk\10.0.101\Microsoft.Common.CurrentVersion.targets(2437,5): warning MSB3246: Le fichier r├®solu a une image incorrecte, ne comporte pas de m├®tadonn├®es ou n'est pas accessible. PE image does not have metadata. PE image does not have metadata. [c:\Users\techbox\.gemini\antigravity\scratch\ManagementCopy\Management.Infrastructure\Management.Infrastructure.csproj]
C:\Program Files\dotnet\sdk\10.0.101\Microsoft.Common.CurrentVersion.targets(2437,5): warning MSB3246: Le fichier r├®solu a une image incorrecte, ne comporte pas de m├®tadonn├®es ou n'est pas accessible. PE image does not have metadata. PE image does not have metadata. [c:\Users\techbox\.gemini\antigravity\scratch\ManagementCopy\Management.Infrastructure\Management.Infrastructure.csproj]
C:\Program Files\dotnet\sdk\10.0.101\Microsoft.Common.CurrentVersion.targets(2437,5): warning MSB3246: Le fichier r├®solu a une image incorrecte, ne comporte pas de m├®tadonn├®es ou n'est pas accessible. PE image does not have metadata. PE image does not have metadata. [c:\Users\techbox\.gemini\antigravity\scratch\ManagementCopy\Management.Infrastructure\Management.Infrastructure.csproj]
C:\Program Files\dotnet\sdk\10.0.101\Microsoft.Common.CurrentVersion.targets(2437,5): warning MSB3246: Le fichier r├®solu a une image incorrecte, ne comporte pas de m├®tadonn├®es ou n'est pas accessible. PE image does not have metadata. PE image does not have metadata. [c:\Users\techbox\.gemini\antigravity\scratch\ManagementCopy\Management.Infrastructure\Management.Infrastructure.csproj]
C:\Program Files\dotnet\sdk\10.0.101\Microsoft.Common.CurrentVersion.targets(2437,5): warning MSB3246: Le fichier r├®solu a une image incorrecte, ne comporte pas de m├®tadonn├®es ou n'est pas accessible. PE image does not have metadata. PE image does not have metadata. [c:\Users\techbox\.gemini\antigravity\scratch\ManagementCopy\Management.Infrastructure\Management.Infrastructure.csproj]
C:\Program Files\dotnet\sdk\10.0.101\Microsoft.Common.CurrentVersion.targets(2437,5): warning MSB3246: Le fichier r├®solu a une image incorrecte, ne comporte pas de m├®tadonn├®es ou n'est pas accessible. PE image does not have metadata. PE image does not have metadata. [c:\Users\techbox\.gemini\antigravity\scratch\ManagementCopy\Management.Infrastructure\Management.Infrastructure.csproj]
C:\Program Files\dotnet\sdk\10.0.101\Microsoft.Common.CurrentVersion.targets(2437,5): warning MSB3246: Le fichier r├®solu a une image incorrecte, ne comporte pas de m├®tadonn├®es ou n'est pas accessible. PE image does not have metadata. PE image does not have metadata. [c:\Users\techbox\.gemini\antigravity\scratch\ManagementCopy\Management.Infrastructure\Management.Infrastructure.csproj]
C:\Program Files\dotnet\sdk\10.0.101\Microsoft.Common.CurrentVersion.targets(2437,5): warning MSB3246: Le fichier r├®solu a une image incorrecte, ne comporte pas de m├®tadonn├®es ou n'est pas accessible. PE image does not have metadata. PE image does not have metadata. [c:\Users\techbox\.gemini\antigravity\scratch\ManagementCopy\Management.Infrastructure\Management.Infrastructure.csproj]
C:\Program Files\dotnet\sdk\10.0.101\Microsoft.Common.CurrentVersion.targets(2437,5): warning MSB3246: Le fichier r├®solu a une image incorrecte, ne comporte pas de m├®tadonn├®es ou n'est pas accessible. PE image does not have metadata. PE image does not have metadata. [c:\Users\techbox\.gemini\antigravity\scratch\ManagementCopy\Management.Infrastructure\Management.Infrastructure.csproj]
C:\Program Files\dotnet\sdk\10.0.101\Microsoft.Common.CurrentVersion.targets(2437,5): warning MSB3246: Le fichier r├®solu a une image incorrecte, ne comporte pas de m├®tadonn├®es ou n'est pas accessible. PE image does not have metadata. PE image does not have metadata. [c:\Users\techbox\.gemini\antigravity\scratch\ManagementCopy\Management.Infrastructure\Management.Infrastructure.csproj]
C:\Program Files\dotnet\sdk\10.0.101\Microsoft.Common.CurrentVersion.targets(2437,5): warning MSB3246: Le fichier r├®solu a une image incorrecte, ne comporte pas de m├®tadonn├®es ou n'est pas accessible. PE image does not have metadata. PE image does not have metadata. [c:\Users\techbox\.gemini\antigravity\scratch\ManagementCopy\Management.Infrastructure\Management.Infrastructure.csproj]
c:\Users\techbox\.gemini\antigravity\scratch\ManagementCopy\Management.Infrastructure\Repositories\AccessEventRepository.cs(44,41): warning CS0114: 'AccessEventRepository.GetByIdAsync(Guid, Guid?)' masque le membre h├®rit├® 'Repository<AccessEvent>.GetByIdAsync(Guid, Guid?)'. Pour que le membre actif se substitue ├á cette impl├®mentation, ajoutez le mot cl├® override. Sinon, ajoutez le mot cl├® new. [c:\Users\techbox\.gemini\antigravity\scratch\ManagementCopy\Management.Infrastructure\Management.Infrastructure.csproj]
c:\Users\techbox\.gemini\antigravity\scratch\ManagementCopy\Management.Infrastructure\Repositories\AppointmentRepository.cs(52,41): warning CS0114: 'AppointmentRepository.GetByIdAsync(Guid, Guid?)' masque le membre h├®rit├® 'Repository<Appointment>.GetByIdAsync(Guid, Guid?)'. Pour que le membre actif se substitue ├á cette impl├®mentation, ajoutez le mot cl├® override. Sinon, ajoutez le mot cl├® new. [c:\Users\techbox\.gemini\antigravity\scratch\ManagementCopy\Management.Infrastructure\Management.Infrastructure.csproj]
c:\Users\techbox\.gemini\antigravity\scratch\ManagementCopy\Management.Infrastructure\Repositories\FacilityScheduleRepository.cs(25,46): warning CS0114: 'FacilityScheduleRepository.GetByIdAsync(Guid, Guid?)' masque le membre h├®rit├® 'Repository<FacilitySchedule>.GetByIdAsync(Guid, Guid?)'. Pour que le membre actif se substitue ├á cette impl├®mentation, ajoutez le mot cl├® override. Sinon, ajoutez le mot cl├® new. [c:\Users\techbox\.gemini\antigravity\scratch\ManagementCopy\Management.Infrastructure\Management.Infrastructure.csproj]
c:\Users\techbox\.gemini\antigravity\scratch\ManagementCopy\Management.Infrastructure\Repositories\IntegrationRepository.cs(23,47): warning CS0114: 'IntegrationRepository.GetByIdAsync(Guid, Guid?)' masque le membre h├®rit├® 'Repository<IntegrationConfig>.GetByIdAsync(Guid, Guid?)'. Pour que le membre actif se substitue ├á cette impl├®mentation, ajoutez le mot cl├® override. Sinon, ajoutez le mot cl├® new. [c:\Users\techbox\.gemini\antigravity\scratch\ManagementCopy\Management.Infrastructure\Management.Infrastructure.csproj]
c:\Users\techbox\.gemini\antigravity\scratch\ManagementCopy\Management.Infrastructure\Repositories\MemberRepository.cs(139,36): warning CS0114: 'MemberRepository.GetByIdAsync(Guid, Guid?)' masque le membre h├®rit├® 'Repository<Member>.GetByIdAsync(Guid, Guid?)'. Pour que le membre actif se substitue ├á cette impl├®mentation, ajoutez le mot cl├® override. Sinon, ajoutez le mot cl├® new. [c:\Users\techbox\.gemini\antigravity\scratch\ManagementCopy\Management.Infrastructure\Management.Infrastructure.csproj]
c:\Users\techbox\.gemini\antigravity\scratch\ManagementCopy\Management.Infrastructure\Repositories\MembershipPlanRepository.cs(20,44): warning CS0114: 'MembershipPlanRepository.GetByIdAsync(Guid, Guid?)' masque le membre h├®rit├® 'Repository<MembershipPlan>.GetByIdAsync(Guid, Guid?)'. Pour que le membre actif se substitue ├á cette impl├®mentation, ajoutez le mot cl├® override. Sinon, ajoutez le mot cl├® new. [c:\Users\techbox\.gemini\antigravity\scratch\ManagementCopy\Management.Infrastructure\Management.Infrastructure.csproj]
c:\Users\techbox\.gemini\antigravity\scratch\ManagementCopy\Management.Infrastructure\Repositories\ProductRepository.cs(38,37): warning CS0114: 'ProductRepository.GetByIdAsync(Guid, Guid?)' masque le membre h├®rit├® 'Repository<Product>.GetByIdAsync(Guid, Guid?)'. Pour que le membre actif se substitue ├á cette impl├®mentation, ajoutez le mot cl├® override. Sinon, ajoutez le mot cl├® new. [c:\Users\techbox\.gemini\antigravity\scratch\ManagementCopy\Management.Infrastructure\Management.Infrastructure.csproj]
c:\Users\techbox\.gemini\antigravity\scratch\ManagementCopy\Management.Infrastructure\Repositories\RegistrationRepository.cs(36,42): warning CS0114: 'RegistrationRepository.GetByIdAsync(Guid, Guid?)' masque le membre h├®rit├® 'Repository<Registration>.GetByIdAsync(Guid, Guid?)'. Pour que le membre actif se substitue ├á cette impl├®mentation, ajoutez le mot cl├® override. Sinon, ajoutez le mot cl├® new. [c:\Users\techbox\.gemini\antigravity\scratch\ManagementCopy\Management.Infrastructure\Management.Infrastructure.csproj]
c:\Users\techbox\.gemini\antigravity\scratch\ManagementCopy\Management.Infrastructure\Repositories\PayrollRepository.cs(27,42): warning CS0114: 'PayrollRepository.GetByIdAsync(Guid, Guid?)' masque le membre h├®rit├® 'Repository<PayrollEntry>.GetByIdAsync(Guid, Guid?)'. Pour que le membre actif se substitue ├á cette impl├®mentation, ajoutez le mot cl├® override. Sinon, ajoutez le mot cl├® new. [c:\Users\techbox\.gemini\antigravity\scratch\ManagementCopy\Management.Infrastructure\Management.Infrastructure.csproj]
c:\Users\techbox\.gemini\antigravity\scratch\ManagementCopy\Management.Infrastructure\Repositories\SaleRepository.cs(46,34): warning CS0114: 'SaleRepository.GetByIdAsync(Guid, Guid?)' masque le membre h├®rit├® 'Repository<Sale>.GetByIdAsync(Guid, Guid?)'. Pour que le membre actif se substitue ├á cette impl├®mentation, ajoutez le mot cl├® override. Sinon, ajoutez le mot cl├® new. [c:\Users\techbox\.gemini\antigravity\scratch\ManagementCopy\Management.Infrastructure\Management.Infrastructure.csproj]
c:\Users\techbox\.gemini\antigravity\scratch\ManagementCopy\Management.Infrastructure\Repositories\TransactionRepository.cs(33,41): warning CS0114: 'TransactionRepository.GetByIdAsync(Guid, Guid?)' masque le membre h├®rit├® 'Repository<Transaction>.GetByIdAsync(Guid, Guid?)'. Pour que le membre actif se substitue ├á cette impl├®mentation, ajoutez le mot cl├® override. Sinon, ajoutez le mot cl├® new. [c:\Users\techbox\.gemini\antigravity\scratch\ManagementCopy\Management.Infrastructure\Management.Infrastructure.csproj]
c:\Users\techbox\.gemini\antigravity\scratch\ManagementCopy\Management.Infrastructure\Repositories\TurnstileRepository.cs(23,39): warning CS0114: 'TurnstileRepository.GetByIdAsync(Guid, Guid?)' masque le membre h├®rit├® 'Repository<Turnstile>.GetByIdAsync(Guid, Guid?)'. Pour que le membre actif se substitue ├á cette impl├®mentation, ajoutez le mot cl├® override. Sinon, ajoutez le mot cl├® new. [c:\Users\techbox\.gemini\antigravity\scratch\ManagementCopy\Management.Infrastructure\Management.Infrastructure.csproj]
c:\Users\techbox\.gemini\antigravity\scratch\ManagementCopy\Management.Infrastructure\Repositories\ReservationRepository.cs(38,41): warning CS0114: 'ReservationRepository.GetByIdAsync(Guid, Guid?)' masque le membre h├®rit├® 'Repository<Reservation>.GetByIdAsync(Guid, Guid?)'. Pour que le membre actif se substitue ├á cette impl├®mentation, ajoutez le mot cl├® override. Sinon, ajoutez le mot cl├® new. [c:\Users\techbox\.gemini\antigravity\scratch\ManagementCopy\Management.Infrastructure\Management.Infrastructure.csproj]
c:\Users\techbox\.gemini\antigravity\scratch\ManagementCopy\Management.Infrastructure\Repositories\RestaurantOrderRepository.cs(27,45): warning CS0114: 'RestaurantOrderRepository.GetByIdAsync(Guid, Guid?)' masque le membre h├®rit├® 'Repository<RestaurantOrder>.GetByIdAsync(Guid, Guid?)'. Pour que le membre actif se substitue ├á cette impl├®mentation, ajoutez le mot cl├® override. Sinon, ajoutez le mot cl├® new. [c:\Users\techbox\.gemini\antigravity\scratch\ManagementCopy\Management.Infrastructure\Management.Infrastructure.csproj]
c:\Users\techbox\.gemini\antigravity\scratch\ManagementCopy\Management.Infrastructure\Hardware\ZKTecoTurnstileService.cs(71,33): warning CS8602: D├®r├®f├®rencement d'une ├®ventuelle r├®f├®rence null. [c:\Users\techbox\.gemini\antigravity\scratch\ManagementCopy\Management.Infrastructure\Management.Infrastructure.csproj]
c:\Users\techbox\.gemini\antigravity\scratch\ManagementCopy\Management.Infrastructure\Hardware\ZKTecoTurnstileService.cs(82,21): warning CS8602: D├®r├®f├®rencement d'une ├®ventuelle r├®f├®rence null. [c:\Users\techbox\.gemini\antigravity\scratch\ManagementCopy\Management.Infrastructure\Management.Infrastructure.csproj]
c:\Users\techbox\.gemini\antigravity\scratch\ManagementCopy\Management.Infrastructure\Hardware\ZKTecoTurnstileService.cs(121,31): warning CS8602: D├®r├®f├®rencement d'une ├®ventuelle r├®f├®rence null. [c:\Users\techbox\.gemini\antigravity\scratch\ManagementCopy\Management.Infrastructure\Management.Infrastructure.csproj]
c:\Users\techbox\.gemini\antigravity\scratch\ManagementCopy\Management.Infrastructure\Services\Supabase\SupabaseProvider.cs(17,24): warning CS8618: Le champ ┬½┬á_client┬á┬╗ non-nullable doit contenir une valeur autre que Null lors de la fermeture du constructeur. Envisagez dÔÇÖajouter le modificateur ┬½┬árequired┬á┬╗ ou de d├®clarer le champ comme pouvant accepter la valeur Null. [c:\Users\techbox\.gemini\antigravity\scratch\ManagementCopy\Management.Infrastructure\Management.Infrastructure.csproj]
c:\Users\techbox\.gemini\antigravity\scratch\ManagementCopy\Management.Infrastructure\Hardware\ZKTecoTurnstileService.cs(141,17): warning CS8602: D├®r├®f├®rencement d'une ├®ventuelle r├®f├®rence null. [c:\Users\techbox\.gemini\antigravity\scratch\ManagementCopy\Management.Infrastructure\Management.Infrastructure.csproj]
c:\Users\techbox\.gemini\antigravity\scratch\ManagementCopy\Management.Infrastructure\Data\DesignTimeDbContextFactory.cs(60,60): warning CS8618: Le ├®v├®nement ┬½┬áFacilityChanged┬á┬╗ non-nullable doit contenir une valeur autre que Null lors de la fermeture du constructeur. Envisagez dÔÇÖajouter le modificateur ┬½┬árequired┬á┬╗ ou de d├®clarer le ├®v├®nement comme pouvant accepter la valeur Null. [c:\Users\techbox\.gemini\antigravity\scratch\ManagementCopy\Management.Infrastructure\Management.Infrastructure.csproj]
c:\Users\techbox\.gemini\antigravity\scratch\ManagementCopy\Management.Infrastructure\Services\TurnstileService.cs(43,13): warning CS8602: D├®r├®f├®rencement d'une ├®ventuelle r├®f├®rence null. [c:\Users\techbox\.gemini\antigravity\scratch\ManagementCopy\Management.Infrastructure\Management.Infrastructure.csproj]
c:\Users\techbox\.gemini\antigravity\scratch\ManagementCopy\Management.Infrastructure\Services\TurnstileService.cs(53,13): warning CS8602: D├®r├®f├®rencement d'une ├®ventuelle r├®f├®rence null. [c:\Users\techbox\.gemini\antigravity\scratch\ManagementCopy\Management.Infrastructure\Management.Infrastructure.csproj]
c:\Users\techbox\.gemini\antigravity\scratch\ManagementCopy\Management.Infrastructure\Services\Sync\GymSyncStrategy.cs(79,44): warning CS8601: Existence possible d'une assignation de r├®f├®rence null. [c:\Users\techbox\.gemini\antigravity\scratch\ManagementCopy\Management.Infrastructure\Management.Infrastructure.csproj]
c:\Users\techbox\.gemini\antigravity\scratch\ManagementCopy\Management.Infrastructure\Services\Sync\GymSyncStrategy.cs(80,44): warning CS8601: Existence possible d'une assignation de r├®f├®rence null. [c:\Users\techbox\.gemini\antigravity\scratch\ManagementCopy\Management.Infrastructure\Management.Infrastructure.csproj]
c:\Users\techbox\.gemini\antigravity\scratch\ManagementCopy\Management.Infrastructure\Services\Sync\GymSyncStrategy.cs(82,42): warning CS8601: Existence possible d'une assignation de r├®f├®rence null. [c:\Users\techbox\.gemini\antigravity\scratch\ManagementCopy\Management.Infrastructure\Management.Infrastructure.csproj]
c:\Users\techbox\.gemini\antigravity\scratch\ManagementCopy\Management.Infrastructure\Services\Sync\GymSyncStrategy.cs(83,55): warning CS8601: Existence possible d'une assignation de r├®f├®rence null. [c:\Users\techbox\.gemini\antigravity\scratch\ManagementCopy\Management.Infrastructure\Management.Infrastructure.csproj]
c:\Users\techbox\.gemini\antigravity\scratch\ManagementCopy\Management.Infrastructure\Services\Sync\GymSyncStrategy.cs(115,61): warning CS8604: Existence possible d'un argument de r├®f├®rence null pour le param├¿tre 's' dans 'TimeSpan TimeSpan.Parse(string s)'. [c:\Users\techbox\.gemini\antigravity\scratch\ManagementCopy\Management.Infrastructure\Management.Infrastructure.csproj]
c:\Users\techbox\.gemini\antigravity\scratch\ManagementCopy\Management.Infrastructure\Services\Sync\GymSyncStrategy.cs(116,59): warning CS8604: Existence possible d'un argument de r├®f├®rence null pour le param├¿tre 's' dans 'TimeSpan TimeSpan.Parse(string s)'. [c:\Users\techbox\.gemini\antigravity\scratch\ManagementCopy\Management.Infrastructure\Management.Infrastructure.csproj]
c:\Users\techbox\.gemini\antigravity\scratch\ManagementCopy\Management.Infrastructure\Services\Sync\GymSyncStrategy.cs(175,40): warning CS8604: Existence possible d'un argument de r├®f├®rence null pour le param├¿tre 'arg' dans 'TSupabaseModel Func<Dictionary<string, JsonElement>, TSupabaseModel>.Invoke(Dictionary<string, JsonElement> arg)'. [c:\Users\techbox\.gemini\antigravity\scratch\ManagementCopy\Management.Infrastructure\Management.Infrastructure.csproj]
c:\Users\techbox\.gemini\antigravity\scratch\ManagementCopy\Management.Infrastructure\Services\Sync\GymSyncStrategy.cs(178,20): warning CS8602: D├®r├®f├®rencement d'une ├®ventuelle r├®f├®rence null. [c:\Users\techbox\.gemini\antigravity\scratch\ManagementCopy\Management.Infrastructure\Management.Infrastructure.csproj]
c:\Users\techbox\.gemini\antigravity\scratch\ManagementCopy\Management.Infrastructure\Repositories\CachedMembershipPlanRepository.cs(62,50): warning CS8600: Conversion de litt├®ral ayant une valeur null ou d'une ├®ventuelle valeur null en type non-nullable. [c:\Users\techbox\.gemini\antigravity\scratch\ManagementCopy\Management.Infrastructure\Management.Infrastructure.csproj]
c:\Users\techbox\.gemini\antigravity\scratch\ManagementCopy\Management.Infrastructure\Repositories\CachedMembershipPlanRepository.cs(64,24): warning CS8603: Existence possible d'un retour de r├®f├®rence null. [c:\Users\techbox\.gemini\antigravity\scratch\ManagementCopy\Management.Infrastructure\Management.Infrastructure.csproj]
c:\Users\techbox\.gemini\antigravity\scratch\ManagementCopy\Management.Infrastructure\Services\AccessControlService.cs(45,71): warning CS8625: Impossible de convertir un litt├®ral ayant une valeur null en type r├®f├®rence non-nullable. [c:\Users\techbox\.gemini\antigravity\scratch\ManagementCopy\Management.Infrastructure\Management.Infrastructure.csproj]
c:\Users\techbox\.gemini\antigravity\scratch\ManagementCopy\Management.Infrastructure\Services\SyncService.cs(263,57): warning CS8604: Existence possible d'un argument de r├®f├®rence null pour le param├¿tre 'dict' dans 'string? SyncService.GetVal<string>(Dictionary<string, JsonElement> dict, string key)'. [c:\Users\techbox\.gemini\antigravity\scratch\ManagementCopy\Management.Infrastructure\Management.Infrastructure.csproj]
c:\Users\techbox\.gemini\antigravity\scratch\ManagementCopy\Management.Infrastructure\Services\SyncService.cs(327,49): warning CS8604: Existence possible d'un argument de r├®f├®rence null pour le param├¿tre 'supabaseUserId' dans 'void StaffMember.MarkAuthCompleted(string supabaseUserId)'. [c:\Users\techbox\.gemini\antigravity\scratch\ManagementCopy\Management.Infrastructure\Management.Infrastructure.csproj]
c:\Users\techbox\.gemini\antigravity\scratch\ManagementCopy\Management.Infrastructure\Services\SyncService.cs(383,98): warning CS8602: D├®r├®f├®rencement d'une ├®ventuelle r├®f├®rence null. [c:\Users\techbox\.gemini\antigravity\scratch\ManagementCopy\Management.Infrastructure\Management.Infrastructure.csproj]
c:\Users\techbox\.gemini\antigravity\scratch\ManagementCopy\Management.Infrastructure\Services\SyncService.cs(396,38): warning CS8605: Conversion unboxing d'une valeur peut-├¬tre null. [c:\Users\techbox\.gemini\antigravity\scratch\ManagementCopy\Management.Infrastructure\Management.Infrastructure.csproj]
c:\Users\techbox\.gemini\antigravity\scratch\ManagementCopy\Management.Infrastructure\Services\SyncService.cs(411,18): warning CS8602: D├®r├®f├®rencement d'une ├®ventuelle r├®f├®rence null. [c:\Users\techbox\.gemini\antigravity\scratch\ManagementCopy\Management.Infrastructure\Management.Infrastructure.csproj]
c:\Users\techbox\.gemini\antigravity\scratch\ManagementCopy\Management.Infrastructure\Services\AuthenticationService.cs(187,48): warning CS8604: Existence possible d'un argument de r├®f├®rence null pour le param├¿tre 'source' dans 'SupabaseStaffMember? Enumerable.FirstOrDefault<SupabaseStaffMember>(IEnumerable<SupabaseStaffMember> source, Func<SupabaseStaffMember, bool> predicate)'. [c:\Users\techbox\.gemini\antigravity\scratch\ManagementCopy\Management.Infrastructure\Management.Infrastructure.csproj]
c:\Users\techbox\.gemini\antigravity\scratch\ManagementCopy\Management.Infrastructure\Services\SyncService.cs(499,21): warning CS8602: D├®r├®f├®rencement d'une ├®ventuelle r├®f├®rence null. [c:\Users\techbox\.gemini\antigravity\scratch\ManagementCopy\Management.Infrastructure\Management.Infrastructure.csproj]
c:\Users\techbox\.gemini\antigravity\scratch\ManagementCopy\Management.Infrastructure\Services\Hardware\GlobalKeyboardHook.cs(40,37): warning CS8625: Impossible de convertir un litt├®ral ayant une valeur null en type r├®f├®rence non-nullable. [c:\Users\techbox\.gemini\antigravity\scratch\ManagementCopy\Management.Infrastructure\Management.Infrastructure.csproj]
c:\Users\techbox\.gemini\antigravity\scratch\ManagementCopy\Management.Infrastructure\Services\AuthenticationService.cs(646,36): warning CS8601: Existence possible d'une assignation de r├®f├®rence null. [c:\Users\techbox\.gemini\antigravity\scratch\ManagementCopy\Management.Infrastructure\Management.Infrastructure.csproj]
c:\Users\techbox\.gemini\antigravity\scratch\ManagementCopy\Management.Infrastructure\Services\AuthenticationService.cs(660,52): warning CS8601: Existence possible d'une assignation de r├®f├®rence null. [c:\Users\techbox\.gemini\antigravity\scratch\ManagementCopy\Management.Infrastructure\Management.Infrastructure.csproj]
c:\Users\techbox\.gemini\antigravity\scratch\ManagementCopy\Management.Infrastructure\Services\OnboardingService.cs(221,36): warning CS8601: Existence possible d'une assignation de r├®f├®rence null. [c:\Users\techbox\.gemini\antigravity\scratch\ManagementCopy\Management.Infrastructure\Management.Infrastructure.csproj]
c:\Users\techbox\.gemini\antigravity\scratch\ManagementCopy\Management.Infrastructure\Data\AppDbContext.cs(570,58): warning CS8600: Conversion de litt├®ral ayant une valeur null ou d'une ├®ventuelle valeur null en type non-nullable. [c:\Users\techbox\.gemini\antigravity\scratch\ManagementCopy\Management.Infrastructure\Management.Infrastructure.csproj]
c:\Users\techbox\.gemini\antigravity\scratch\ManagementCopy\Management.Infrastructure\Data\AppDbContext.cs(571,86): warning CS8600: Conversion de litt├®ral ayant une valeur null ou d'une ├®ventuelle valeur null en type non-nullable. [c:\Users\techbox\.gemini\antigravity\scratch\ManagementCopy\Management.Infrastructure\Management.Infrastructure.csproj]
c:\Users\techbox\.gemini\antigravity\scratch\ManagementCopy\Management.Infrastructure\Data\AppDbContext.cs(574,37): warning CS8604: Existence possible d'un argument de r├®f├®rence null pour le param├¿tre 'first' dans 'bool Enumerable.SequenceEqual<KeyValuePair<string, bool>>(IEnumerable<KeyValuePair<string, bool>> first, IEnumerable<KeyValuePair<string, bool>> second)'. [c:\Users\techbox\.gemini\antigravity\scratch\ManagementCopy\Management.Infrastructure\Management.Infrastructure.csproj]
c:\Users\techbox\.gemini\antigravity\scratch\ManagementCopy\Management.Infrastructure\Data\AppDbContext.cs(574,54): warning CS8604: Existence possible d'un argument de r├®f├®rence null pour le param├¿tre 'second' dans 'bool Enumerable.SequenceEqual<KeyValuePair<string, bool>>(IEnumerable<KeyValuePair<string, bool>> first, IEnumerable<KeyValuePair<string, bool>> second)'. [c:\Users\techbox\.gemini\antigravity\scratch\ManagementCopy\Management.Infrastructure\Management.Infrastructure.csproj]
c:\Users\techbox\.gemini\antigravity\scratch\ManagementCopy\Management.Infrastructure\Data\AppDbContext.cs(581,58): warning CS8600: Conversion de litt├®ral ayant une valeur null ou d'une ├®ventuelle valeur null en type non-nullable. [c:\Users\techbox\.gemini\antigravity\scratch\ManagementCopy\Management.Infrastructure\Management.Infrastructure.csproj]
c:\Users\techbox\.gemini\antigravity\scratch\ManagementCopy\Management.Infrastructure\Data\AppDbContext.cs(582,74): warning CS8600: Conversion de litt├®ral ayant une valeur null ou d'une ├®ventuelle valeur null en type non-nullable. [c:\Users\techbox\.gemini\antigravity\scratch\ManagementCopy\Management.Infrastructure\Management.Infrastructure.csproj]
c:\Users\techbox\.gemini\antigravity\scratch\ManagementCopy\Management.Infrastructure\Data\AppDbContext.cs(584,37): warning CS8604: Existence possible d'un argument de r├®f├®rence null pour le param├¿tre 'first' dans 'bool Enumerable.SequenceEqual<string>(IEnumerable<string> first, IEnumerable<string> second)'. [c:\Users\techbox\.gemini\antigravity\scratch\ManagementCopy\Management.Infrastructure\Management.Infrastructure.csproj]
c:\Users\techbox\.gemini\antigravity\scratch\ManagementCopy\Management.Infrastructure\Data\AppDbContext.cs(584,54): warning CS8604: Existence possible d'un argument de r├®f├®rence null pour le param├¿tre 'second' dans 'bool Enumerable.SequenceEqual<string>(IEnumerable<string> first, IEnumerable<string> second)'. [c:\Users\techbox\.gemini\antigravity\scratch\ManagementCopy\Management.Infrastructure\Management.Infrastructure.csproj]
c:\Users\techbox\.gemini\antigravity\scratch\ManagementCopy\Management.Infrastructure\Data\AppDbContext.cs(675,58): warning CS8600: Conversion de litt├®ral ayant une valeur null ou d'une ├®ventuelle valeur null en type non-nullable. [c:\Users\techbox\.gemini\antigravity\scratch\ManagementCopy\Management.Infrastructure\Management.Infrastructure.csproj]
c:\Users\techbox\.gemini\antigravity\scratch\ManagementCopy\Management.Infrastructure\Data\AppDbContext.cs(676,70): warning CS8600: Conversion de litt├®ral ayant une valeur null ou d'une ├®ventuelle valeur null en type non-nullable. [c:\Users\techbox\.gemini\antigravity\scratch\ManagementCopy\Management.Infrastructure\Management.Infrastructure.csproj]
c:\Users\techbox\.gemini\antigravity\scratch\ManagementCopy\Management.Infrastructure\Data\AppDbContext.cs(678,37): warning CS8604: Existence possible d'un argument de r├®f├®rence null pour le param├¿tre 'first' dans 'bool Enumerable.SequenceEqual<string>(IEnumerable<string> first, IEnumerable<string> second)'. [c:\Users\techbox\.gemini\antigravity\scratch\ManagementCopy\Management.Infrastructure\Management.Infrastructure.csproj]
c:\Users\techbox\.gemini\antigravity\scratch\ManagementCopy\Management.Infrastructure\Data\AppDbContext.cs(678,54): warning CS8604: Existence possible d'un argument de r├®f├®rence null pour le param├¿tre 'second' dans 'bool Enumerable.SequenceEqual<string>(IEnumerable<string> first, IEnumerable<string> second)'. [c:\Users\techbox\.gemini\antigravity\scratch\ManagementCopy\Management.Infrastructure\Management.Infrastructure.csproj]
c:\Users\techbox\.gemini\antigravity\scratch\ManagementCopy\Management.Infrastructure\Data\AppDbContext.cs(834,67): warning CS8604: Existence possible d'un argument de r├®f├®rence null pour le param├¿tre 'name' dans 'StoreObjectIdentifier StoreObjectIdentifier.Table(string name, string? schema = null)'. [c:\Users\techbox\.gemini\antigravity\scratch\ManagementCopy\Management.Infrastructure\Management.Infrastructure.csproj]
c:\Users\techbox\.gemini\antigravity\scratch\ManagementCopy\Management.Infrastructure\Services\OnboardingService.cs(290,136): warning CS8604: Existence possible d'un argument de r├®f├®rence null pour le param├¿tre 'tenantName' dans 'Task<Result<Guid>> OnboardingService.RegisterBusinessAsync(Guid ownerId, string ownerName, string email, string licenseKey, string tenantName, string tenantSlug, int facilityType = 0)'. [c:\Users\techbox\.gemini\antigravity\scratch\ManagementCopy\Management.Infrastructure\Management.Infrastructure.csproj]
c:\Users\techbox\.gemini\antigravity\scratch\ManagementCopy\Management.Infrastructure\Services\OnboardingService.cs(316,46): warning CS8604: Existence possible d'un argument de r├®f├®rence null pour le param├¿tre 'input' dans 'Guid Guid.Parse(string input)'. [c:\Users\techbox\.gemini\antigravity\scratch\ManagementCopy\Management.Infrastructure\Management.Infrastructure.csproj]
c:\Users\techbox\.gemini\antigravity\scratch\ManagementCopy\Management.Infrastructure\Services\OnboardingService.cs(630,43): warning CS8600: Conversion de litt├®ral ayant une valeur null ou d'une ├®ventuelle valeur null en type non-nullable. [c:\Users\techbox\.gemini\antigravity\scratch\ManagementCopy\Management.Infrastructure\Management.Infrastructure.csproj]
c:\Users\techbox\.gemini\antigravity\scratch\ManagementCopy\Management.Infrastructure\Services\SyncService.cs(1089,17): warning CS8604: Existence possible d'un argument de r├®f├®rence null pour le param├¿tre 'name' dans 'Result<MembershipPlan> MembershipPlan.Create(string name, string description, int durationDays, Money price, bool isWalkIn = false)'. [c:\Users\techbox\.gemini\antigravity\scratch\ManagementCopy\Management.Infrastructure\Management.Infrastructure.csproj]
c:\Users\techbox\.gemini\antigravity\scratch\ManagementCopy\Management.Infrastructure\Services\OnboardingService.cs(811,28): warning CS8601: Existence possible d'une assignation de r├®f├®rence null. [c:\Users\techbox\.gemini\antigravity\scratch\ManagementCopy\Management.Infrastructure\Management.Infrastructure.csproj]
c:\Users\techbox\.gemini\antigravity\scratch\ManagementCopy\Management.Infrastructure\Services\OnboardingService.cs(812,25): warning CS8601: Existence possible d'une assignation de r├®f├®rence null. [c:\Users\techbox\.gemini\antigravity\scratch\ManagementCopy\Management.Infrastructure\Management.Infrastructure.csproj]
c:\Users\techbox\.gemini\antigravity\scratch\ManagementCopy\Management.Infrastructure\Services\DiagnosticService.cs(14,85): warning CS0067: L'├®v├®nement 'DiagnosticService.EntryAdded' n'est jamais utilis├® [c:\Users\techbox\.gemini\antigravity\scratch\ManagementCopy\Management.Infrastructure\Management.Infrastructure.csproj]
c:\Users\techbox\.gemini\antigravity\scratch\ManagementCopy\Management.Infrastructure\Data\DesignTimeDbContextFactory.cs(60,60): warning CS0067: L'├®v├®nement 'DesignTimeDbContextFactory.MockFacilityContextService.FacilityChanged' n'est jamais utilis├® [c:\Users\techbox\.gemini\antigravity\scratch\ManagementCopy\Management.Infrastructure\Management.Infrastructure.csproj]
c:\Users\techbox\.gemini\antigravity\scratch\ManagementCopy\Management.Infrastructure\Services\EscPosPrinterService.cs(23,22): warning CS0169: Le champ 'EscPosPrinterService._isDisposed' n'est jamais utilis├® [c:\Users\techbox\.gemini\antigravity\scratch\ManagementCopy\Management.Infrastructure\Management.Infrastructure.csproj]
c:\Users\techbox\.gemini\antigravity\scratch\ManagementCopy\Management.Infrastructure\Hardware\ZKTecoTurnstileService.cs(38,30): warning CA1416: Ce site d'appel est accessible sur toutes les plateformes. 'Type.GetTypeFromProgID(string)' est uniquement pris en charge sur 'windows'. (https://learn.microsoft.com/dotnet/fundamentals/code-analysis/quality-rules/ca1416) [c:\Users\techbox\.gemini\antigravity\scratch\ManagementCopy\Management.Infrastructure\Management.Infrastructure.csproj]
c:\Users\techbox\.gemini\antigravity\scratch\ManagementCopy\Management.Infrastructure\Hardware\RfidReaderDevice.cs(116,51): warning CA1416: Ce site d'appel est accessible sur toutes les plateformes. 'HardwareService.NotifyStatusChanged(string, bool, string?)' est uniquement pris en charge sur 'windows'. (https://learn.microsoft.com/dotnet/fundamentals/code-analysis/quality-rules/ca1416) [c:\Users\techbox\.gemini\antigravity\scratch\ManagementCopy\Management.Infrastructure\Management.Infrastructure.csproj]
c:\Users\techbox\.gemini\antigravity\scratch\ManagementCopy\Management.Infrastructure\Hardware\RfidReaderDevice.cs(157,55): warning CA1416: Ce site d'appel est accessible sur toutes les plateformes. 'HardwareService.NotifyStatusChanged(string, bool, string?)' est uniquement pris en charge sur 'windows'. (https://learn.microsoft.com/dotnet/fundamentals/code-analysis/quality-rules/ca1416) [c:\Users\techbox\.gemini\antigravity\scratch\ManagementCopy\Management.Infrastructure\Management.Infrastructure.csproj]
c:\Users\techbox\.gemini\antigravity\scratch\ManagementCopy\Management.Infrastructure\Hardware\RfidReaderDevice.cs(76,55): warning CA1416: Ce site d'appel est accessible sur toutes les plateformes. 'HardwareService.NotifyStatusChanged(string, bool, string?)' est uniquement pris en charge sur 'windows'. (https://learn.microsoft.com/dotnet/fundamentals/code-analysis/quality-rules/ca1416) [c:\Users\techbox\.gemini\antigravity\scratch\ManagementCopy\Management.Infrastructure\Management.Infrastructure.csproj]
c:\Users\techbox\.gemini\antigravity\scratch\ManagementCopy\Management.Infrastructure\Hardware\RfidReaderDevice.cs(69,55): warning CA1416: Ce site d'appel est accessible sur toutes les plateformes. 'HardwareService.NotifyStatusChanged(string, bool, string?)' est uniquement pris en charge sur 'windows'. (https://learn.microsoft.com/dotnet/fundamentals/code-analysis/quality-rules/ca1416) [c:\Users\techbox\.gemini\antigravity\scratch\ManagementCopy\Management.Infrastructure\Management.Infrastructure.csproj]
c:\Users\techbox\.gemini\antigravity\scratch\ManagementCopy\Management.Infrastructure\Integrations\Supabase\CustomFileSessionHandler.cs(46,33): warning CA1416: Ce site d'appel est accessible sur toutes les plateformes. 'ProtectedData.Unprotect(byte[], byte[]?, DataProtectionScope)' est uniquement pris en charge sur 'windows'. (https://learn.microsoft.com/dotnet/fundamentals/code-analysis/quality-rules/ca1416) [c:\Users\techbox\.gemini\antigravity\scratch\ManagementCopy\Management.Infrastructure\Management.Infrastructure.csproj]
c:\Users\techbox\.gemini\antigravity\scratch\ManagementCopy\Management.Infrastructure\Integrations\Supabase\CustomFileSessionHandler.cs(46,85): warning CA1416: Ce site d'appel est accessible sur toutes les plateformes. 'DataProtectionScope.LocalMachine' est uniquement pris en charge sur 'windows'. (https://learn.microsoft.com/dotnet/fundamentals/code-analysis/quality-rules/ca1416) [c:\Users\techbox\.gemini\antigravity\scratch\ManagementCopy\Management.Infrastructure\Management.Infrastructure.csproj]
c:\Users\techbox\.gemini\antigravity\scratch\ManagementCopy\Management.Infrastructure\Integrations\Supabase\CustomFileSessionHandler.cs(30,33): warning CA1416: Ce site d'appel est accessible sur toutes les plateformes. 'ProtectedData.Protect(byte[], byte[]?, DataProtectionScope)' est uniquement pris en charge sur 'windows'. (https://learn.microsoft.com/dotnet/fundamentals/code-analysis/quality-rules/ca1416) [c:\Users\techbox\.gemini\antigravity\scratch\ManagementCopy\Management.Infrastructure\Management.Infrastructure.csproj]
c:\Users\techbox\.gemini\antigravity\scratch\ManagementCopy\Management.Infrastructure\Integrations\Supabase\CustomFileSessionHandler.cs(30,78): warning CA1416: Ce site d'appel est accessible sur toutes les plateformes. 'DataProtectionScope.LocalMachine' est uniquement pris en charge sur 'windows'. (https://learn.microsoft.com/dotnet/fundamentals/code-analysis/quality-rules/ca1416) [c:\Users\techbox\.gemini\antigravity\scratch\ManagementCopy\Management.Infrastructure\Management.Infrastructure.csproj]
c:\Users\techbox\.gemini\antigravity\scratch\ManagementCopy\Management.Infrastructure\Services\SecurityService.cs(20,40): warning CA1416: Ce site d'appel est accessible sur toutes les plateformes. 'ProtectedData.Protect(byte[], byte[]?, DataProtectionScope)' est uniquement pris en charge sur 'windows'. (https://learn.microsoft.com/dotnet/fundamentals/code-analysis/quality-rules/ca1416) [c:\Users\techbox\.gemini\antigravity\scratch\ManagementCopy\Management.Infrastructure\Management.Infrastructure.csproj]
c:\Users\techbox\.gemini\antigravity\scratch\ManagementCopy\Management.Infrastructure\Services\SecurityService.cs(20,85): warning CA1416: Ce site d'appel est accessible sur toutes les plateformes. 'DataProtectionScope.LocalMachine' est uniquement pris en charge sur 'windows'. (https://learn.microsoft.com/dotnet/fundamentals/code-analysis/quality-rules/ca1416) [c:\Users\techbox\.gemini\antigravity\scratch\ManagementCopy\Management.Infrastructure\Management.Infrastructure.csproj]
c:\Users\techbox\.gemini\antigravity\scratch\ManagementCopy\Management.Infrastructure\Services\SecurityService.cs(36,87): warning CA1416: Ce site d'appel est accessible sur toutes les plateformes. 'DataProtectionScope.LocalMachine' est uniquement pris en charge sur 'windows'. (https://learn.microsoft.com/dotnet/fundamentals/code-analysis/quality-rules/ca1416) [c:\Users\techbox\.gemini\antigravity\scratch\ManagementCopy\Management.Infrastructure\Management.Infrastructure.csproj]
c:\Users\techbox\.gemini\antigravity\scratch\ManagementCopy\Management.Infrastructure\Services\SecurityService.cs(36,40): warning CA1416: Ce site d'appel est accessible sur toutes les plateformes. 'ProtectedData.Unprotect(byte[], byte[]?, DataProtectionScope)' est uniquement pris en charge sur 'windows'. (https://learn.microsoft.com/dotnet/fundamentals/code-analysis/quality-rules/ca1416) [c:\Users\techbox\.gemini\antigravity\scratch\ManagementCopy\Management.Infrastructure\Management.Infrastructure.csproj]
C:\Program Files\dotnet\sdk\10.0.101\Microsoft.Common.CurrentVersion.targets(2437,5): warning MSB3246: Le fichier r├®solu a une image incorrecte, ne comporte pas de m├®tadonn├®es ou n'est pas accessible. PE image does not have metadata. PE image does not have metadata. [c:\Users\techbox\.gemini\antigravity\scratch\ManagementCopy\Management.Presentation\Management.Presentation.csproj]
C:\Program Files\dotnet\sdk\10.0.101\Microsoft.Common.CurrentVersion.targets(2437,5): warning MSB3246: Le fichier r├®solu a une image incorrecte, ne comporte pas de m├®tadonn├®es ou n'est pas accessible. PE image does not have metadata. PE image does not have metadata. [c:\Users\techbox\.gemini\antigravity\scratch\ManagementCopy\Management.Presentation\Management.Presentation.csproj]
C:\Program Files\dotnet\sdk\10.0.101\Microsoft.Common.CurrentVersion.targets(2437,5): warning MSB3246: Le fichier r├®solu a une image incorrecte, ne comporte pas de m├®tadonn├®es ou n'est pas accessible. PE image does not have metadata. PE image does not have metadata. [c:\Users\techbox\.gemini\antigravity\scratch\ManagementCopy\Management.Presentation\Management.Presentation.csproj]
C:\Program Files\dotnet\sdk\10.0.101\Microsoft.Common.CurrentVersion.targets(2437,5): warning MSB3246: Le fichier r├®solu a une image incorrecte, ne comporte pas de m├®tadonn├®es ou n'est pas accessible. PE image does not have metadata. PE image does not have metadata. [c:\Users\techbox\.gemini\antigravity\scratch\ManagementCopy\Management.Presentation\Management.Presentation.csproj]
C:\Program Files\dotnet\sdk\10.0.101\Microsoft.Common.CurrentVersion.targets(2437,5): warning MSB3246: Le fichier r├®solu a une image incorrecte, ne comporte pas de m├®tadonn├®es ou n'est pas accessible. PE image does not have metadata. PE image does not have metadata. [c:\Users\techbox\.gemini\antigravity\scratch\ManagementCopy\Management.Presentation\Management.Presentation.csproj]
C:\Program Files\dotnet\sdk\10.0.101\Microsoft.Common.CurrentVersion.targets(2437,5): warning MSB3246: Le fichier r├®solu a une image incorrecte, ne comporte pas de m├®tadonn├®es ou n'est pas accessible. PE image does not have metadata. PE image does not have metadata. [c:\Users\techbox\.gemini\antigravity\scratch\ManagementCopy\Management.Presentation\Management.Presentation.csproj]
C:\Program Files\dotnet\sdk\10.0.101\Microsoft.Common.CurrentVersion.targets(2437,5): warning MSB3246: Le fichier r├®solu a une image incorrecte, ne comporte pas de m├®tadonn├®es ou n'est pas accessible. PE image does not have metadata. PE image does not have metadata. [c:\Users\techbox\.gemini\antigravity\scratch\ManagementCopy\Management.Presentation\Management.Presentation.csproj]
C:\Program Files\dotnet\sdk\10.0.101\Microsoft.Common.CurrentVersion.targets(2437,5): warning MSB3246: Le fichier r├®solu a une image incorrecte, ne comporte pas de m├®tadonn├®es ou n'est pas accessible. PE image does not have metadata. PE image does not have metadata. [c:\Users\techbox\.gemini\antigravity\scratch\ManagementCopy\Management.Presentation\Management.Presentation.csproj]
C:\Program Files\dotnet\sdk\10.0.101\Microsoft.Common.CurrentVersion.targets(2437,5): warning MSB3246: Le fichier r├®solu a une image incorrecte, ne comporte pas de m├®tadonn├®es ou n'est pas accessible. PE image does not have metadata. PE image does not have metadata. [c:\Users\techbox\.gemini\antigravity\scratch\ManagementCopy\Management.Presentation\Management.Presentation.csproj]
C:\Program Files\dotnet\sdk\10.0.101\Microsoft.Common.CurrentVersion.targets(2437,5): warning MSB3246: Le fichier r├®solu a une image incorrecte, ne comporte pas de m├®tadonn├®es ou n'est pas accessible. PE image does not have metadata. PE image does not have metadata. [c:\Users\techbox\.gemini\antigravity\scratch\ManagementCopy\Management.Presentation\Management.Presentation.csproj]
C:\Program Files\dotnet\sdk\10.0.101\Microsoft.Common.CurrentVersion.targets(2437,5): warning MSB3246: Le fichier r├®solu a une image incorrecte, ne comporte pas de m├®tadonn├®es ou n'est pas accessible. PE image does not have metadata. PE image does not have metadata. [c:\Users\techbox\.gemini\antigravity\scratch\ManagementCopy\Management.Presentation\Management.Presentation.csproj]
C:\Program Files\dotnet\sdk\10.0.101\Microsoft.Common.CurrentVersion.targets(2437,5): warning MSB3246: Le fichier r├®solu a une image incorrecte, ne comporte pas de m├®tadonn├®es ou n'est pas accessible. PE image does not have metadata. PE image does not have metadata. [c:\Users\techbox\.gemini\antigravity\scratch\ManagementCopy\Management.Presentation\Management.Presentation.csproj]
C:\Program Files\dotnet\sdk\10.0.101\Microsoft.Common.CurrentVersion.targets(2437,5): warning MSB3246: Le fichier r├®solu a une image incorrecte, ne comporte pas de m├®tadonn├®es ou n'est pas accessible. PE image does not have metadata. PE image does not have metadata. [c:\Users\techbox\.gemini\antigravity\scratch\ManagementCopy\Management.Presentation\Management.Presentation.csproj]
C:\Program Files\dotnet\sdk\10.0.101\Microsoft.Common.CurrentVersion.targets(2437,5): warning MSB3246: Le fichier r├®solu a une image incorrecte, ne comporte pas de m├®tadonn├®es ou n'est pas accessible. PE image does not have metadata. PE image does not have metadata. [c:\Users\techbox\.gemini\antigravity\scratch\ManagementCopy\Management.Presentation\Management.Presentation.csproj]
C:\Program Files\dotnet\sdk\10.0.101\Microsoft.Common.CurrentVersion.targets(2437,5): warning MSB3246: Le fichier r├®solu a une image incorrecte, ne comporte pas de m├®tadonn├®es ou n'est pas accessible. PE image does not have metadata. PE image does not have metadata. [c:\Users\techbox\.gemini\antigravity\scratch\ManagementCopy\Management.Presentation\Management.Presentation.csproj]
c:\Users\techbox\.gemini\antigravity\scratch\ManagementCopy\Management.Presentation\ViewModels\AccessControl\AccessControlViewModel.cs(32,21): error CS1525: Terme d'expression ';' non valide [c:\Users\techbox\.gemini\antigravity\scratch\ManagementCopy\Management.Presentation\Management.Presentation_cydamnyk_wpftmp.csproj]
c:\Users\techbox\.gemini\antigravity\scratch\ManagementCopy\Management.Presentation\ViewModels\FacilityOnboardingViewModel.cs(58,24): error CS1525: Terme d'expression ',' non valide [c:\Users\techbox\.gemini\antigravity\scratch\ManagementCopy\Management.Presentation\Management.Presentation_cydamnyk_wpftmp.csproj]
c:\Users\techbox\.gemini\antigravity\scratch\ManagementCopy\Management.Presentation\ViewModels\FacilityOnboardingViewModel.cs(66,24): error CS1525: Terme d'expression ',' non valide [c:\Users\techbox\.gemini\antigravity\scratch\ManagementCopy\Management.Presentation\Management.Presentation_cydamnyk_wpftmp.csproj]
c:\Users\techbox\.gemini\antigravity\scratch\ManagementCopy\Management.Presentation\ViewModels\FacilityOnboardingViewModel.cs(74,24): error CS1525: Terme d'expression ',' non valide [c:\Users\techbox\.gemini\antigravity\scratch\ManagementCopy\Management.Presentation\Management.Presentation_cydamnyk_wpftmp.csproj]
c:\Users\techbox\.gemini\antigravity\scratch\ManagementCopy\Management.Presentation\ViewModels\FacilityOnboardingViewModel.cs(113,57): error CS0839: Argument manquant [c:\Users\techbox\.gemini\antigravity\scratch\ManagementCopy\Management.Presentation\Management.Presentation_cydamnyk_wpftmp.csproj]
c:\Users\techbox\.gemini\antigravity\scratch\ManagementCopy\Management.Presentation\ViewModels\FacilityOnboardingViewModel.cs(121,57): error CS0839: Argument manquant [c:\Users\techbox\.gemini\antigravity\scratch\ManagementCopy\Management.Presentation\Management.Presentation_cydamnyk_wpftmp.csproj]
c:\Users\techbox\.gemini\antigravity\scratch\ManagementCopy\Management.Presentation\ViewModels\FacilityOnboardingViewModel.cs(126,53): error CS0839: Argument manquant [c:\Users\techbox\.gemini\antigravity\scratch\ManagementCopy\Management.Presentation\Management.Presentation_cydamnyk_wpftmp.csproj]
c:\Users\techbox\.gemini\antigravity\scratch\ManagementCopy\Management.Presentation\ViewModels\FacilityOnboardingViewModel.cs(134,53): error CS0839: Argument manquant [c:\Users\techbox\.gemini\antigravity\scratch\ManagementCopy\Management.Presentation\Management.Presentation_cydamnyk_wpftmp.csproj]
c:\Users\techbox\.gemini\antigravity\scratch\ManagementCopy\Management.Presentation\ViewModels\Finance\FinanceViewModel.cs(72,21): error CS1525: Terme d'expression ';' non valide [c:\Users\techbox\.gemini\antigravity\scratch\ManagementCopy\Management.Presentation\Management.Presentation_cydamnyk_wpftmp.csproj]
c:\Users\techbox\.gemini\antigravity\scratch\ManagementCopy\Management.Presentation\ViewModels\Finance\PayrollViewModel.cs(87,40): error CS0839: Argument manquant [c:\Users\techbox\.gemini\antigravity\scratch\ManagementCopy\Management.Presentation\Management.Presentation_cydamnyk_wpftmp.csproj]
c:\Users\techbox\.gemini\antigravity\scratch\ManagementCopy\Management.Presentation\ViewModels\Finance\PayrollViewModel.cs(92,38): error CS0839: Argument manquant [c:\Users\techbox\.gemini\antigravity\scratch\ManagementCopy\Management.Presentation\Management.Presentation_cydamnyk_wpftmp.csproj]
c:\Users\techbox\.gemini\antigravity\scratch\ManagementCopy\Management.Presentation\ViewModels\Finance\PayrollViewModel.cs(97,40): error CS0839: Argument manquant [c:\Users\techbox\.gemini\antigravity\scratch\ManagementCopy\Management.Presentation\Management.Presentation_cydamnyk_wpftmp.csproj]
c:\Users\techbox\.gemini\antigravity\scratch\ManagementCopy\Management.Presentation\ViewModels\Finance\PayrollViewModel.cs(149,40): error CS0839: Argument manquant [c:\Users\techbox\.gemini\antigravity\scratch\ManagementCopy\Management.Presentation\Management.Presentation_cydamnyk_wpftmp.csproj]
c:\Users\techbox\.gemini\antigravity\scratch\ManagementCopy\Management.Presentation\ViewModels\Finance\PayrollViewModel.cs(178,44): error CS0839: Argument manquant [c:\Users\techbox\.gemini\antigravity\scratch\ManagementCopy\Management.Presentation\Management.Presentation_cydamnyk_wpftmp.csproj]
c:\Users\techbox\.gemini\antigravity\scratch\ManagementCopy\Management.Presentation\ViewModels\GymHome\MultiSaleCartViewModel.cs(109,21): error CS1525: Terme d'expression ';' non valide [c:\Users\techbox\.gemini\antigravity\scratch\ManagementCopy\Management.Presentation\Management.Presentation_cydamnyk_wpftmp.csproj]
c:\Users\techbox\.gemini\antigravity\scratch\ManagementCopy\Management.Presentation\ViewModels\GymHome\RfidAccessControlViewModel.cs(62,21): error CS1525: Terme d'expression ';' non valide [c:\Users\techbox\.gemini\antigravity\scratch\ManagementCopy\Management.Presentation\Management.Presentation_cydamnyk_wpftmp.csproj]
c:\Users\techbox\.gemini\antigravity\scratch\ManagementCopy\Management.Presentation\ViewModels\Members\QuickRegistrationViewModel.cs(66,21): error CS1525: Terme d'expression ';' non valide [c:\Users\techbox\.gemini\antigravity\scratch\ManagementCopy\Management.Presentation\Management.Presentation_cydamnyk_wpftmp.csproj]
c:\Users\techbox\.gemini\antigravity\scratch\ManagementCopy\Management.Presentation\ViewModels\Onboarding\OnboardingViewModel.cs(103,36): error CS1525: Terme d'expression ';' non valide [c:\Users\techbox\.gemini\antigravity\scratch\ManagementCopy\Management.Presentation\Management.Presentation_cydamnyk_wpftmp.csproj]
c:\Users\techbox\.gemini\antigravity\scratch\ManagementCopy\Management.Presentation\ViewModels\Onboarding\Steps\AdminRegistrationViewModel.cs(59,32): error CS1525: Terme d'expression ';' non valide [c:\Users\techbox\.gemini\antigravity\scratch\ManagementCopy\Management.Presentation\Management.Presentation_cydamnyk_wpftmp.csproj]
c:\Users\techbox\.gemini\antigravity\scratch\ManagementCopy\Management.Presentation\ViewModels\Onboarding\Steps\AdminRegistrationViewModel.cs(66,32): error CS1525: Terme d'expression ';' non valide [c:\Users\techbox\.gemini\antigravity\scratch\ManagementCopy\Management.Presentation\Management.Presentation_cydamnyk_wpftmp.csproj]
c:\Users\techbox\.gemini\antigravity\scratch\ManagementCopy\Management.Presentation\ViewModels\Onboarding\Steps\AdminRegistrationViewModel.cs(73,32): error CS1525: Terme d'expression ';' non valide [c:\Users\techbox\.gemini\antigravity\scratch\ManagementCopy\Management.Presentation\Management.Presentation_cydamnyk_wpftmp.csproj]
c:\Users\techbox\.gemini\antigravity\scratch\ManagementCopy\Management.Presentation\ViewModels\Onboarding\Steps\AdminRegistrationViewModel.cs(80,32): error CS1525: Terme d'expression ';' non valide [c:\Users\techbox\.gemini\antigravity\scratch\ManagementCopy\Management.Presentation\Management.Presentation_cydamnyk_wpftmp.csproj]
c:\Users\techbox\.gemini\antigravity\scratch\ManagementCopy\Management.Presentation\ViewModels\Onboarding\Steps\FacilityConfigViewModel.cs(23,21): error CS1525: Terme d'expression ';' non valide [c:\Users\techbox\.gemini\antigravity\scratch\ManagementCopy\Management.Presentation\Management.Presentation_cydamnyk_wpftmp.csproj]
c:\Users\techbox\.gemini\antigravity\scratch\ManagementCopy\Management.Presentation\ViewModels\Onboarding\Steps\FacilityConfigViewModel.cs(38,32): error CS1525: Terme d'expression ';' non valide [c:\Users\techbox\.gemini\antigravity\scratch\ManagementCopy\Management.Presentation\Management.Presentation_cydamnyk_wpftmp.csproj]
c:\Users\techbox\.gemini\antigravity\scratch\ManagementCopy\Management.Presentation\ViewModels\Onboarding\Steps\FinishViewModel.cs(31,21): error CS1525: Terme d'expression ';' non valide [c:\Users\techbox\.gemini\antigravity\scratch\ManagementCopy\Management.Presentation\Management.Presentation_cydamnyk_wpftmp.csproj]
c:\Users\techbox\.gemini\antigravity\scratch\ManagementCopy\Management.Presentation\ViewModels\Onboarding\Steps\FinishViewModel.cs(45,33): error CS1525: Terme d'expression ';' non valide [c:\Users\techbox\.gemini\antigravity\scratch\ManagementCopy\Management.Presentation\Management.Presentation_cydamnyk_wpftmp.csproj]
c:\Users\techbox\.gemini\antigravity\scratch\ManagementCopy\Management.Presentation\ViewModels\Onboarding\Steps\FinishViewModel.cs(58,33): error CS1525: Terme d'expression ';' non valide [c:\Users\techbox\.gemini\antigravity\scratch\ManagementCopy\Management.Presentation\Management.Presentation_cydamnyk_wpftmp.csproj]
c:\Users\techbox\.gemini\antigravity\scratch\ManagementCopy\Management.Presentation\ViewModels\Onboarding\Steps\FinishViewModel.cs(86,57): error CS0839: Argument manquant [c:\Users\techbox\.gemini\antigravity\scratch\ManagementCopy\Management.Presentation\Management.Presentation_cydamnyk_wpftmp.csproj]
c:\Users\techbox\.gemini\antigravity\scratch\ManagementCopy\Management.Presentation\ViewModels\PointOfSale\PosViewModel.cs(80,62): error CS1525: Terme d'expression ',' non valide [c:\Users\techbox\.gemini\antigravity\scratch\ManagementCopy\Management.Presentation\Management.Presentation_cydamnyk_wpftmp.csproj]
c:\Users\techbox\.gemini\antigravity\scratch\ManagementCopy\Management.Presentation\ViewModels\PointOfSale\PosViewModel.cs(80,75): error CS1525: Terme d'expression ',' non valide [c:\Users\techbox\.gemini\antigravity\scratch\ManagementCopy\Management.Presentation\Management.Presentation_cydamnyk_wpftmp.csproj]
c:\Users\techbox\.gemini\antigravity\scratch\ManagementCopy\Management.Presentation\ViewModels\PointOfSale\PosViewModel.cs(81,62): error CS1525: Terme d'expression ',' non valide [c:\Users\techbox\.gemini\antigravity\scratch\ManagementCopy\Management.Presentation\Management.Presentation_cydamnyk_wpftmp.csproj]
c:\Users\techbox\.gemini\antigravity\scratch\ManagementCopy\Management.Presentation\ViewModels\PointOfSale\PosViewModel.cs(81,75): error CS1525: Terme d'expression ',' non valide [c:\Users\techbox\.gemini\antigravity\scratch\ManagementCopy\Management.Presentation\Management.Presentation_cydamnyk_wpftmp.csproj]
c:\Users\techbox\.gemini\antigravity\scratch\ManagementCopy\Management.Presentation\ViewModels\PointOfSale\PosViewModel.cs(167,33): error CS0839: Argument manquant [c:\Users\techbox\.gemini\antigravity\scratch\ManagementCopy\Management.Presentation\Management.Presentation_cydamnyk_wpftmp.csproj]
c:\Users\techbox\.gemini\antigravity\scratch\ManagementCopy\Management.Presentation\ViewModels\PointOfSale\PosViewModel.cs(208,37): error CS0839: Argument manquant [c:\Users\techbox\.gemini\antigravity\scratch\ManagementCopy\Management.Presentation\Management.Presentation_cydamnyk_wpftmp.csproj]
c:\Users\techbox\.gemini\antigravity\scratch\ManagementCopy\Management.Presentation\ViewModels\PointOfSale\PosViewModel.cs(282,33): error CS0839: Argument manquant [c:\Users\techbox\.gemini\antigravity\scratch\ManagementCopy\Management.Presentation\Management.Presentation_cydamnyk_wpftmp.csproj]
c:\Users\techbox\.gemini\antigravity\scratch\ManagementCopy\Management.Presentation\ViewModels\Registrations\RegistrationsViewModel.cs(101,21): error CS1525: Terme d'expression ';' non valide [c:\Users\techbox\.gemini\antigravity\scratch\ManagementCopy\Management.Presentation\Management.Presentation_cydamnyk_wpftmp.csproj]
c:\Users\techbox\.gemini\antigravity\scratch\ManagementCopy\Management.Presentation\ViewModels\Restaurant\FloorPlanViewModel.cs(89,21): error CS1525: Terme d'expression ';' non valide [c:\Users\techbox\.gemini\antigravity\scratch\ManagementCopy\Management.Presentation\Management.Presentation_cydamnyk_wpftmp.csproj]
c:\Users\techbox\.gemini\antigravity\scratch\ManagementCopy\Management.Presentation\ViewModels\Restaurant\InventoryEditorViewModels.cs(139,29): error CS1525: Terme d'expression ';' non valide [c:\Users\techbox\.gemini\antigravity\scratch\ManagementCopy\Management.Presentation\Management.Presentation_cydamnyk_wpftmp.csproj]
c:\Users\techbox\.gemini\antigravity\scratch\ManagementCopy\Management.Presentation\ViewModels\Restaurant\InventoryEditorViewModels.cs(145,37): error CS1525: Terme d'expression ';' non valide [c:\Users\techbox\.gemini\antigravity\scratch\ManagementCopy\Management.Presentation\Management.Presentation_cydamnyk_wpftmp.csproj]
c:\Users\techbox\.gemini\antigravity\scratch\ManagementCopy\Management.Presentation\ViewModels\Restaurant\InventoryEditorViewModels.cs(164,41): error CS1525: Terme d'expression ';' non valide [c:\Users\techbox\.gemini\antigravity\scratch\ManagementCopy\Management.Presentation\Management.Presentation_cydamnyk_wpftmp.csproj]
c:\Users\techbox\.gemini\antigravity\scratch\ManagementCopy\Management.Presentation\ViewModels\Restaurant\InventoryEditorViewModels.cs(199,37): error CS1525: Terme d'expression ';' non valide [c:\Users\techbox\.gemini\antigravity\scratch\ManagementCopy\Management.Presentation\Management.Presentation_cydamnyk_wpftmp.csproj]
c:\Users\techbox\.gemini\antigravity\scratch\ManagementCopy\Management.Presentation\ViewModels\Restaurant\InventoryViewModel.cs(161,33): error CS1525: Terme d'expression ';' non valide [c:\Users\techbox\.gemini\antigravity\scratch\ManagementCopy\Management.Presentation\Management.Presentation_cydamnyk_wpftmp.csproj]
c:\Users\techbox\.gemini\antigravity\scratch\ManagementCopy\Management.Presentation\ViewModels\Restaurant\SelectTableViewModel.cs(70,41): error CS0839: Argument manquant [c:\Users\techbox\.gemini\antigravity\scratch\ManagementCopy\Management.Presentation\Management.Presentation_cydamnyk_wpftmp.csproj]
c:\Users\techbox\.gemini\antigravity\scratch\ManagementCopy\Management.Presentation\ViewModels\Restaurant\SelectTableViewModel.cs(74,41): error CS0839: Argument manquant [c:\Users\techbox\.gemini\antigravity\scratch\ManagementCopy\Management.Presentation\Management.Presentation_cydamnyk_wpftmp.csproj]
c:\Users\techbox\.gemini\antigravity\scratch\ManagementCopy\Management.Presentation\ViewModels\Settings\DeviceManagementViewModel.cs(43,21): error CS1525: Terme d'expression ';' non valide [c:\Users\techbox\.gemini\antigravity\scratch\ManagementCopy\Management.Presentation\Management.Presentation_cydamnyk_wpftmp.csproj]
c:\Users\techbox\.gemini\antigravity\scratch\ManagementCopy\Management.Presentation\ViewModels\Settings\DeviceManagementViewModel.cs(77,53): error CS0839: Argument manquant [c:\Users\techbox\.gemini\antigravity\scratch\ManagementCopy\Management.Presentation\Management.Presentation_cydamnyk_wpftmp.csproj]
c:\Users\techbox\.gemini\antigravity\scratch\ManagementCopy\Management.Presentation\ViewModels\Settings\DeviceManagementViewModel.cs(94,47): error CS0839: Argument manquant [c:\Users\techbox\.gemini\antigravity\scratch\ManagementCopy\Management.Presentation\Management.Presentation_cydamnyk_wpftmp.csproj]
c:\Users\techbox\.gemini\antigravity\scratch\ManagementCopy\Management.Presentation\ViewModels\Settings\DeviceManagementViewModel.cs(98,57): error CS0839: Argument manquant [c:\Users\techbox\.gemini\antigravity\scratch\ManagementCopy\Management.Presentation\Management.Presentation_cydamnyk_wpftmp.csproj]
c:\Users\techbox\.gemini\antigravity\scratch\ManagementCopy\Management.Presentation\ViewModels\Settings\MembershipPlansViewModel.cs(119,24): error CS1525: Terme d'expression ',' non valide [c:\Users\techbox\.gemini\antigravity\scratch\ManagementCopy\Management.Presentation\Management.Presentation_cydamnyk_wpftmp.csproj]
c:\Users\techbox\.gemini\antigravity\scratch\ManagementCopy\Management.Presentation\ViewModels\Settings\MembershipPlansViewModel.cs(134,33): error CS1525: Terme d'expression ';' non valide [c:\Users\techbox\.gemini\antigravity\scratch\ManagementCopy\Management.Presentation\Management.Presentation_cydamnyk_wpftmp.csproj]
c:\Users\techbox\.gemini\antigravity\scratch\ManagementCopy\Management.Presentation\ViewModels\Settings\MembershipPlansViewModel.cs(148,33): error CS1525: Terme d'expression ';' non valide [c:\Users\techbox\.gemini\antigravity\scratch\ManagementCopy\Management.Presentation\Management.Presentation_cydamnyk_wpftmp.csproj]
c:\Users\techbox\.gemini\antigravity\scratch\ManagementCopy\Management.Presentation\ViewModels\Settings\MenuItemEditorViewModel.cs(117,29): error CS1525: Terme d'expression ';' non valide [c:\Users\techbox\.gemini\antigravity\scratch\ManagementCopy\Management.Presentation\Management.Presentation_cydamnyk_wpftmp.csproj]
c:\Users\techbox\.gemini\antigravity\scratch\ManagementCopy\Management.Presentation\ViewModels\Settings\MenuItemEditorViewModel.cs(145,37): error CS1525: Terme d'expression ';' non valide [c:\Users\techbox\.gemini\antigravity\scratch\ManagementCopy\Management.Presentation\Management.Presentation_cydamnyk_wpftmp.csproj]
c:\Users\techbox\.gemini\antigravity\scratch\ManagementCopy\Management.Presentation\ViewModels\Settings\MenuItemEditorViewModel.cs(150,37): error CS1525: Terme d'expression ';' non valide [c:\Users\techbox\.gemini\antigravity\scratch\ManagementCopy\Management.Presentation\Management.Presentation_cydamnyk_wpftmp.csproj]
c:\Users\techbox\.gemini\antigravity\scratch\ManagementCopy\Management.Presentation\ViewModels\Settings\MenuItemEditorViewModel.cs(155,33): error CS1525: Terme d'expression ';' non valide [c:\Users\techbox\.gemini\antigravity\scratch\ManagementCopy\Management.Presentation\Management.Presentation_cydamnyk_wpftmp.csproj]
c:\Users\techbox\.gemini\antigravity\scratch\ManagementCopy\Management.Presentation\ViewModels\Settings\MenuManagementViewModel.cs(127,29): error CS1525: Terme d'expression ';' non valide [c:\Users\techbox\.gemini\antigravity\scratch\ManagementCopy\Management.Presentation\Management.Presentation_cydamnyk_wpftmp.csproj]
c:\Users\techbox\.gemini\antigravity\scratch\ManagementCopy\Management.Presentation\ViewModels\Settings\MenuManagementViewModel.cs(145,33): error CS1525: Terme d'expression ';' non valide [c:\Users\techbox\.gemini\antigravity\scratch\ManagementCopy\Management.Presentation\Management.Presentation_cydamnyk_wpftmp.csproj]
c:\Users\techbox\.gemini\antigravity\scratch\ManagementCopy\Management.Presentation\ViewModels\Settings\MenuManagementViewModel.cs(224,29): error CS1525: Terme d'expression ';' non valide [c:\Users\techbox\.gemini\antigravity\scratch\ManagementCopy\Management.Presentation\Management.Presentation_cydamnyk_wpftmp.csproj]
c:\Users\techbox\.gemini\antigravity\scratch\ManagementCopy\Management.Presentation\ViewModels\Settings\MenuManagementViewModel.cs(232,37): error CS1525: Terme d'expression ';' non valide [c:\Users\techbox\.gemini\antigravity\scratch\ManagementCopy\Management.Presentation\Management.Presentation_cydamnyk_wpftmp.csproj]
c:\Users\techbox\.gemini\antigravity\scratch\ManagementCopy\Management.Presentation\ViewModels\Settings\MenuManagementViewModel.cs(236,37): error CS1525: Terme d'expression ';' non valide [c:\Users\techbox\.gemini\antigravity\scratch\ManagementCopy\Management.Presentation\Management.Presentation_cydamnyk_wpftmp.csproj]
c:\Users\techbox\.gemini\antigravity\scratch\ManagementCopy\Management.Presentation\ViewModels\Settings\MenuManagementViewModel.cs(242,33): error CS1525: Terme d'expression ';' non valide [c:\Users\techbox\.gemini\antigravity\scratch\ManagementCopy\Management.Presentation\Management.Presentation_cydamnyk_wpftmp.csproj]
c:\Users\techbox\.gemini\antigravity\scratch\ManagementCopy\Management.Presentation\ViewModels\Shell\ChangeFacilityViewModel.cs(32,26): error CS1525: Terme d'expression ';' non valide [c:\Users\techbox\.gemini\antigravity\scratch\ManagementCopy\Management.Presentation\Management.Presentation_cydamnyk_wpftmp.csproj]
c:\Users\techbox\.gemini\antigravity\scratch\ManagementCopy\Management.Presentation\ViewModels\Shell\DashboardViewModel.cs(327,44): error CS1525: Terme d'expression ',' non valide [c:\Users\techbox\.gemini\antigravity\scratch\ManagementCopy\Management.Presentation\Management.Presentation_cydamnyk_wpftmp.csproj]
c:\Users\techbox\.gemini\antigravity\scratch\ManagementCopy\Management.Presentation\ViewModels\Shell\DashboardViewModel.cs(376,44): error CS1525: Terme d'expression ',' non valide [c:\Users\techbox\.gemini\antigravity\scratch\ManagementCopy\Management.Presentation\Management.Presentation_cydamnyk_wpftmp.csproj]
c:\Users\techbox\.gemini\antigravity\scratch\ManagementCopy\Management.Presentation\ViewModels\Shell\DashboardViewModel.cs(425,48): error CS1525: Terme d'expression ',' non valide [c:\Users\techbox\.gemini\antigravity\scratch\ManagementCopy\Management.Presentation\Management.Presentation_cydamnyk_wpftmp.csproj]
c:\Users\techbox\.gemini\antigravity\scratch\ManagementCopy\Management.Presentation\ViewModels\Shell\DashboardViewModel.cs(466,48): error CS1525: Terme d'expression ',' non valide [c:\Users\techbox\.gemini\antigravity\scratch\ManagementCopy\Management.Presentation\Management.Presentation_cydamnyk_wpftmp.csproj]
c:\Users\techbox\.gemini\antigravity\scratch\ManagementCopy\Management.Presentation\ViewModels\Shell\FacilityAuthViewModel.cs(34,26): error CS1525: Terme d'expression ';' non valide [c:\Users\techbox\.gemini\antigravity\scratch\ManagementCopy\Management.Presentation\Management.Presentation_cydamnyk_wpftmp.csproj]
c:\Users\techbox\.gemini\antigravity\scratch\ManagementCopy\Management.Presentation\ViewModels\Shell\FacilityAuthViewModel.cs(48,32): error CS1525: Terme d'expression ';' non valide [c:\Users\techbox\.gemini\antigravity\scratch\ManagementCopy\Management.Presentation\Management.Presentation_cydamnyk_wpftmp.csproj]
c:\Users\techbox\.gemini\antigravity\scratch\ManagementCopy\Management.Presentation\ViewModels\Shell\TopBarViewModel.cs(237,52): error CS0839: Argument manquant [c:\Users\techbox\.gemini\antigravity\scratch\ManagementCopy\Management.Presentation\Management.Presentation_cydamnyk_wpftmp.csproj]
c:\Users\techbox\.gemini\antigravity\scratch\ManagementCopy\Management.Presentation\ViewModels\Shell\TopBarViewModel.cs(453,36): error CS0839: Argument manquant [c:\Users\techbox\.gemini\antigravity\scratch\ManagementCopy\Management.Presentation\Management.Presentation_cydamnyk_wpftmp.csproj]
c:\Users\techbox\.gemini\antigravity\scratch\ManagementCopy\Management.Presentation\ViewModels\Shop\CheckoutViewModel.cs(14,21): error CS1525: Terme d'expression ';' non valide [c:\Users\techbox\.gemini\antigravity\scratch\ManagementCopy\Management.Presentation\Management.Presentation_cydamnyk_wpftmp.csproj]
c:\Users\techbox\.gemini\antigravity\scratch\ManagementCopy\Management.Presentation\ViewModels\Shop\QuickSaleViewModel.cs(62,21): error CS1525: Terme d'expression ';' non valide [c:\Users\techbox\.gemini\antigravity\scratch\ManagementCopy\Management.Presentation\Management.Presentation_cydamnyk_wpftmp.csproj]
c:\Users\techbox\.gemini\antigravity\scratch\ManagementCopy\Management.Presentation\ViewModels\Shop\ShopViewModel.cs(103,21): error CS1525: Terme d'expression ';' non valide [c:\Users\techbox\.gemini\antigravity\scratch\ManagementCopy\Management.Presentation\Management.Presentation_cydamnyk_wpftmp.csproj]
    156 Avertissement(s)
    73 Erreur(s)

Temps ├®coul├® 00:02:05.89
